/labmount/users/202535331/miniconda3/envs/pymarl/lib/python3.9/site-packages/sacred/dependencies.py:11: UserWarning: pkg_resources is deprecated as an API. See https://setuptools.pypa.io/en/latest/pkg_resources.html. The pkg_resources package is slated for removal as early as 2025-11-30. Refrain from using this package or pin to Setuptools<81.
  import pkg_resources
[DEBUG 10:48:01] git.cmd Popen(['git', 'version'], cwd=/labmount/users/202535331/MARL/pymarl-monotone-qmix, stdin=None, shell=False, universal_newlines=False)
[DEBUG 10:48:01] git.cmd Popen(['git', 'version'], cwd=/labmount/users/202535331/MARL/pymarl-monotone-qmix, stdin=None, shell=False, universal_newlines=False)
[DEBUG 10:48:01] git.util sys.platform='linux', git_executable='git'
[DEBUG 10:48:01] git.cmd Popen(['git', 'diff', '--cached', '--abbrev=40', '--full-index', '--raw'], cwd=/labmount/users/202535331/MARL/pymarl-monotone-qmix, stdin=None, shell=False, universal_newlines=False)
[DEBUG 10:48:01] git.cmd Popen(['git', 'diff', '--abbrev=40', '--full-index', '--raw'], cwd=/labmount/users/202535331/MARL/pymarl-monotone-qmix, stdin=None, shell=False, universal_newlines=False)
[DEBUG 10:48:01] git.cmd Popen(['git', 'cat-file', '--batch-check'], cwd=/labmount/users/202535331/MARL/pymarl-monotone-qmix, stdin=<valid stream>, shell=False, universal_newlines=False)
[DEBUG 10:48:01] git.util sys.platform='linux', git_executable='git'
[DEBUG 10:48:01] git.cmd Popen(['git', 'diff', '--cached', '--abbrev=40', '--full-index', '--raw'], cwd=/labmount/users/202535331/MARL/pymarl-monotone-qmix, stdin=None, shell=False, universal_newlines=False)
[DEBUG 10:48:01] git.cmd Popen(['git', 'diff', '--abbrev=40', '--full-index', '--raw'], cwd=/labmount/users/202535331/MARL/pymarl-monotone-qmix, stdin=None, shell=False, universal_newlines=False)
[DEBUG 10:48:01] git.cmd Popen(['git', 'cat-file', '--batch-check'], cwd=/labmount/users/202535331/MARL/pymarl-monotone-qmix, stdin=<valid stream>, shell=False, universal_newlines=False)
[DEBUG 10:48:01] git.util sys.platform='linux', git_executable='git'
[DEBUG 10:48:01] git.cmd Popen(['git', 'diff', '--cached', '--abbrev=40', '--full-index', '--raw'], cwd=/labmount/users/202535331/MARL/pymarl-monotone-qmix, stdin=None, shell=False, universal_newlines=False)
[DEBUG 10:48:01] git.cmd Popen(['git', 'diff', '--abbrev=40', '--full-index', '--raw'], cwd=/labmount/users/202535331/MARL/pymarl-monotone-qmix, stdin=None, shell=False, universal_newlines=False)
[DEBUG 10:48:01] git.cmd Popen(['git', 'cat-file', '--batch-check'], cwd=/labmount/users/202535331/MARL/pymarl-monotone-qmix, stdin=<valid stream>, shell=False, universal_newlines=False)
[INFO 10:48:01] root Saving to FileStorageObserver in /labmount/users/202535331/MARL/pymarl-monotone-qmix/results/sacred/cw_qmix.
[DEBUG 10:48:01] pymarl Using capture mode "fd"
[INFO 10:48:01] pymarl Running command 'my_main'
[INFO 10:48:01] pymarl Started run with ID "1"
[DEBUG 10:48:01] pymarl Starting Heartbeat
[DEBUG 10:48:01] my_main Started
[INFO 10:48:01] my_main Experiment Parameters:
[INFO 10:48:01] my_main 

{   'action_selector': 'epsilon_greedy',
    'agent': 'rnn',
    'agent_output_type': 'q',
    'batch_size': 32,
    'batch_size_run': 1,
    'buffer_cpu_only': True,
    'buffer_size': 5000,
    'central_action_embed': 1,
    'central_agent': 'central_rnn',
    'central_loss': 1,
    'central_mac': 'basic_central_mac',
    'central_mixing_embed_dim': 256,
    'central_rnn_hidden_dim': 64,
    'checkpoint_path': '',
    'critic_lr': 0.0005,
    'double_q': True,
    'env': 'sc2',
    'env_args': {   'continuing_episode': False,
                    'debug': False,
                    'difficulty': '7',
                    'game_version': None,
                    'heuristic_ai': False,
                    'heuristic_rest': False,
                    'map_name': '3s_vs_5z',
                    'move_amount': 2,
                    'obs_all_health': True,
                    'obs_instead_of_state': False,
                    'obs_last_action': False,
                    'obs_own_health': True,
                    'obs_pathing_grid': False,
                    'obs_terrain_height': False,
                    'obs_timestep_number': False,
                    'replay_dir': '',
                    'replay_prefix': '',
                    'reward_death_value': 10,
                    'reward_defeat': 0,
                    'reward_negative_scale': 0.5,
                    'reward_only_positive': True,
                    'reward_scale': True,
                    'reward_scale_rate': 20,
                    'reward_sparse': False,
                    'reward_win': 200,
                    'seed': 141,
                    'state_last_action': True,
                    'state_timestep_number': False,
                    'step_mul': 8},
    'epsilon_anneal_time': 50000,
    'epsilon_finish': 0.05,
    'epsilon_start': 1.0,
    'evaluate': False,
    'gamma': 0.99,
    'grad_norm_clip': 10,
    'hypernet_embed': 64,
    'hypernet_layers': 2,
    'hysteretic_qmix': False,
    'label': 'default_label',
    'learner': 'wqmix_learner',
    'learner_log_interval': 10000,
    'load_step': 0,
    'local_results_path': 'results',
    'log_interval': 10000,
    'lr': 0.0005,
    'mac': 'basic_mac',
    'mixer': 'qmix',
    'mixing_embed_dim': 32,
    'name': 'cw_qmix_3s_vs_5z_seed141',
    'obs_agent_id': True,
    'obs_last_action': True,
    'optim_alpha': 0.99,
    'optim_eps': 1e-05,
    'qmix_loss': 1,
    'repeat_id': 1,
    'rnn_hidden_dim': 64,
    'runner': 'episode',
    'runner_log_interval': 10000,
    'save_model': True,
    'save_model_interval': 2000000,
    'save_replay': False,
    'seed': 141,
    't_max': 2050000,
    'target_update_interval': 200,
    'test_greedy': True,
    'test_interval': 10000,
    'test_nepisode': 32,
    'use_cuda': True,
    'use_tensorboard': True,
    'w': 0.1}

[INFO 10:48:04] my_main Beginning training for 2050000 timesteps
[INFO 10:48:04] absl Launching SC2: /labmount/users/202535331/MARL/pymarl-monotone-qmix/3rdparty/StarCraftII/Versions/Base75689/SC2_x64 -listen 127.0.0.1 -port 37687 -dataDir /labmount/users/202535331/MARL/pymarl-monotone-qmix/3rdparty/StarCraftII/ -tempDir /tmp/sc-eoi87eqt/
[INFO 10:48:04] absl Connecting to: ws://127.0.0.1:37687/sc2api, attempt: 0, running: True
Version: B75689 (SC2.4.10)
Build: Aug 12 2019 17:16:57
Command Line: '"/labmount/users/202535331/MARL/pymarl-monotone-qmix/3rdparty/StarCraftII/Versions/Base75689/SC2_x64" -listen 127.0.0.1 -port 37687 -dataDir /labmount/users/202535331/MARL/pymarl-monotone-qmix/3rdparty/StarCraftII/ -tempDir /tmp/sc-eoi87eqt/'
Starting up...
Startup Phase 1 complete
[INFO 10:48:05] absl Connecting to: ws://127.0.0.1:37687/sc2api, attempt: 1, running: True
Startup Phase 2 complete
Creating stub renderer...
Listening on: 127.0.0.1:37687
Startup Phase 3 complete. Ready for commands.
[INFO 10:48:06] absl Connecting to: ws://127.0.0.1:37687/sc2api, attempt: 2, running: True
ConnectHandler: Request from 127.0.0.1:33268 accepted
ReadyHandler: 127.0.0.1:33268 ready
Requesting to join a single player game
Configuring interface options
Configure: raw interface enabled
Configure: feature layer interface disabled
Configure: score interface disabled
Configure: render interface disabled
Launching next game.
Next launch phase started: 2
Next launch phase started: 3
Next launch phase started: 4
Next launch phase started: 5
Next launch phase started: 6
Next launch phase started: 7
Next launch phase started: 8
Game has started.
Using default stable ids, none found at: /labmount/users/202535331/MARL/pymarl-monotone-qmix/3rdparty/StarCraftII/stableid.json
Successfully loaded stable ids: GameData\stableid.json
Sending ResponseJoinGame
[INFO 10:48:11] my_main t_env: 34 / 2050000
[INFO 10:48:11] my_main Estimated time left: 21 minutes, 37 seconds. Time passed: 6 seconds
[INFO 10:48:14] my_main Saving models to results/models/cw_qmix_3s_vs_5z_seed141__2026-09-16_10-48-01/34
[INFO 10:49:35] my_main t_env: 10157 / 2050000
[INFO 10:49:35] my_main Estimated time left: 4 hours, 43 minutes, 30 seconds. Time passed: 1 minutes, 30 seconds
[INFO 10:49:51] my_main Recent Stats | t_env:      10157 | Episode:      204
battle_won_mean:           0.0000	central_loss:              0.0226	dead_allies_mean:          2.9926	dead_enemies_mean:         0.0000
ep_length_mean:           41.9335	epsilon:                   0.8101	grad_norm:                 1.2494	loss:                      0.0877
qmix_loss:                 0.0651	return_mean:               3.1063	return_std:                0.3451	test_battle_won_mean:      0.0000
test_dead_allies_mean:     2.6250	test_dead_enemies_mean:    0.0781	test_ep_length_mean:      90.7344	test_return_mean:          2.8170
test_return_std:           0.6904	w_to_use:                  0.7093	
[INFO 10:51:08] my_main t_env: 20197 / 2050000
[INFO 10:51:08] my_main Estimated time left: 5 hours, 11 minutes, 31 seconds. Time passed: 3 minutes, 3 seconds
[INFO 10:51:31] my_main Recent Stats | t_env:      20197 | Episode:      342
battle_won_mean:           0.0000	central_loss:              0.0184	dead_allies_mean:          2.9443	dead_enemies_mean:         0.0000
ep_length_mean:           52.2069	epsilon:                   0.6210	grad_norm:                 0.7977	loss:                      0.0544
qmix_loss:                 0.0360	return_mean:               3.2819	return_std:                0.4676	test_battle_won_mean:      0.0000
test_dead_allies_mean:     2.4688	test_dead_enemies_mean:    0.0521	test_ep_length_mean:     127.9375	test_return_mean:          3.2221
test_return_std:           0.7032	w_to_use:                  0.7118	
[INFO 10:53:22] my_main t_env: 30217 / 2050000
[INFO 10:53:22] my_main Estimated time left: 7 hours, 31 minutes, 43 seconds. Time passed: 5 minutes, 17 seconds
[INFO 10:53:26] my_main Recent Stats | t_env:      30217 | Episode:      562
battle_won_mean:           0.0000	central_loss:              0.0143	dead_allies_mean:          2.9435	dead_enemies_mean:         0.0011
ep_length_mean:           50.5415	epsilon:                   0.4264	grad_norm:                 0.5609	loss:                      0.0399
qmix_loss:                 0.0255	return_mean:               3.4167	return_std:                0.4650	test_battle_won_mean:      0.0000
test_dead_allies_mean:     2.6016	test_dead_enemies_mean:    0.0391	test_ep_length_mean:     102.4922	test_return_mean:          3.4131
test_return_std:           0.5735	w_to_use:                  0.7128	
[INFO 10:55:44] my_main t_env: 40233 / 2050000
[INFO 10:55:44] my_main Estimated time left: 7 hours, 55 minutes, 38 seconds. Time passed: 7 minutes, 39 seconds
[INFO 10:55:48] my_main Recent Stats | t_env:      40233 | Episode:      885
battle_won_mean:           0.0000	central_loss:              0.0138	dead_allies_mean:          2.9536	dead_enemies_mean:         0.0021
ep_length_mean:           46.6351	epsilon:                   0.2361	grad_norm:                 0.4463	loss:                      0.0348
qmix_loss:                 0.0210	return_mean:               3.5090	return_std:                0.4380	test_battle_won_mean:      0.0000
test_dead_allies_mean:     2.6812	test_dead_enemies_mean:    0.0312	test_ep_length_mean:      87.2062	test_return_mean:          3.5160
test_return_std:           0.4976	w_to_use:                  0.7266	
[INFO 10:58:04] my_main t_env: 50257 / 2050000
[INFO 10:58:04] my_main Estimated time left: 7 hours, 45 minutes, 12 seconds. Time passed: 9 minutes, 59 seconds
[INFO 10:58:08] my_main Recent Stats | t_env:      50257 | Episode:     1249
battle_won_mean:           0.0000	central_loss:              0.0130	dead_allies_mean:          2.9536	dead_enemies_mean:         0.0032
ep_length_mean:           45.3428	epsilon:                   0.0500	grad_norm:                 0.3848	loss:                      0.0310
qmix_loss:                 0.0180	return_mean:               3.7038	return_std:                0.4991	test_battle_won_mean:      0.0000
test_dead_allies_mean:     2.6812	test_dead_enemies_mean:    0.0312	test_ep_length_mean:      86.8250	test_return_mean:          3.9074
test_return_std:           0.4861	w_to_use:                  0.7396	
RequestQuit command received.
Closing Application...
DataHandler: unable to parse websocket frame.
CloseHandler: 127.0.0.1:33268 disconnected
[INFO 10:58:08] absl Shutdown gracefully.
[INFO 10:58:08] absl Shutdown with return code: -15
[INFO 10:58:08] absl Launching SC2: /labmount/users/202535331/MARL/pymarl-monotone-qmix/3rdparty/StarCraftII/Versions/Base75689/SC2_x64 -listen 127.0.0.1 -port 46117 -dataDir /labmount/users/202535331/MARL/pymarl-monotone-qmix/3rdparty/StarCraftII/ -tempDir /tmp/sc-2aem2h_l/
[INFO 10:58:08] absl Connecting to: ws://127.0.0.1:46117/sc2api, attempt: 0, running: True
Version: B75689 (SC2.4.10)
Build: Aug 12 2019 17:16:57
Command Line: '"/labmount/users/202535331/MARL/pymarl-monotone-qmix/3rdparty/StarCraftII/Versions/Base75689/SC2_x64" -listen 127.0.0.1 -port 46117 -dataDir /labmount/users/202535331/MARL/pymarl-monotone-qmix/3rdparty/StarCraftII/ -tempDir /tmp/sc-2aem2h_l/'
Starting up...
Startup Phase 1 complete
[INFO 10:58:09] absl Connecting to: ws://127.0.0.1:46117/sc2api, attempt: 1, running: True
Startup Phase 2 complete
Creating stub renderer...
Listening on: 127.0.0.1:46117
Startup Phase 3 complete. Ready for commands.
[INFO 10:58:10] absl Connecting to: ws://127.0.0.1:46117/sc2api, attempt: 2, running: True
ConnectHandler: Request from 127.0.0.1:55758 accepted
ReadyHandler: 127.0.0.1:55758 ready
Requesting to join a single player game
Configuring interface options
Configure: raw interface enabled
Configure: feature layer interface disabled
Configure: score interface disabled
Configure: render interface disabled
Launching next game.
Next launch phase started: 2
Next launch phase started: 3
Next launch phase started: 4
Next launch phase started: 5
Next launch phase started: 6
Next launch phase started: 7
Next launch phase started: 8
Game has started.
Using default stable ids, none found at: /labmount/users/202535331/MARL/pymarl-monotone-qmix/3rdparty/StarCraftII/stableid.json
Successfully loaded stable ids: GameData\stableid.json
Sending ResponseJoinGame
[INFO 11:00:18] my_main t_env: 60283 / 2050000
[INFO 11:00:18] my_main Estimated time left: 7 hours, 22 minutes, 25 seconds. Time passed: 12 minutes, 13 seconds
[INFO 11:00:22] my_main Recent Stats | t_env:      60283 | Episode:     1619
battle_won_mean:           0.0000	central_loss:              0.0099	dead_allies_mean:          2.9549	dead_enemies_mean:         0.0270
ep_length_mean:           40.7888	epsilon:                   0.0500	grad_norm:                 0.1514	loss:                      0.0159
qmix_loss:                 0.0060	return_mean:               3.8048	return_std:                0.4223	test_battle_won_mean:      0.0000
test_dead_allies_mean:     2.8312	test_dead_enemies_mean:    0.0000	test_ep_length_mean:      62.0250	test_return_mean:          3.9464
test_return_std:           0.3299	w_to_use:                  0.7469	
[INFO 11:02:20] my_main t_env: 70307 / 2050000
[INFO 11:02:20] my_main Estimated time left: 6 hours, 41 minutes, 31 seconds. Time passed: 14 minutes, 15 seconds
[INFO 11:02:23] my_main Recent Stats | t_env:      70307 | Episode:     1985
battle_won_mean:           0.0000	central_loss:              0.0084	dead_allies_mean:          2.9853	dead_enemies_mean:         0.0489
ep_length_mean:           31.7157	epsilon:                   0.0500	grad_norm:                 0.1036	loss:                      0.0139
qmix_loss:                 0.0055	return_mean:               3.8402	return_std:                0.3317	test_battle_won_mean:      0.0000
test_dead_allies_mean:     3.0000	test_dead_enemies_mean:    0.0187	test_ep_length_mean:      26.7375	test_return_mean:          3.8947
test_return_std:           0.2299	w_to_use:                  0.7469	
[INFO 11:04:22] my_main t_env: 80323 / 2050000
[INFO 11:04:22] my_main Estimated time left: 6 hours, 39 minutes, 0 seconds. Time passed: 16 minutes, 17 seconds
[INFO 11:04:25] my_main Recent Stats | t_env:      80323 | Episode:     2357
battle_won_mean:           0.0000	central_loss:              0.0089	dead_allies_mean:          2.9971	dead_enemies_mean:         0.0571
ep_length_mean:           27.9916	epsilon:                   0.0500	grad_norm:                 0.1640	loss:                      0.0148
qmix_loss:                 0.0059	return_mean:               3.8486	return_std:                0.2928	test_battle_won_mean:      0.0000
test_dead_allies_mean:     3.0000	test_dead_enemies_mean:    0.0187	test_ep_length_mean:      26.7875	test_return_mean:          3.8802
test_return_std:           0.2402	w_to_use:                  0.7598	
[INFO 11:06:16] my_main t_env: 90337 / 2050000
[INFO 11:06:16] my_main Estimated time left: 6 hours, 14 minutes, 41 seconds. Time passed: 18 minutes, 12 seconds
[INFO 11:06:20] my_main Recent Stats | t_env:      90337 | Episode:     2732
battle_won_mean:           0.0000	central_loss:              0.0082	dead_allies_mean:          2.9984	dead_enemies_mean:         0.0617
ep_length_mean:           27.1305	epsilon:                   0.0500	grad_norm:                 0.1784	loss:                      0.0137
qmix_loss:                 0.0055	return_mean:               3.8303	return_std:                0.2807	test_battle_won_mean:      0.0000
test_dead_allies_mean:     3.0000	test_dead_enemies_mean:    0.0187	test_ep_length_mean:      26.8625	test_return_mean:          3.8694
test_return_std:           0.2481	w_to_use:                  0.7546	
[INFO 11:08:07] my_main t_env: 100337 / 2050000
[INFO 11:08:07] my_main Estimated time left: 5 hours, 58 minutes, 2 seconds. Time passed: 20 minutes, 2 seconds
[INFO 11:08:10] my_main Recent Stats | t_env:     100337 | Episode:     3101
battle_won_mean:           0.0000	central_loss:              0.0074	dead_allies_mean:          2.9984	dead_enemies_mean:         0.0634
ep_length_mean:           27.0429	epsilon:                   0.0500	grad_norm:                 0.1945	loss:                      0.0124
qmix_loss:                 0.0050	return_mean:               3.8407	return_std:                0.2743	test_battle_won_mean:      0.0000
test_dead_allies_mean:     3.0000	test_dead_enemies_mean:    0.0187	test_ep_length_mean:      26.3375	test_return_mean:          3.8443
test_return_std:           0.2339	w_to_use:                  0.7451	
[INFO 11:09:52] my_main t_env: 110346 / 2050000
[INFO 11:09:52] my_main Estimated time left: 5 hours, 40 minutes, 28 seconds. Time passed: 21 minutes, 47 seconds
RequestQuit command received.
Closing Application...
DataHandler: unable to parse websocket frame.
CloseHandler: 127.0.0.1:55758 disconnected
[INFO 11:09:55] absl Shutdown gracefully.
[INFO 11:09:55] absl Shutdown with return code: -15
[INFO 11:09:55] absl Launching SC2: /labmount/users/202535331/MARL/pymarl-monotone-qmix/3rdparty/StarCraftII/Versions/Base75689/SC2_x64 -listen 127.0.0.1 -port 38613 -dataDir /labmount/users/202535331/MARL/pymarl-monotone-qmix/3rdparty/StarCraftII/ -tempDir /tmp/sc-byr1m0qu/
[INFO 11:09:55] absl Connecting to: ws://127.0.0.1:38613/sc2api, attempt: 0, running: True
Version: B75689 (SC2.4.10)
Build: Aug 12 2019 17:16:57
Command Line: '"/labmount/users/202535331/MARL/pymarl-monotone-qmix/3rdparty/StarCraftII/Versions/Base75689/SC2_x64" -listen 127.0.0.1 -port 38613 -dataDir /labmount/users/202535331/MARL/pymarl-monotone-qmix/3rdparty/StarCraftII/ -tempDir /tmp/sc-byr1m0qu/'
Starting up...
Startup Phase 1 complete
[INFO 11:09:56] absl Connecting to: ws://127.0.0.1:38613/sc2api, attempt: 1, running: True
Startup Phase 2 complete
Creating stub renderer...
Listening on: 127.0.0.1:38613
Startup Phase 3 complete. Ready for commands.
[INFO 11:09:57] absl Connecting to: ws://127.0.0.1:38613/sc2api, attempt: 2, running: True
ConnectHandler: Request from 127.0.0.1:41936 accepted
ReadyHandler: 127.0.0.1:41936 ready
Requesting to join a single player game
Configuring interface options
Configure: raw interface enabled
Configure: feature layer interface disabled
Configure: score interface disabled
Configure: render interface disabled
Launching next game.
Next launch phase started: 2
Next launch phase started: 3
Next launch phase started: 4
Next launch phase started: 5
Next launch phase started: 6
Next launch phase started: 7
Next launch phase started: 8
Game has started.
Using default stable ids, none found at: /labmount/users/202535331/MARL/pymarl-monotone-qmix/3rdparty/StarCraftII/stableid.json
Successfully loaded stable ids: GameData\stableid.json
Sending ResponseJoinGame
[INFO 11:10:01] my_main Recent Stats | t_env:     110346 | Episode:     3475
battle_won_mean:           0.0000	central_loss:              0.0069	dead_allies_mean:          3.0000	dead_enemies_mean:         0.0444
ep_length_mean:           26.9758	epsilon:                   0.0500	grad_norm:                 0.2241	loss:                      0.0116
qmix_loss:                 0.0047	return_mean:               3.8387	return_std:                0.2659	test_battle_won_mean:      0.0000
test_dead_allies_mean:     2.9813	test_dead_enemies_mean:    0.0187	test_ep_length_mean:      26.2188	test_return_mean:          3.8391
test_return_std:           0.2238	w_to_use:                  0.7183	
