/labmount/users/202535331/miniconda3/envs/pymarl/lib/python3.9/site-packages/sacred/dependencies.py:11: UserWarning: pkg_resources is deprecated as an API. See https://setuptools.pypa.io/en/latest/pkg_resources.html. The pkg_resources package is slated for removal as early as 2025-11-30. Refrain from using this package or pin to Setuptools<81.
  import pkg_resources
[DEBUG 13:39:53] git.cmd Popen(['git', 'version'], cwd=/labmount/users/202535331/MARL/pymarl-monotone-qmix, stdin=None, shell=False, universal_newlines=False)
[DEBUG 13:39:53] git.cmd Popen(['git', 'version'], cwd=/labmount/users/202535331/MARL/pymarl-monotone-qmix, stdin=None, shell=False, universal_newlines=False)
[DEBUG 13:39:53] git.util sys.platform='linux', git_executable='git'
[DEBUG 13:39:53] git.cmd Popen(['git', 'diff', '--cached', '--abbrev=40', '--full-index', '--raw'], cwd=/labmount/users/202535331/MARL/pymarl-monotone-qmix, stdin=None, shell=False, universal_newlines=False)
[DEBUG 13:39:53] git.cmd Popen(['git', 'diff', '--abbrev=40', '--full-index', '--raw'], cwd=/labmount/users/202535331/MARL/pymarl-monotone-qmix, stdin=None, shell=False, universal_newlines=False)
[DEBUG 13:39:53] git.cmd Popen(['git', 'cat-file', '--batch-check'], cwd=/labmount/users/202535331/MARL/pymarl-monotone-qmix, stdin=<valid stream>, shell=False, universal_newlines=False)
[DEBUG 13:39:53] git.util sys.platform='linux', git_executable='git'
[DEBUG 13:39:53] git.cmd Popen(['git', 'diff', '--cached', '--abbrev=40', '--full-index', '--raw'], cwd=/labmount/users/202535331/MARL/pymarl-monotone-qmix, stdin=None, shell=False, universal_newlines=False)
[DEBUG 13:39:53] git.cmd Popen(['git', 'diff', '--abbrev=40', '--full-index', '--raw'], cwd=/labmount/users/202535331/MARL/pymarl-monotone-qmix, stdin=None, shell=False, universal_newlines=False)
[DEBUG 13:39:53] git.cmd Popen(['git', 'cat-file', '--batch-check'], cwd=/labmount/users/202535331/MARL/pymarl-monotone-qmix, stdin=<valid stream>, shell=False, universal_newlines=False)
[DEBUG 13:39:53] git.util sys.platform='linux', git_executable='git'
[DEBUG 13:39:53] git.cmd Popen(['git', 'diff', '--cached', '--abbrev=40', '--full-index', '--raw'], cwd=/labmount/users/202535331/MARL/pymarl-monotone-qmix, stdin=None, shell=False, universal_newlines=False)
[DEBUG 13:39:53] git.cmd Popen(['git', 'diff', '--abbrev=40', '--full-index', '--raw'], cwd=/labmount/users/202535331/MARL/pymarl-monotone-qmix, stdin=None, shell=False, universal_newlines=False)
[DEBUG 13:39:53] git.cmd Popen(['git', 'cat-file', '--batch-check'], cwd=/labmount/users/202535331/MARL/pymarl-monotone-qmix, stdin=<valid stream>, shell=False, universal_newlines=False)
[INFO 13:39:53] root Saving to FileStorageObserver in /labmount/users/202535331/MARL/pymarl-monotone-qmix/results/sacred/s2q_pmix_kan.
[DEBUG 13:39:54] pymarl Using capture mode "fd"
[INFO 13:39:54] pymarl Running command 'my_main'
[INFO 13:39:54] pymarl Started run with ID "7"
[DEBUG 13:39:54] pymarl Starting Heartbeat
[DEBUG 13:39:54] my_main Started
[INFO 13:39:54] my_main Experiment Parameters:
[INFO 13:39:54] my_main 

{   'action_selector': 's2q_epsilon_greedy',
    'agent': 's2q_rnn',
    'agent_output_type': 'q',
    'batch_size': 32,
    'batch_size_run': 1,
    'buffer_cpu_only': True,
    'buffer_size': 5000,
    'central_action_embed': 1,
    'central_mixing_embed_dim': 256,
    'checkpoint_path': '',
    'common_reward': True,
    'critic_lr': 0.0005,
    'double_q': True,
    'env': 'sc2',
    'env_args': {   'continuing_episode': False,
                    'debug': False,
                    'difficulty': '7',
                    'game_version': None,
                    'heuristic_ai': False,
                    'heuristic_rest': False,
                    'map_name': 'MMM2',
                    'move_amount': 2,
                    'obs_all_health': True,
                    'obs_instead_of_state': False,
                    'obs_last_action': False,
                    'obs_own_health': True,
                    'obs_pathing_grid': False,
                    'obs_terrain_height': False,
                    'obs_timestep_number': False,
                    'replay_dir': '',
                    'replay_prefix': '',
                    'reward_death_value': 10,
                    'reward_defeat': 0,
                    'reward_negative_scale': 0.5,
                    'reward_only_positive': True,
                    'reward_scale': True,
                    'reward_scale_rate': 20,
                    'reward_sparse': False,
                    'reward_win': 200,
                    'seed': 41,
                    'state_last_action': True,
                    'state_timestep_number': False,
                    'step_mul': 8},
    'epsilon_anneal_time': 50000,
    'epsilon_finish': 0.05,
    'epsilon_start': 1.0,
    'evaluate': False,
    'evaluation_epsilon': 0.0,
    'gamma': 0.99,
    'grad_norm_clip': 10,
    'label': 'default_label',
    'learner': 's2q_learner',
    'learner_log_interval': 10000,
    'load_step': 0,
    'local_results_path': 'results',
    'log_interval': 10000,
    'lr': 0.0005,
    'mac': 's2q_mac',
    'mixer': 's2q_pmix_kan',
    'monokan_grid': 7,
    'monokan_grid_by_map': {   '1c3s5z': 7,
                               '27m_vs_30m': 7,
                               '2c_vs_64zg': 7,
                               '2s3z': 7,
                               '3s5z': 7,
                               '3s_vs_5z': 7,
                               '5m_vs_6m': 7,
                               'MMM2': 7,
                               'bane_vs_bane': 7},
    'monokan_grid_max': 1.0,
    'monokan_grid_min': -1.0,
    'monokan_hidden_dim': 32,
    'monokan_hidden_dim_by_map': {   '27m_vs_30m': 64,
                                     '2c_vs_64zg': 64,
                                     'bane_vs_bane': 64},
    'monokan_min_increment': 0.0001,
    'monokan_noise_scale': 0.02,
    'monokan_q_temperature': 1.0,
    'monokan_state_activation': 'silu',
    'monokan_state_embed_dim': 32,
    'monokan_state_embed_dim_by_map': {   '1c3s5z': 32,
                                          '27m_vs_30m': 64,
                                          '2c_vs_64zg': 64,
                                          '2s3z': 32,
                                          '3s5z': 32,
                                          '3s_vs_5z': 32,
                                          '5m_vs_6m': 32,
                                          'MMM2': 32,
                                          'bane_vs_bane': 64},
    'monokan_state_encoder_depth': 1,
    'monokan_state_value_activation': 'relu',
    'monokan_state_value_dim': 32,
    'name': 's2q_pmix_kan_MMM2_seed41',
    'obs_agent_id': True,
    'obs_last_action': True,
    'optim_alpha': 0.99,
    'optim_eps': 1e-05,
    'optimizer': 'rmsprop',
    'repeat_id': 1,
    'rnn_hidden_dim': 64,
    'runner': 'episode',
    'runner_log_interval': 10000,
    's2q_alpha': 1.0,
    's2q_central_hidden_dim': 64,
    's2q_central_use_agent_id': True,
    's2q_encoder_hidden_dim': 64,
    's2q_hidden_dim': 64,
    's2q_k': 2,
    's2q_latent_dim': 32,
    's2q_temperature': 0.1,
    'save_model': True,
    'save_model_interval': 2000000,
    'save_replay': False,
    'seed': 41,
    't_max': 2050000,
    'target_update_interval': 200,
    'test_greedy': True,
    'test_interval': 10000,
    'test_nepisode': 32,
    'use_cuda': True,
    'use_tensorboard': True,
    'w_c': 0.9}

[INFO 13:39:58] my_main Beginning training for 2050000 timesteps
[INFO 13:39:58] absl Launching SC2: /labmount/users/202535331/MARL/pymarl-monotone-qmix/3rdparty/StarCraftII/Versions/Base75689/SC2_x64 -listen 127.0.0.1 -port 32799 -dataDir /labmount/users/202535331/MARL/pymarl-monotone-qmix/3rdparty/StarCraftII/ -tempDir /tmp/sc-6je8_71b/
[INFO 13:39:58] absl Connecting to: ws://127.0.0.1:32799/sc2api, attempt: 0, running: True
Version: B75689 (SC2.4.10)
Build: Aug 12 2019 17:16:57
Command Line: '"/labmount/users/202535331/MARL/pymarl-monotone-qmix/3rdparty/StarCraftII/Versions/Base75689/SC2_x64" -listen 127.0.0.1 -port 32799 -dataDir /labmount/users/202535331/MARL/pymarl-monotone-qmix/3rdparty/StarCraftII/ -tempDir /tmp/sc-6je8_71b/'
Starting up...
Startup Phase 1 complete
[INFO 13:39:59] absl Connecting to: ws://127.0.0.1:32799/sc2api, attempt: 1, running: True
Startup Phase 2 complete
Creating stub renderer...
Listening on: 127.0.0.1:32799
Startup Phase 3 complete. Ready for commands.
[INFO 13:40:00] absl Connecting to: ws://127.0.0.1:32799/sc2api, attempt: 2, running: True
ConnectHandler: Request from 127.0.0.1:54378 accepted
ReadyHandler: 127.0.0.1:54378 ready
Requesting to join a single player game
Configuring interface options
Configure: raw interface enabled
Configure: feature layer interface disabled
Configure: score interface disabled
Configure: render interface disabled
Launching next game.
Next launch phase started: 2
Next launch phase started: 3
Next launch phase started: 4
Next launch phase started: 5
Next launch phase started: 6
Next launch phase started: 7
Next launch phase started: 8
Game has started.
Using default stable ids, none found at: /labmount/users/202535331/MARL/pymarl-monotone-qmix/3rdparty/StarCraftII/stableid.json
Successfully loaded stable ids: GameData\stableid.json
Sending ResponseJoinGame
[INFO 13:40:05] my_main t_env: 38 / 2050000
[INFO 13:40:05] my_main Estimated time left: 23 minutes, 27 seconds. Time passed: 6 seconds
[INFO 13:40:27] my_main Saving models to results/models/s2q_pmix_kan_MMM2_seed41__2026-10-02_13-39-54/38
[INFO 13:43:06] my_main Recent Stats | t_env:      10019 | Episode:      257
battle_won_mean:           0.0000	dead_allies_mean:         10.0000	dead_enemies_mean:         0.0000	ep_length_mean:           38.0000
epsilon:                   1.0000	grad_norm:                 4.3200	loss:                      0.4593	loss_central:              0.0068
loss_latent:               0.3566	loss_td:                   0.0958	q_taken_mean:             -0.2369	return_mean:               0.9569
return_std:                0.0000	target_mean:               0.0100	td_error_abs:              0.2495	test_battle_won_mean:      0.0000
test_dead_allies_mean:     9.3438	test_dead_enemies_mean:    0.0312	test_ep_length_mean:      93.7812	test_return_mean:          0.4131
test_return_std:           0.6358	
[INFO 13:43:07] my_main t_env: 10050 / 2050000
[INFO 13:43:07] my_main Estimated time left: 10 hours, 16 minutes, 31 seconds. Time passed: 3 minutes, 8 seconds
[INFO 13:46:25] my_main Recent Stats | t_env:      20021 | Episode:      546
battle_won_mean:           0.0000	dead_allies_mean:          9.9630	dead_enemies_mean:         0.0019	ep_length_mean:           38.4786
epsilon:                   0.8096	grad_norm:                 2.4813	loss:                      0.2811	loss_central:              0.0047
loss_latent:               0.2234	loss_td:                   0.0529	q_taken_mean:             -0.0742	return_mean:               1.4326
return_std:                0.1946	target_mean:               0.0418	td_error_abs:              0.1458	test_battle_won_mean:      0.0000
test_dead_allies_mean:     9.5469	test_dead_enemies_mean:    0.3125	test_ep_length_mean:      80.8438	test_return_mean:          1.8961
test_return_std:           0.5994	
[INFO 13:46:26] my_main t_env: 20059 / 2050000
[INFO 13:46:26] my_main Estimated time left: 11 hours, 12 minutes, 15 seconds. Time passed: 6 minutes, 27 seconds
[INFO 13:49:57] my_main Recent Stats | t_env:      30028 | Episode:      898
battle_won_mean:           0.0000	dead_allies_mean:          9.9235	dead_enemies_mean:         0.0140	ep_length_mean:           37.1968
epsilon:                   0.6196	grad_norm:                 1.9951	loss:                      0.2321	loss_central:              0.0049
loss_latent:               0.1861	loss_td:                   0.0411	q_taken_mean:              0.0376	return_mean:               1.7251
return_std:                0.3009	target_mean:               0.1084	td_error_abs:              0.1149	test_battle_won_mean:      0.0000
test_dead_allies_mean:     9.6250	test_dead_enemies_mean:    0.2500	test_ep_length_mean:      67.2917	test_return_mean:          2.2449
test_return_std:           0.6156	
[INFO 13:49:58] my_main t_env: 30079 / 2050000
[INFO 13:49:58] my_main Estimated time left: 11 hours, 52 minutes, 45 seconds. Time passed: 9 minutes, 59 seconds
[INFO 13:53:26] my_main Recent Stats | t_env:      40040 | Episode:     1271
battle_won_mean:           0.0000	dead_allies_mean:          9.7910	dead_enemies_mean:         0.0884	ep_length_mean:           34.9939
epsilon:                   0.4289	grad_norm:                 2.1954	loss:                      0.2898	loss_central:              0.0056
loss_latent:               0.2453	loss_td:                   0.0388	q_taken_mean:              0.1629	return_mean:               1.9782
return_std:                0.3908	target_mean:               0.2257	td_error_abs:              0.1047	test_battle_won_mean:      0.0000
test_dead_allies_mean:     9.4688	test_dead_enemies_mean:    0.6016	test_ep_length_mean:      57.0547	test_return_mean:          2.7423
test_return_std:           0.6273	
[INFO 13:53:27] my_main t_env: 40087 / 2050000
[INFO 13:53:27] my_main Estimated time left: 11 hours, 40 minutes, 30 seconds. Time passed: 13 minutes, 28 seconds
[INFO 13:56:39] my_main t_env: 50126 / 2050000
[INFO 13:56:39] my_main Estimated time left: 10 hours, 38 minutes, 8 seconds. Time passed: 16 minutes, 40 seconds
[INFO 13:56:55] my_main Recent Stats | t_env:      50126 | Episode:     1573
battle_won_mean:           0.0000	dead_allies_mean:          9.5058	dead_enemies_mean:         0.4808	ep_length_mean:           32.4540
epsilon:                   0.0510	grad_norm:                 2.7384	loss:                      0.3718	loss_central:              0.0064
loss_latent:               0.3246	loss_td:                   0.0408	q_taken_mean:              0.3027	return_mean:               2.9193
return_std:                0.6622	target_mean:               0.3549	td_error_abs:              0.0985	test_battle_won_mean:      0.0000
test_dead_allies_mean:     9.4313	test_dead_enemies_mean:    1.1875	test_ep_length_mean:      48.3312	test_return_mean:          4.1714
test_return_std:           0.6991	
RequestQuit command received.
Closing Application...
DataHandler: unable to parse websocket frame.
CloseHandler: 127.0.0.1:54378 disconnected
[INFO 13:58:00] absl Shutdown gracefully.
[INFO 13:58:00] absl Shutdown with return code: -15
[INFO 13:58:00] absl Launching SC2: /labmount/users/202535331/MARL/pymarl-monotone-qmix/3rdparty/StarCraftII/Versions/Base75689/SC2_x64 -listen 127.0.0.1 -port 38813 -dataDir /labmount/users/202535331/MARL/pymarl-monotone-qmix/3rdparty/StarCraftII/ -tempDir /tmp/sc-pt3hsa9o/
[INFO 13:58:00] absl Connecting to: ws://127.0.0.1:38813/sc2api, attempt: 0, running: True
Version: B75689 (SC2.4.10)
Build: Aug 12 2019 17:16:57
Command Line: '"/labmount/users/202535331/MARL/pymarl-monotone-qmix/3rdparty/StarCraftII/Versions/Base75689/SC2_x64" -listen 127.0.0.1 -port 38813 -dataDir /labmount/users/202535331/MARL/pymarl-monotone-qmix/3rdparty/StarCraftII/ -tempDir /tmp/sc-pt3hsa9o/'
Starting up...
Startup Phase 1 complete
[INFO 13:58:01] absl Connecting to: ws://127.0.0.1:38813/sc2api, attempt: 1, running: True
Startup Phase 2 complete
Creating stub renderer...
Listening on: 127.0.0.1:38813
Startup Phase 3 complete. Ready for commands.
[INFO 13:58:02] absl Connecting to: ws://127.0.0.1:38813/sc2api, attempt: 2, running: True
ConnectHandler: Request from 127.0.0.1:59114 accepted
ReadyHandler: 127.0.0.1:59114 ready
Requesting to join a single player game
Configuring interface options
Configure: raw interface enabled
Configure: feature layer interface disabled
Configure: score interface disabled
Configure: render interface disabled
Launching next game.
Next launch phase started: 2
Next launch phase started: 3
Next launch phase started: 4
Next launch phase started: 5
Next launch phase started: 6
Next launch phase started: 7
Next launch phase started: 8
Game has started.
Using default stable ids, none found at: /labmount/users/202535331/MARL/pymarl-monotone-qmix/3rdparty/StarCraftII/stableid.json
Successfully loaded stable ids: GameData\stableid.json
Sending ResponseJoinGame
[INFO 14:00:00] my_main t_env: 60247 / 2050000
[INFO 14:00:00] my_main Estimated time left: 10 hours, 57 minutes, 11 seconds. Time passed: 20 minutes, 1 seconds
[INFO 14:00:16] my_main Recent Stats | t_env:      60247 | Episode:     1789
battle_won_mean:           0.0000	dead_allies_mean:          9.3752	dead_enemies_mean:         0.8791	ep_length_mean:           34.0339
epsilon:                   0.0500	grad_norm:                 2.3896	loss:                      0.3864	loss_central:              0.0071
loss_latent:               0.3403	loss_td:                   0.0391	q_taken_mean:              0.5392	return_mean:               3.6010
return_std:                0.8250	target_mean:               0.5408	td_error_abs:              0.0632	test_battle_won_mean:      0.0000
test_dead_allies_mean:     9.3750	test_dead_enemies_mean:    1.6062	test_ep_length_mean:      46.9250	test_return_mean:          4.7580
test_return_std:           0.8339	
[INFO 14:03:32] my_main t_env: 70266 / 2050000
[INFO 14:03:32] my_main Estimated time left: 11 hours, 37 minutes, 8 seconds. Time passed: 23 minutes, 33 seconds
[INFO 14:03:46] my_main Recent Stats | t_env:      70266 | Episode:     2014
battle_won_mean:           0.0000	dead_allies_mean:          9.2677	dead_enemies_mean:         1.3337	ep_length_mean:           36.0130
epsilon:                   0.0500	grad_norm:                 2.8208	loss:                      0.5249	loss_central:              0.0100
loss_latent:               0.4471	loss_td:                   0.0678	q_taken_mean:              0.7524	return_mean:               4.2741
return_std:                0.9358	target_mean:               0.7639	td_error_abs:              0.0730	test_battle_won_mean:      0.0000
test_dead_allies_mean:     9.2937	test_dead_enemies_mean:    2.1750	test_ep_length_mean:      49.5063	test_return_mean:          5.4282
test_return_std:           0.8663	
[INFO 14:06:57] my_main t_env: 80296 / 2050000
[INFO 14:06:57] my_main Estimated time left: 11 hours, 11 minutes, 12 seconds. Time passed: 26 minutes, 58 seconds
[INFO 14:07:15] my_main Recent Stats | t_env:      80296 | Episode:     2218
battle_won_mean:           0.0000	dead_allies_mean:          9.2615	dead_enemies_mean:         1.6910	ep_length_mean:           40.1693
epsilon:                   0.0500	grad_norm:                 3.3461	loss:                      0.6869	loss_central:              0.0150
loss_latent:               0.5611	loss_td:                   0.1108	q_taken_mean:              0.9616	return_mean:               4.8626
return_std:                1.0513	target_mean:               0.9769	td_error_abs:              0.0809	test_battle_won_mean:      0.0000
test_dead_allies_mean:     9.3812	test_dead_enemies_mean:    2.3563	test_ep_length_mean:      58.6063	test_return_mean:          5.8182
test_return_std:           0.9285	
[INFO 14:10:40] my_main t_env: 90298 / 2050000
[INFO 14:10:40] my_main Estimated time left: 12 hours, 10 minutes, 18 seconds. Time passed: 30 minutes, 41 seconds
[INFO 14:10:57] my_main Recent Stats | t_env:      90298 | Episode:     2439
battle_won_mean:           0.0000	dead_allies_mean:          9.3103	dead_enemies_mean:         1.9751	ep_length_mean:           43.8547
epsilon:                   0.0500	grad_norm:                 3.6010	loss:                      0.8073	loss_central:              0.0155
loss_latent:               0.6419	loss_td:                   0.1498	q_taken_mean:              1.0642	return_mean:               5.3243
return_std:                1.1415	target_mean:               1.0778	td_error_abs:              0.0814	test_battle_won_mean:      0.0000
test_dead_allies_mean:     9.4812	test_dead_enemies_mean:    2.5750	test_ep_length_mean:      61.9250	test_return_mean:          6.1487
test_return_std:           0.9796	
[INFO 14:14:23] my_main t_env: 100301 / 2050000
[INFO 14:14:23] my_main Estimated time left: 12 hours, 3 minutes, 1 seconds. Time passed: 34 minutes, 24 seconds
[INFO 14:14:38] my_main Recent Stats | t_env:     100301 | Episode:     2641
battle_won_mean:           0.0000	dead_allies_mean:          9.3842	dead_enemies_mean:         2.1567	ep_length_mean:           47.0660
epsilon:                   0.0500	grad_norm:                 2.7690	loss:                      0.7956	loss_central:              0.0160
loss_latent:               0.5852	loss_td:                   0.1944	q_taken_mean:              1.1489	return_mean:               5.6010
return_std:                1.1720	target_mean:               1.1643	td_error_abs:              0.0831	test_battle_won_mean:      0.0000
test_dead_allies_mean:     9.5563	test_dead_enemies_mean:    2.6562	test_ep_length_mean:      60.8500	test_return_mean:          6.2872
test_return_std:           0.9273	
RequestQuit command received.
Closing Application...
DataHandler: unable to parse websocket frame.
CloseHandler: 127.0.0.1:59114 disconnected
[INFO 14:18:15] absl Shutdown gracefully.
[INFO 14:18:15] absl Shutdown with return code: -15
[INFO 14:18:15] absl Launching SC2: /labmount/users/202535331/MARL/pymarl-monotone-qmix/3rdparty/StarCraftII/Versions/Base75689/SC2_x64 -listen 127.0.0.1 -port 34819 -dataDir /labmount/users/202535331/MARL/pymarl-monotone-qmix/3rdparty/StarCraftII/ -tempDir /tmp/sc-k8ph10di/
[INFO 14:18:15] absl Connecting to: ws://127.0.0.1:34819/sc2api, attempt: 0, running: True
Version: B75689 (SC2.4.10)
Build: Aug 12 2019 17:16:57
Command Line: '"/labmount/users/202535331/MARL/pymarl-monotone-qmix/3rdparty/StarCraftII/Versions/Base75689/SC2_x64" -listen 127.0.0.1 -port 34819 -dataDir /labmount/users/202535331/MARL/pymarl-monotone-qmix/3rdparty/StarCraftII/ -tempDir /tmp/sc-k8ph10di/'
Starting up...
Startup Phase 1 complete
[INFO 14:18:16] absl Connecting to: ws://127.0.0.1:34819/sc2api, attempt: 1, running: True
Startup Phase 2 complete
Creating stub renderer...
Listening on: 127.0.0.1:34819
Startup Phase 3 complete. Ready for commands.
[INFO 14:18:17] absl Connecting to: ws://127.0.0.1:34819/sc2api, attempt: 2, running: True
ConnectHandler: Request from 127.0.0.1:33822 accepted
ReadyHandler: 127.0.0.1:33822 ready
Requesting to join a single player game
Configuring interface options
Configure: raw interface enabled
Configure: feature layer interface disabled
Configure: score interface disabled
Configure: render interface disabled
Launching next game.
Next launch phase started: 2
Next launch phase started: 3
Next launch phase started: 4
Next launch phase started: 5
Next launch phase started: 6
Next launch phase started: 7
Next launch phase started: 8
Game has started.
Using default stable ids, none found at: /labmount/users/202535331/MARL/pymarl-monotone-qmix/3rdparty/StarCraftII/stableid.json
Successfully loaded stable ids: GameData\stableid.json
Sending ResponseJoinGame
[INFO 14:18:35] my_main t_env: 110435 / 2050000
[INFO 14:18:35] my_main Estimated time left: 13 hours, 24 minutes, 3 seconds. Time passed: 38 minutes, 36 seconds
[INFO 14:18:57] my_main Recent Stats | t_env:     110435 | Episode:     2870
battle_won_mean:           0.0000	dead_allies_mean:          9.4186	dead_enemies_mean:         2.1340	ep_length_mean:           46.5453
epsilon:                   0.0500	grad_norm:                 2.5920	loss:                      0.8378	loss_central:              0.0162
loss_latent:               0.5842	loss_td:                   0.2374	q_taken_mean:              1.1927	return_mean:               5.6125
return_std:                1.1626	target_mean:               1.2042	td_error_abs:              0.0840	test_battle_won_mean:      0.0000
test_dead_allies_mean:     9.5938	test_dead_enemies_mean:    2.5125	test_ep_length_mean:      65.7750	test_return_mean:          6.2471
test_return_std:           0.8659	
[INFO 14:22:18] my_main t_env: 120466 / 2050000
[INFO 14:22:18] my_main Estimated time left: 11 hours, 54 minutes, 43 seconds. Time passed: 42 minutes, 19 seconds
[INFO 14:22:40] my_main Recent Stats | t_env:     120466 | Episode:     3059
battle_won_mean:           0.0000	dead_allies_mean:          9.4441	dead_enemies_mean:         2.0273	ep_length_mean:           48.2543
epsilon:                   0.0500	grad_norm:                 2.5234	loss:                      0.8887	loss_central:              0.0150
loss_latent:               0.6055	loss_td:                   0.2682	q_taken_mean:              1.2076	return_mean:               5.5244
return_std:                1.1607	target_mean:               1.1993	td_error_abs:              0.0864	test_battle_won_mean:      0.0000
test_dead_allies_mean:     9.6250	test_dead_enemies_mean:    2.2375	test_ep_length_mean:      72.9500	test_return_mean:          6.0809
test_return_std:           0.8867	
[INFO 14:26:30] my_main t_env: 130489 / 2050000
[INFO 14:26:30] my_main Estimated time left: 13 hours, 23 minutes, 21 seconds. Time passed: 46 minutes, 31 seconds
[INFO 14:26:47] my_main Recent Stats | t_env:     130489 | Episode:     3283
battle_won_mean:           0.0000	dead_allies_mean:          9.4635	dead_enemies_mean:         1.8970	ep_length_mean:           47.3701
epsilon:                   0.0500	grad_norm:                 2.0877	loss:                      0.9143	loss_central:              0.0127
loss_latent:               0.5830	loss_td:                   0.3186	q_taken_mean:              1.2386	return_mean:               5.4006
return_std:                1.1265	target_mean:               1.2335	td_error_abs:              0.0862	test_battle_won_mean:      0.0000
test_dead_allies_mean:     9.6813	test_dead_enemies_mean:    2.1500	test_ep_length_mean:      72.7250	test_return_mean:          6.0151
test_return_std:           0.8456	
[INFO 14:30:26] my_main t_env: 140613 / 2050000
[INFO 14:30:26] my_main Estimated time left: 12 hours, 23 minutes, 39 seconds. Time passed: 50 minutes, 27 seconds
[INFO 14:30:48] my_main Recent Stats | t_env:     140613 | Episode:     3499
battle_won_mean:           0.0000	dead_allies_mean:          9.4782	dead_enemies_mean:         1.8365	ep_length_mean:           47.6926
epsilon:                   0.0500	grad_norm:                 1.8111	loss:                      0.9453	loss_central:              0.0132
loss_latent:               0.5773	loss_td:                   0.3549	q_taken_mean:              1.3137	return_mean:               5.3515
return_std:                1.1057	target_mean:               1.2943	td_error_abs:              0.0896	test_battle_won_mean:      0.0000
test_dead_allies_mean:     9.6500	test_dead_enemies_mean:    2.1063	test_ep_length_mean:      78.6188	test_return_mean:          5.9620
test_return_std:           0.8604	
[INFO 14:34:17] my_main t_env: 150630 / 2050000
[INFO 14:34:17] my_main Estimated time left: 12 hours, 9 minutes, 5 seconds. Time passed: 54 minutes, 18 seconds
[INFO 14:34:37] my_main Recent Stats | t_env:     150630 | Episode:     3702
battle_won_mean:           0.0000	dead_allies_mean:          9.4579	dead_enemies_mean:         1.7860	ep_length_mean:           47.6576
epsilon:                   0.0500	grad_norm:                 2.5313	loss:                      1.0584	loss_central:              0.0131
loss_latent:               0.6899	loss_td:                   0.3555	q_taken_mean:              1.2868	return_mean:               5.3153
return_std:                1.0861	target_mean:               1.2582	td_error_abs:              0.0894	test_battle_won_mean:      0.0000
test_dead_allies_mean:     9.6000	test_dead_enemies_mean:    2.1063	test_ep_length_mean:      83.8063	test_return_mean:          6.0504
test_return_std:           0.9317	
[INFO 14:37:56] my_main t_env: 160663 / 2050000
[INFO 14:37:56] my_main Estimated time left: 11 hours, 28 minutes, 30 seconds. Time passed: 57 minutes, 57 seconds
RequestQuit command received.
Closing Application...
DataHandler: unable to parse websocket frame.
CloseHandler: 127.0.0.1:33822 disconnected
[INFO 14:38:04] absl Shutdown gracefully.
[INFO 14:38:04] absl Shutdown with return code: -15
[INFO 14:38:04] absl Launching SC2: /labmount/users/202535331/MARL/pymarl-monotone-qmix/3rdparty/StarCraftII/Versions/Base75689/SC2_x64 -listen 127.0.0.1 -port 37013 -dataDir /labmount/users/202535331/MARL/pymarl-monotone-qmix/3rdparty/StarCraftII/ -tempDir /tmp/sc-ggz8f0ad/
[INFO 14:38:04] absl Connecting to: ws://127.0.0.1:37013/sc2api, attempt: 0, running: True
Version: B75689 (SC2.4.10)
Build: Aug 12 2019 17:16:57
Command Line: '"/labmount/users/202535331/MARL/pymarl-monotone-qmix/3rdparty/StarCraftII/Versions/Base75689/SC2_x64" -listen 127.0.0.1 -port 37013 -dataDir /labmount/users/202535331/MARL/pymarl-monotone-qmix/3rdparty/StarCraftII/ -tempDir /tmp/sc-ggz8f0ad/'
Starting up...
Startup Phase 1 complete
[INFO 14:38:05] absl Connecting to: ws://127.0.0.1:37013/sc2api, attempt: 1, running: True
Startup Phase 2 complete
Creating stub renderer...
Listening on: 127.0.0.1:37013
Startup Phase 3 complete. Ready for commands.
[INFO 14:38:06] absl Connecting to: ws://127.0.0.1:37013/sc2api, attempt: 2, running: True
ConnectHandler: Request from 127.0.0.1:42878 accepted
ReadyHandler: 127.0.0.1:42878 ready
Requesting to join a single player game
Configuring interface options
Configure: raw interface enabled
Configure: feature layer interface disabled
Configure: score interface disabled
Configure: render interface disabled
Launching next game.
Next launch phase started: 2
Next launch phase started: 3
Next launch phase started: 4
Next launch phase started: 5
Next launch phase started: 6
Next launch phase started: 7
Next launch phase started: 8
Game has started.
Using default stable ids, none found at: /labmount/users/202535331/MARL/pymarl-monotone-qmix/3rdparty/StarCraftII/stableid.json
Successfully loaded stable ids: GameData\stableid.json
Sending ResponseJoinGame
[INFO 14:38:25] my_main Recent Stats | t_env:     160663 | Episode:     3898
battle_won_mean:           0.0000	dead_allies_mean:          9.4638	dead_enemies_mean:         1.8127	ep_length_mean:           49.0447
epsilon:                   0.0500	grad_norm:                 2.3768	loss:                      1.1324	loss_central:              0.0129
loss_latent:               0.7595	loss_td:                   0.3600	q_taken_mean:              1.2665	return_mean:               5.3687
return_std:                1.0775	target_mean:               1.2349	td_error_abs:              0.0897	test_battle_won_mean:      0.0000
test_dead_allies_mean:     9.5188	test_dead_enemies_mean:    2.2125	test_ep_length_mean:      85.4437	test_return_mean:          6.2080
test_return_std:           0.9509	
[INFO 14:41:55] my_main t_env: 170680 / 2050000
[INFO 14:41:55] my_main Estimated time left: 12 hours, 25 minutes, 11 seconds. Time passed: 1 hours, 1 minutes, 56 seconds
[INFO 14:42:11] my_main Recent Stats | t_env:     170680 | Episode:     4098
battle_won_mean:           0.0000	dead_allies_mean:          9.4970	dead_enemies_mean:         1.8881	ep_length_mean:           48.4469
epsilon:                   0.0500	grad_norm:                 2.2206	loss:                      1.1818	loss_central:              0.0134
loss_latent:               0.7898	loss_td:                   0.3786	q_taken_mean:              1.2774	return_mean:               5.4682
return_std:                1.1031	target_mean:               1.2613	td_error_abs:              0.0860	test_battle_won_mean:      0.0000
test_dead_allies_mean:     9.5563	test_dead_enemies_mean:    2.4375	test_ep_length_mean:      79.8625	test_return_mean:          6.3990
test_return_std:           0.9469	
[INFO 14:45:54] my_main t_env: 180839 / 2050000
[INFO 14:45:54] my_main Estimated time left: 12 hours, 13 minutes, 38 seconds. Time passed: 1 hours, 5 minutes, 55 seconds
[INFO 14:46:08] my_main Recent Stats | t_env:     180839 | Episode:     4316
battle_won_mean:           0.0000	dead_allies_mean:          9.5234	dead_enemies_mean:         2.0291	ep_length_mean:           48.8180
epsilon:                   0.0500	grad_norm:                 3.1018	loss:                      1.2881	loss_central:              0.0129
loss_latent:               0.9224	loss_td:                   0.3527	q_taken_mean:              1.2663	return_mean:               5.5902
return_std:                1.1159	target_mean:               1.2417	td_error_abs:              0.0863	test_battle_won_mean:      0.0000
test_dead_allies_mean:     9.5687	test_dead_enemies_mean:    2.5500	test_ep_length_mean:      75.8875	test_return_mean:          6.4720
test_return_std:           0.9764	
[INFO 14:49:19] my_main t_env: 190895 / 2050000
[INFO 14:49:19] my_main Estimated time left: 10 hours, 31 minutes, 45 seconds. Time passed: 1 hours, 9 minutes, 20 seconds
[INFO 14:49:35] my_main Recent Stats | t_env:     190895 | Episode:     4498
battle_won_mean:           0.0000	dead_allies_mean:          9.5418	dead_enemies_mean:         2.1095	ep_length_mean:           50.4945
epsilon:                   0.0500	grad_norm:                 2.7706	loss:                      1.3146	loss_central:              0.0129
loss_latent:               0.9467	loss_td:                   0.3549	q_taken_mean:              1.2403	return_mean:               5.6793
return_std:                1.1304	target_mean:               1.2174	td_error_abs:              0.0848	test_battle_won_mean:      0.0000
test_dead_allies_mean:     9.6000	test_dead_enemies_mean:    2.7062	test_ep_length_mean:      70.1875	test_return_mean:          6.6429
test_return_std:           1.0219	
[INFO 14:53:08] my_main t_env: 200920 / 2050000
[INFO 14:53:08] my_main Estimated time left: 11 hours, 44 minutes, 44 seconds. Time passed: 1 hours, 13 minutes, 9 seconds
[INFO 14:53:28] my_main Recent Stats | t_env:     200920 | Episode:     4699
battle_won_mean:           0.0000	dead_allies_mean:          9.5587	dead_enemies_mean:         2.1374	ep_length_mean:           50.6006
epsilon:                   0.0500	grad_norm:                 2.5666	loss:                      1.3932	loss_central:              0.0137
loss_latent:               0.9862	loss_td:                   0.3932	q_taken_mean:              1.2469	return_mean:               5.7187
return_std:                1.1130	target_mean:               1.2365	td_error_abs:              0.0865	test_battle_won_mean:      0.0000
test_dead_allies_mean:     9.6312	test_dead_enemies_mean:    2.6187	test_ep_length_mean:      69.4313	test_return_mean:          6.5593
test_return_std:           1.0437	
[INFO 14:57:08] my_main t_env: 210938 / 2050000
[INFO 14:57:08] my_main Estimated time left: 12 hours, 15 minutes, 19 seconds. Time passed: 1 hours, 17 minutes, 10 seconds
[INFO 14:57:29] my_main Recent Stats | t_env:     210938 | Episode:     4917
battle_won_mean:           0.0000	dead_allies_mean:          9.5647	dead_enemies_mean:         2.1288	ep_length_mean:           49.5537
epsilon:                   0.0500	grad_norm:                 2.8912	loss:                      1.4745	loss_central:              0.0152
loss_latent:               1.0291	loss_td:                   0.4302	q_taken_mean:              1.3333	return_mean:               5.7355
return_std:                1.1292	target_mean:               1.3282	td_error_abs:              0.0880	test_battle_won_mean:      0.0000
test_dead_allies_mean:     9.6875	test_dead_enemies_mean:    2.6875	test_ep_length_mean:      67.5687	test_return_mean:          6.5125
test_return_std:           1.0005	
RequestQuit command received.
DataHandler: unable to parse websocket frame.
CloseHandler: 127.0.0.1:42878 disconnected
Closing Application...
ResponseThread: No connection, dropping the response.
[INFO 14:58:18] absl Shutdown gracefully.
[INFO 14:58:18] absl Shutdown with return code: -15
[INFO 14:58:18] absl Launching SC2: /labmount/users/202535331/MARL/pymarl-monotone-qmix/3rdparty/StarCraftII/Versions/Base75689/SC2_x64 -listen 127.0.0.1 -port 40777 -dataDir /labmount/users/202535331/MARL/pymarl-monotone-qmix/3rdparty/StarCraftII/ -tempDir /tmp/sc-r08ga480/
[INFO 14:58:18] absl Connecting to: ws://127.0.0.1:40777/sc2api, attempt: 0, running: True
Version: B75689 (SC2.4.10)
Build: Aug 12 2019 17:16:57
Command Line: '"/labmount/users/202535331/MARL/pymarl-monotone-qmix/3rdparty/StarCraftII/Versions/Base75689/SC2_x64" -listen 127.0.0.1 -port 40777 -dataDir /labmount/users/202535331/MARL/pymarl-monotone-qmix/3rdparty/StarCraftII/ -tempDir /tmp/sc-r08ga480/'
Starting up...
Startup Phase 1 complete
[INFO 14:58:19] absl Connecting to: ws://127.0.0.1:40777/sc2api, attempt: 1, running: True
Startup Phase 2 complete
Creating stub renderer...
Listening on: 127.0.0.1:40777
Startup Phase 3 complete. Ready for commands.
[INFO 14:58:20] absl Connecting to: ws://127.0.0.1:40777/sc2api, attempt: 2, running: True
ConnectHandler: Request from 127.0.0.1:35352 accepted
ReadyHandler: 127.0.0.1:35352 ready
Requesting to join a single player game
Configuring interface options
Configure: raw interface enabled
Configure: feature layer interface disabled
Configure: score interface disabled
Configure: render interface disabled
Launching next game.
Next launch phase started: 2
Next launch phase started: 3
Next launch phase started: 4
Next launch phase started: 5
Next launch phase started: 6
Next launch phase started: 7
Next launch phase started: 8
Game has started.
Using default stable ids, none found at: /labmount/users/202535331/MARL/pymarl-monotone-qmix/3rdparty/StarCraftII/stableid.json
Successfully loaded stable ids: GameData\stableid.json
Sending ResponseJoinGame
[INFO 15:01:35] my_main t_env: 220950 / 2050000
[INFO 15:01:35] my_main Estimated time left: 13 hours, 30 minutes, 36 seconds. Time passed: 1 hours, 21 minutes, 36 seconds
[INFO 15:01:51] my_main Recent Stats | t_env:     220950 | Episode:     5150
battle_won_mean:           0.0000	dead_allies_mean:          9.5382	dead_enemies_mean:         2.1253	ep_length_mean:           48.1307
epsilon:                   0.0500	grad_norm:                 3.3329	loss:                      1.5163	loss_central:              0.0151
loss_latent:               1.0491	loss_td:                   0.4521	q_taken_mean:              1.3002	return_mean:               5.7153
return_std:                1.1113	target_mean:               1.2840	td_error_abs:              0.0874	test_battle_won_mean:      0.0000
test_dead_allies_mean:     9.6875	test_dead_enemies_mean:    2.6938	test_ep_length_mean:      66.8438	test_return_mean:          6.5293
test_return_std:           1.0043	
[INFO 15:05:59] my_main t_env: 230984 / 2050000
[INFO 15:05:59] my_main Estimated time left: 13 hours, 19 minutes, 21 seconds. Time passed: 1 hours, 26 minutes, 0 seconds
[INFO 15:06:12] my_main Recent Stats | t_env:     230984 | Episode:     5393
battle_won_mean:           0.0000	dead_allies_mean:          9.5294	dead_enemies_mean:         2.1279	ep_length_mean:           47.0689
epsilon:                   0.0500	grad_norm:                 2.4319	loss:                      1.5195	loss_central:              0.0154
loss_latent:               1.0502	loss_td:                   0.4539	q_taken_mean:              1.3356	return_mean:               5.7140
return_std:                1.0994	target_mean:               1.3281	td_error_abs:              0.0881	test_battle_won_mean:      0.0000
test_dead_allies_mean:     9.6750	test_dead_enemies_mean:    2.5812	test_ep_length_mean:      65.8125	test_return_mean:          6.4630
test_return_std:           1.0176	
[INFO 15:10:15] my_main t_env: 240999 / 2050000
[INFO 15:10:15] my_main Estimated time left: 12 hours, 49 minutes, 32 seconds. Time passed: 1 hours, 30 minutes, 16 seconds
[INFO 15:10:30] my_main Recent Stats | t_env:     240999 | Episode:     5632
battle_won_mean:           0.0000	dead_allies_mean:          9.5330	dead_enemies_mean:         2.1253	ep_length_mean:           44.3991
epsilon:                   0.0500	grad_norm:                 2.9390	loss:                      1.7147	loss_central:              0.0168
loss_latent:               1.2353	loss_td:                   0.4626	q_taken_mean:              1.4051	return_mean:               5.6862
return_std:                1.1083	target_mean:               1.4068	td_error_abs:              0.0936	test_battle_won_mean:      0.0000
test_dead_allies_mean:     9.6937	test_dead_enemies_mean:    2.4688	test_ep_length_mean:      63.4062	test_return_mean:          6.3287
test_return_std:           0.9261	
[INFO 15:14:19] my_main t_env: 251020 / 2050000
[INFO 15:14:19] my_main Estimated time left: 12 hours, 11 minutes, 23 seconds. Time passed: 1 hours, 34 minutes, 20 seconds
[INFO 15:14:35] my_main Recent Stats | t_env:     251020 | Episode:     5853
battle_won_mean:           0.0000	dead_allies_mean:          9.5462	dead_enemies_mean:         2.1364	ep_length_mean:           43.4928
epsilon:                   0.0500	grad_norm:                 2.9130	loss:                      1.7246	loss_central:              0.0179
loss_latent:               1.2475	loss_td:                   0.4592	q_taken_mean:              1.4656	return_mean:               5.6854
return_std:                1.1331	target_mean:               1.4555	td_error_abs:              0.0945	test_battle_won_mean:      0.0000
test_dead_allies_mean:     9.7125	test_dead_enemies_mean:    2.4250	test_ep_length_mean:      59.4125	test_return_mean:          6.1773
test_return_std:           0.9007	
[INFO 15:18:35] my_main t_env: 261112 / 2050000
[INFO 15:18:35] my_main Estimated time left: 12 hours, 34 minutes, 8 seconds. Time passed: 1 hours, 38 minutes, 36 seconds
[INFO 15:18:48] my_main Recent Stats | t_env:     261112 | Episode:     6084
battle_won_mean:           0.0000	dead_allies_mean:          9.5743	dead_enemies_mean:         2.2068	ep_length_mean:           43.0396
epsilon:                   0.0500	grad_norm:                 2.8727	loss:                      1.7633	loss_central:              0.0183
loss_latent:               1.2890	loss_td:                   0.4560	q_taken_mean:              1.5095	return_mean:               5.7137
return_std:                1.1320	target_mean:               1.5058	td_error_abs:              0.0964	test_battle_won_mean:      0.0000
test_dead_allies_mean:     9.7625	test_dead_enemies_mean:    2.5688	test_ep_length_mean:      51.6063	test_return_mean:          6.2485
test_return_std:           0.9846	
RequestQuit command received.
DataHandler: unable to parse websocket frame.
Closing Application...
CloseHandler: 127.0.0.1:35352 disconnected
ResponseThread: No connection, dropping the response.
[INFO 15:22:38] absl Shutdown gracefully.
[INFO 15:22:38] absl Shutdown with return code: -15
[INFO 15:22:38] absl Launching SC2: /labmount/users/202535331/MARL/pymarl-monotone-qmix/3rdparty/StarCraftII/Versions/Base75689/SC2_x64 -listen 127.0.0.1 -port 43005 -dataDir /labmount/users/202535331/MARL/pymarl-monotone-qmix/3rdparty/StarCraftII/ -tempDir /tmp/sc-63czoef0/
[INFO 15:22:38] absl Connecting to: ws://127.0.0.1:43005/sc2api, attempt: 0, running: True
Version: B75689 (SC2.4.10)
Build: Aug 12 2019 17:16:57
Command Line: '"/labmount/users/202535331/MARL/pymarl-monotone-qmix/3rdparty/StarCraftII/Versions/Base75689/SC2_x64" -listen 127.0.0.1 -port 43005 -dataDir /labmount/users/202535331/MARL/pymarl-monotone-qmix/3rdparty/StarCraftII/ -tempDir /tmp/sc-63czoef0/'
Starting up...
Startup Phase 1 complete
[INFO 15:22:39] absl Connecting to: ws://127.0.0.1:43005/sc2api, attempt: 1, running: True
Startup Phase 2 complete
Creating stub renderer...
Listening on: 127.0.0.1:43005
Startup Phase 3 complete. Ready for commands.
[INFO 15:22:40] absl Connecting to: ws://127.0.0.1:43005/sc2api, attempt: 2, running: True
ConnectHandler: Request from 127.0.0.1:51314 accepted
ReadyHandler: 127.0.0.1:51314 ready
Requesting to join a single player game
Configuring interface options
Configure: raw interface enabled
Configure: feature layer interface disabled
Configure: score interface disabled
Configure: render interface disabled
Launching next game.
Next launch phase started: 2
Next launch phase started: 3
Next launch phase started: 4
Next launch phase started: 5
Next launch phase started: 6
Next launch phase started: 7
Next launch phase started: 8
Game has started.
Using default stable ids, none found at: /labmount/users/202535331/MARL/pymarl-monotone-qmix/3rdparty/StarCraftII/stableid.json
Successfully loaded stable ids: GameData\stableid.json
Sending ResponseJoinGame
[INFO 15:23:18] my_main t_env: 271135 / 2050000
[INFO 15:23:18] my_main Estimated time left: 13 hours, 58 minutes, 29 seconds. Time passed: 1 hours, 43 minutes, 19 seconds
[INFO 15:23:30] my_main Recent Stats | t_env:     271135 | Episode:     6342
battle_won_mean:           0.0000	dead_allies_mean:          9.6094	dead_enemies_mean:         2.3313	ep_length_mean:           42.2154
epsilon:                   0.0500	grad_norm:                 2.5701	loss:                      1.8513	loss_central:              0.0189
loss_latent:               1.3869	loss_td:                   0.4454	q_taken_mean:              1.6507	return_mean:               5.8078
return_std:                1.1905	target_mean:               1.6544	td_error_abs:              0.0999	test_battle_won_mean:      0.0000
test_dead_allies_mean:     9.7812	test_dead_enemies_mean:    2.8188	test_ep_length_mean:      49.3438	test_return_mean:          6.4275
test_return_std:           1.0831	
