/data/workspace/mzn/miniconda3/envs/pymarl/lib/python3.9/site-packages/sacred/dependencies.py:11: UserWarning: pkg_resources is deprecated as an API. See https://setuptools.pypa.io/en/latest/pkg_resources.html. The pkg_resources package is slated for removal as early as 2025-11-30. Refrain from using this package or pin to Setuptools<81.
  import pkg_resources
[DEBUG 17:34:42] git.cmd Popen(['git', 'version'], cwd=/data/workspace/wxr/pymarl-monotone-qmix, stdin=None, shell=False, universal_newlines=False)
[DEBUG 17:34:42] git.cmd Popen(['git', 'version'], cwd=/data/workspace/wxr/pymarl-monotone-qmix, stdin=None, shell=False, universal_newlines=False)
[DEBUG 17:34:42] git.util sys.platform='linux', git_executable='git'
[DEBUG 17:34:42] git.cmd Popen(['git', 'diff', '--cached', '--abbrev=40', '--full-index', '--raw'], cwd=/data/workspace/wxr/pymarl-monotone-qmix, stdin=None, shell=False, universal_newlines=False)
[DEBUG 17:34:42] git.cmd Popen(['git', 'diff', '--abbrev=40', '--full-index', '--raw'], cwd=/data/workspace/wxr/pymarl-monotone-qmix, stdin=None, shell=False, universal_newlines=False)
[DEBUG 17:34:42] git.cmd Popen(['git', 'cat-file', '--batch-check'], cwd=/data/workspace/wxr/pymarl-monotone-qmix, stdin=<valid stream>, shell=False, universal_newlines=False)
[DEBUG 17:34:42] git.util sys.platform='linux', git_executable='git'
[DEBUG 17:34:42] git.cmd Popen(['git', 'diff', '--cached', '--abbrev=40', '--full-index', '--raw'], cwd=/data/workspace/wxr/pymarl-monotone-qmix, stdin=None, shell=False, universal_newlines=False)
[DEBUG 17:34:42] git.cmd Popen(['git', 'diff', '--abbrev=40', '--full-index', '--raw'], cwd=/data/workspace/wxr/pymarl-monotone-qmix, stdin=None, shell=False, universal_newlines=False)
[DEBUG 17:34:42] git.cmd Popen(['git', 'cat-file', '--batch-check'], cwd=/data/workspace/wxr/pymarl-monotone-qmix, stdin=<valid stream>, shell=False, universal_newlines=False)
[DEBUG 17:34:42] git.util sys.platform='linux', git_executable='git'
[DEBUG 17:34:42] git.cmd Popen(['git', 'diff', '--cached', '--abbrev=40', '--full-index', '--raw'], cwd=/data/workspace/wxr/pymarl-monotone-qmix, stdin=None, shell=False, universal_newlines=False)
[DEBUG 17:34:42] git.cmd Popen(['git', 'diff', '--abbrev=40', '--full-index', '--raw'], cwd=/data/workspace/wxr/pymarl-monotone-qmix, stdin=None, shell=False, universal_newlines=False)
[DEBUG 17:34:42] git.cmd Popen(['git', 'cat-file', '--batch-check'], cwd=/data/workspace/wxr/pymarl-monotone-qmix, stdin=<valid stream>, shell=False, universal_newlines=False)
[INFO 17:34:42] root Saving to FileStorageObserver in /data/workspace/wxr/pymarl-monotone-qmix/results/sacred/amco.
[DEBUG 17:34:46] pymarl Using capture mode "fd"
[INFO 17:34:46] pymarl Running command 'my_main'
[INFO 17:34:46] pymarl Started run with ID "1"
[DEBUG 17:34:46] pymarl Starting Heartbeat
[DEBUG 17:34:46] my_main Started
[INFO 17:34:46] my_main Experiment Parameters:
[INFO 17:34:46] my_main 

{   'action_selector': 'epsilon_greedy',
    'agent': 'rnn',
    'agent_output_type': 'q',
    'amco_mono_activation': 'centered_softplus',
    'amco_mono_depth': 4,
    'amco_mono_hidden_dim': 96,
    'amco_mono_softplus_beta': 2.0,
    'amco_state_activation': 'silu',
    'amco_state_embed_dim': 104,
    'amco_state_encoder_depth': 2,
    'amco_state_input_scale': 0.3,
    'amco_state_input_scale_by_map': {   '1c3s5z': 0.25,
                                         '27m_vs_30m': 0.25,
                                         '2c_vs_64zg': 0.3,
                                         '2s3z': 0.3,
                                         '3s5z': 0.3,
                                         '3s_vs_5z': 0.3,
                                         '5m_vs_6m': 0.25,
                                         'MMM2': 0.3,
                                         'bane_vs_bane': 0.25},
    'amco_state_value_activation': 'relu',
    'amco_state_value_dim': 32,
    'batch_size': 32,
    'batch_size_run': 1,
    'buffer_cpu_only': True,
    'buffer_size': 5000,
    'checkpoint_path': '',
    'credit_near_zero_threshold': 0.0001,
    'critic_lr': 0.0005,
    'double_q': True,
    'env': 'sc2',
    'env_args': {   'continuing_episode': False,
                    'debug': False,
                    'difficulty': '7',
                    'game_version': None,
                    'heuristic_ai': False,
                    'heuristic_rest': False,
                    'map_name': '3s5z',
                    'move_amount': 2,
                    'obs_all_health': True,
                    'obs_instead_of_state': False,
                    'obs_last_action': False,
                    'obs_own_health': True,
                    'obs_pathing_grid': False,
                    'obs_terrain_height': False,
                    'obs_timestep_number': False,
                    'replay_dir': '',
                    'replay_prefix': '',
                    'reward_death_value': 10,
                    'reward_defeat': 0,
                    'reward_negative_scale': 0.5,
                    'reward_only_positive': True,
                    'reward_scale': True,
                    'reward_scale_rate': 20,
                    'reward_sparse': False,
                    'reward_win': 200,
                    'seed': 41,
                    'state_last_action': True,
                    'state_timestep_number': False,
                    'step_mul': 8},
    'epsilon_anneal_time': 50000,
    'epsilon_finish': 0.05,
    'epsilon_start': 1.0,
    'evaluate': False,
    'gamma': 0.99,
    'grad_norm_clip': 10,
    'label': 'default_label',
    'learner': 'q_learner',
    'learner_log_interval': 10000,
    'load_step': 0,
    'local_results_path': 'results',
    'log_interval': 10000,
    'lr': 0.0005,
    'mac': 'basic_mac',
    'mixer': 'amco',
    'mixer_diagnostics': True,
    'name': 'amco_centered_softplus_b20_3s5z_seed41',
    'obs_agent_id': True,
    'obs_last_action': True,
    'optim_alpha': 0.99,
    'optim_eps': 1e-05,
    'repeat_id': 1,
    'rnn_hidden_dim': 64,
    'runner': 'episode',
    'runner_log_interval': 10000,
    'save_model': False,
    'save_model_interval': 2000000,
    'save_replay': False,
    'seed': 41,
    't_max': 2050000,
    'target_update_interval': 200,
    'test_greedy': True,
    'test_interval': 10000,
    'test_nepisode': 32,
    'use_cuda': True,
    'use_tensorboard': True}

[INFO 17:34:48] my_main Beginning training for 2050000 timesteps
[INFO 17:34:48] absl Launching SC2: /data/workspace/wxr/pymarl-monotone-qmix/3rdparty/StarCraftII/Versions/Base75689/SC2_x64 -listen 127.0.0.1 -port 37489 -dataDir /data/workspace/wxr/pymarl-monotone-qmix/3rdparty/StarCraftII/ -tempDir /tmp/sc-glaowwfw/
[INFO 17:34:49] absl Connecting to: ws://127.0.0.1:37489/sc2api, attempt: 0, running: True
Version: B75689 (SC2.4.10)
Build: Aug 12 2019 17:16:57
Command Line: '"/data/workspace/wxr/pymarl-monotone-qmix/3rdparty/StarCraftII/Versions/Base75689/SC2_x64" -listen 127.0.0.1 -port 37489 -dataDir /data/workspace/wxr/pymarl-monotone-qmix/3rdparty/StarCraftII/ -tempDir /tmp/sc-glaowwfw/'
Starting up...
Startup Phase 1 complete
[INFO 17:34:50] absl Connecting to: ws://127.0.0.1:37489/sc2api, attempt: 1, running: True
Startup Phase 2 complete
Creating stub renderer...
Listening on: 127.0.0.1:37489
Startup Phase 3 complete. Ready for commands.
[INFO 17:34:51] absl Connecting to: ws://127.0.0.1:37489/sc2api, attempt: 2, running: True
ConnectHandler: Request from 127.0.0.1:53596 accepted
ReadyHandler: 127.0.0.1:53596 ready
Requesting to join a single player game
Configuring interface options
Configure: raw interface enabled
Configure: feature layer interface disabled
Configure: score interface disabled
Configure: render interface disabled
Launching next game.
Next launch phase started: 2
Next launch phase started: 3
Next launch phase started: 4
Next launch phase started: 5
Next launch phase started: 6
Next launch phase started: 7
Next launch phase started: 8
Game has started.
Using default stable ids, none found at: /data/workspace/wxr/pymarl-monotone-qmix/3rdparty/StarCraftII/stableid.json
Successfully loaded stable ids: GameData\stableid.json
Sending ResponseJoinGame
[INFO 17:34:55] my_main t_env: 47 / 2050000
[INFO 17:34:55] my_main Estimated time left: 21 minutes, 19 seconds. Time passed: 6 seconds
/data/workspace/mzn/miniconda3/envs/pymarl/lib/python3.9/site-packages/torch/autograd/graph.py:829: UserWarning: Attempting to run cuBLAS, but there was no current CUDA context! Attempting to set the primary context... (Triggered internally at /pytorch/aten/src/ATen/cuda/CublasHandlePool.cpp:179.)
  return Variable._execution_engine.run_backward(  # Calls into the C++ engine to run the backward pass
[INFO 17:41:06] my_main Recent Stats | t_env:      10008 | Episode:      191
amco_input_q_weight_grad_norm:  0.1966	amco_input_q_weight_grad_rms:  0.0071	amco_input_state_to_q_grad_rms_ratio:  1.2719	amco_input_state_weight_grad_norm:  0.9015
amco_input_state_weight_grad_rms:  0.0090	amco_layer_0_activation_slope_mean:  0.5103	amco_layer_0_activation_slope_p10:  0.4894	amco_layer_0_nonpositive_frac:  0.3520
amco_layer_0_preactivation_mean:  0.0206	amco_layer_0_preactivation_std:  0.0331	amco_layer_1_activation_slope_mean:  0.5219	amco_layer_1_activation_slope_p10:  0.4838
amco_layer_1_nonpositive_frac:  0.3622	amco_layer_1_preactivation_mean:  0.0445	amco_layer_1_preactivation_std:  0.0590	amco_layer_2_activation_slope_mean:  0.5531
amco_layer_2_activation_slope_p10:  0.5130	amco_layer_2_nonpositive_frac:  0.3436	amco_layer_2_preactivation_mean:  0.1143	amco_layer_2_preactivation_std:  0.0672
amco_mixing_output_rms:    0.9013	amco_pre_activation_nonpositive_frac:  0.3526	amco_q_term_rms:           0.0671	amco_state_credit_delta:   0.0001
amco_state_credit_share_delta:  0.0000	amco_state_encoder_grad_norm:  1.3020	amco_state_encoder_grad_rms:  0.0071	amco_state_term_rms:       0.0183
amco_state_to_q_ratio:     0.2723	amco_state_value_rms:      0.1383	amco_v_to_m_ratio:         0.1535	battle_won_mean:           0.0000
credit_entropy:            0.9989	credit_grad_agent_0:       2.5435	credit_grad_agent_1:       2.6990	credit_grad_agent_2:       2.5699
credit_grad_agent_3:       2.8059	credit_grad_agent_4:       2.7411	credit_grad_agent_5:       2.4691	credit_grad_agent_6:       2.3819
credit_grad_agent_7:       2.2563	credit_grad_cv:            0.0684	credit_grad_max:           2.8123	credit_grad_mean:          2.5583
credit_grad_median:        2.5558	credit_grad_min:           2.2360	credit_grad_near_zero_frac:  0.0000	credit_grad_negative_frac:  0.0000
credit_grad_p10:           2.2584	credit_grad_p90:           2.8042	credit_grad_std:           0.1751	credit_max_share:          0.1371
dead_allies_mean:          8.0000	dead_enemies_mean:         0.0000	ep_length_mean:           47.0000	epsilon:                   1.0000
grad_norm:                61.6845	loss:                      6.9019	q_taken_mean:              0.0279	return_mean:               4.2285
return_std:                0.0000	target_mean:               0.3178	td_error_abs:              2.3538	test_battle_won_mean:      0.0000
test_dead_allies_mean:     8.0000	test_dead_enemies_mean:    0.5938	test_ep_length_mean:      46.8125	test_return_mean:          2.5676
test_return_std:           1.5337	
[INFO 17:41:08] my_main t_env: 10057 / 2050000
[INFO 17:41:08] my_main Estimated time left: 21 hours, 8 minutes, 27 seconds. Time passed: 6 minutes, 19 seconds
[INFO 17:42:22] my_main Updated target network
/data/workspace/mzn/miniconda3/envs/pymarl/lib/python3.9/site-packages/sacred/stdout_capturing.py:179: UserWarning: tee_stdout.wait timeout. Forcibly terminating.
  warnings.warn("tee_stdout.wait timeout. Forcibly terminating.")
/data/workspace/mzn/miniconda3/envs/pymarl/lib/python3.9/site-packages/sacred/stdout_capturing.py:185: UserWarning: tee_stderr.wait timeout. Forcibly terminating.
  warnings.warn("tee_stderr.wait timeout. Forcibly terminating.")
[DEBUG 17:43:27] pymarl Stopping Heartbeat
[ERROR 17:43:27] pymarl Failed after 0:08:41!
Traceback (most recent calls WITHOUT Sacred internals):
  File "/data/workspace/wxr/pymarl-monotone-qmix/src/main.py", line 36, in my_main
    run(_run, config, _log)
  File "/data/workspace/wxr/pymarl-monotone-qmix/src/run.py", line 48, in run
    run_sequential(args=args, logger=logger)
  File "/data/workspace/wxr/pymarl-monotone-qmix/src/run.py", line 179, in run_sequential
    learner.train(episode_sample, runner.t_env, episode)
  File "/data/workspace/wxr/pymarl-monotone-qmix/src/learners/q_learner.py", line 151, in train
    chosen_action_qvals = self.mixer(chosen_action_qvals, batch["state"][:, :-1])
  File "/data/workspace/mzn/miniconda3/envs/pymarl/lib/python3.9/site-packages/torch/nn/modules/module.py", line 1773, in _wrapped_call_impl
    return self._call_impl(*args, **kwargs)
  File "/data/workspace/mzn/miniconda3/envs/pymarl/lib/python3.9/site-packages/torch/nn/modules/module.py", line 1784, in _call_impl
    return forward_call(*args, **kwargs)
  File "/data/workspace/wxr/pymarl-monotone-qmix/src/modules/mixers/amco_monotone.py", line 507, in forward
    mixing_output = self.monotone_net(hidden)
  File "/data/workspace/mzn/miniconda3/envs/pymarl/lib/python3.9/site-packages/torch/nn/modules/module.py", line 1773, in _wrapped_call_impl
    return self._call_impl(*args, **kwargs)
  File "/data/workspace/mzn/miniconda3/envs/pymarl/lib/python3.9/site-packages/torch/nn/modules/module.py", line 1784, in _call_impl
    return forward_call(*args, **kwargs)
  File "/data/workspace/mzn/miniconda3/envs/pymarl/lib/python3.9/site-packages/torch/nn/modules/container.py", line 244, in forward
    input = module(input)
  File "/data/workspace/mzn/miniconda3/envs/pymarl/lib/python3.9/site-packages/torch/nn/modules/module.py", line 1773, in _wrapped_call_impl
    return self._call_impl(*args, **kwargs)
  File "/data/workspace/mzn/miniconda3/envs/pymarl/lib/python3.9/site-packages/torch/nn/modules/module.py", line 1784, in _call_impl
    return forward_call(*args, **kwargs)
  File "/data/workspace/wxr/pymarl-monotone-qmix/src/modules/mixers/amco_monotone.py", line 127, in forward
    x_neg = F.linear(self.act(-x), w_neg, None)
  File "/data/workspace/mzn/miniconda3/envs/pymarl/lib/python3.9/site-packages/torch/nn/modules/module.py", line 1773, in _wrapped_call_impl
    return self._call_impl(*args, **kwargs)
  File "/data/workspace/mzn/miniconda3/envs/pymarl/lib/python3.9/site-packages/torch/nn/modules/module.py", line 1784, in _call_impl
    return forward_call(*args, **kwargs)
  File "/data/workspace/wxr/pymarl-monotone-qmix/src/modules/mixers/amco_monotone.py", line 27, in forward
    return self.softplus(x) - math.log(2.0) / self.beta
  File "/data/workspace/mzn/miniconda3/envs/pymarl/lib/python3.9/site-packages/torch/nn/modules/module.py", line 1773, in _wrapped_call_impl
    return self._call_impl(*args, **kwargs)
  File "/data/workspace/mzn/miniconda3/envs/pymarl/lib/python3.9/site-packages/torch/nn/modules/module.py", line 1784, in _call_impl
    return forward_call(*args, **kwargs)
  File "/data/workspace/mzn/miniconda3/envs/pymarl/lib/python3.9/site-packages/torch/nn/modules/activation.py", line 901, in forward
    return F.softplus(input, self.beta, self.threshold)
torch.OutOfMemoryError: CUDA out of memory. Tried to allocate 20.00 MiB. GPU 0 has a total capacity of 23.52 GiB of which 6.06 MiB is free. Including non-PyTorch memory, this process has 850.00 MiB memory in use. Process 3558032 has 822.00 MiB memory in use. Process 3558034 has 882.00 MiB memory in use. Process 3558026 has 592.00 MiB memory in use. Process 3558030 has 618.00 MiB memory in use. Process 3558028 has 584.00 MiB memory in use. Process 3569421 has 19.21 GiB memory in use. Of the allocated memory 372.24 MiB is allocated by PyTorch, and 9.76 MiB is reserved by PyTorch but unallocated. If reserved but unallocated memory is large try setting PYTORCH_CUDA_ALLOC_CONF=expandable_segments:True to avoid fragmentation.  See documentation for Memory Management  (https://pytorch.org/docs/stable/notes/cuda.html#environment-variables)

[INFO 17:43:28] absl Shutdown gracefully.
[INFO 17:43:28] absl Shutdown with return code: -15
