/labmount/users/202535331/miniconda3/envs/pymarl/lib/python3.9/site-packages/sacred/dependencies.py:11: UserWarning: pkg_resources is deprecated as an API. See https://setuptools.pypa.io/en/latest/pkg_resources.html. The pkg_resources package is slated for removal as early as 2025-11-30. Refrain from using this package or pin to Setuptools<81.
  import pkg_resources
[DEBUG 01:24:39] git.cmd Popen(['git', 'version'], cwd=/labmount/users/202535331/MARL/pymarl-monotone-qmix, stdin=None, shell=False, universal_newlines=False)
[DEBUG 01:24:39] git.cmd Popen(['git', 'version'], cwd=/labmount/users/202535331/MARL/pymarl-monotone-qmix, stdin=None, shell=False, universal_newlines=False)
[DEBUG 01:24:39] git.util sys.platform='linux', git_executable='git'
[DEBUG 01:24:39] git.cmd Popen(['git', 'diff', '--cached', '--abbrev=40', '--full-index', '--raw'], cwd=/labmount/users/202535331/MARL/pymarl-monotone-qmix, stdin=None, shell=False, universal_newlines=False)
[DEBUG 01:24:39] git.cmd Popen(['git', 'diff', '--abbrev=40', '--full-index', '--raw'], cwd=/labmount/users/202535331/MARL/pymarl-monotone-qmix, stdin=None, shell=False, universal_newlines=False)
[DEBUG 01:24:39] git.cmd Popen(['git', 'cat-file', '--batch-check'], cwd=/labmount/users/202535331/MARL/pymarl-monotone-qmix, stdin=<valid stream>, shell=False, universal_newlines=False)
[DEBUG 01:24:40] git.util sys.platform='linux', git_executable='git'
[DEBUG 01:24:40] git.cmd Popen(['git', 'diff', '--cached', '--abbrev=40', '--full-index', '--raw'], cwd=/labmount/users/202535331/MARL/pymarl-monotone-qmix, stdin=None, shell=False, universal_newlines=False)
[DEBUG 01:24:40] git.cmd Popen(['git', 'diff', '--abbrev=40', '--full-index', '--raw'], cwd=/labmount/users/202535331/MARL/pymarl-monotone-qmix, stdin=None, shell=False, universal_newlines=False)
[DEBUG 01:24:40] git.cmd Popen(['git', 'cat-file', '--batch-check'], cwd=/labmount/users/202535331/MARL/pymarl-monotone-qmix, stdin=<valid stream>, shell=False, universal_newlines=False)
[DEBUG 01:24:40] git.util sys.platform='linux', git_executable='git'
[DEBUG 01:24:40] git.cmd Popen(['git', 'diff', '--cached', '--abbrev=40', '--full-index', '--raw'], cwd=/labmount/users/202535331/MARL/pymarl-monotone-qmix, stdin=None, shell=False, universal_newlines=False)
[DEBUG 01:24:40] git.cmd Popen(['git', 'diff', '--abbrev=40', '--full-index', '--raw'], cwd=/labmount/users/202535331/MARL/pymarl-monotone-qmix, stdin=None, shell=False, universal_newlines=False)
[DEBUG 01:24:40] git.cmd Popen(['git', 'cat-file', '--batch-check'], cwd=/labmount/users/202535331/MARL/pymarl-monotone-qmix, stdin=<valid stream>, shell=False, universal_newlines=False)
[INFO 01:24:40] root Saving to FileStorageObserver in /labmount/users/202535331/MARL/pymarl-monotone-qmix/results/sacred/s2q_pmix_kan.
[DEBUG 01:24:41] pymarl Using capture mode "fd"
[INFO 01:24:41] pymarl Running command 'my_main'
[INFO 01:24:41] pymarl Started run with ID "14"
[DEBUG 01:24:41] pymarl Starting Heartbeat
[DEBUG 01:24:41] my_main Started
[INFO 01:24:41] my_main Experiment Parameters:
[INFO 01:24:41] my_main 

{   'action_selector': 's2q_epsilon_greedy',
    'agent': 's2q_rnn',
    'agent_output_type': 'q',
    'batch_size': 32,
    'batch_size_run': 1,
    'buffer_cpu_only': True,
    'buffer_size': 5000,
    'central_action_embed': 1,
    'central_mixing_embed_dim': 256,
    'checkpoint_path': '',
    'common_reward': True,
    'critic_lr': 0.0005,
    'double_q': True,
    'env': 'sc2',
    'env_args': {   'continuing_episode': False,
                    'debug': False,
                    'difficulty': '7',
                    'game_version': None,
                    'heuristic_ai': False,
                    'heuristic_rest': False,
                    'map_name': '5m_vs_6m',
                    'move_amount': 2,
                    'obs_all_health': True,
                    'obs_instead_of_state': False,
                    'obs_last_action': False,
                    'obs_own_health': True,
                    'obs_pathing_grid': False,
                    'obs_terrain_height': False,
                    'obs_timestep_number': False,
                    'replay_dir': '',
                    'replay_prefix': '',
                    'reward_death_value': 10,
                    'reward_defeat': 0,
                    'reward_negative_scale': 0.5,
                    'reward_only_positive': True,
                    'reward_scale': True,
                    'reward_scale_rate': 20,
                    'reward_sparse': False,
                    'reward_win': 200,
                    'seed': 1,
                    'state_last_action': True,
                    'state_timestep_number': False,
                    'step_mul': 8},
    'epsilon_anneal_time': 50000,
    'epsilon_finish': 0.05,
    'epsilon_start': 1.0,
    'evaluate': False,
    'evaluation_epsilon': 0.0,
    'gamma': 0.99,
    'grad_norm_clip': 10,
    'label': 'default_label',
    'learner': 's2q_learner',
    'learner_log_interval': 10000,
    'load_step': 0,
    'local_results_path': 'results',
    'log_interval': 10000,
    'lr': 0.0005,
    'mac': 's2q_mac',
    'mixer': 's2q_pmix_kan',
    'monokan_grid': 7,
    'monokan_grid_by_map': {   '1c3s5z': 7,
                               '27m_vs_30m': 7,
                               '2c_vs_64zg': 7,
                               '2s3z': 7,
                               '3s5z': 7,
                               '3s_vs_5z': 7,
                               '5m_vs_6m': 7,
                               'MMM2': 7,
                               'bane_vs_bane': 7},
    'monokan_grid_max': 1.0,
    'monokan_grid_min': -1.0,
    'monokan_hidden_dim': 32,
    'monokan_hidden_dim_by_map': {   '27m_vs_30m': 64,
                                     '2c_vs_64zg': 64,
                                     'bane_vs_bane': 64},
    'monokan_min_increment': 0.0001,
    'monokan_noise_scale': 0.02,
    'monokan_q_temperature': 1.0,
    'monokan_state_activation': 'silu',
    'monokan_state_embed_dim': 32,
    'monokan_state_embed_dim_by_map': {   '1c3s5z': 32,
                                          '27m_vs_30m': 64,
                                          '2c_vs_64zg': 64,
                                          '2s3z': 32,
                                          '3s5z': 32,
                                          '3s_vs_5z': 32,
                                          '5m_vs_6m': 32,
                                          'MMM2': 32,
                                          'bane_vs_bane': 64},
    'monokan_state_encoder_depth': 1,
    'monokan_state_value_activation': 'relu',
    'monokan_state_value_dim': 32,
    'name': 's2q_pmix_kan_5m_vs_6m_seed1',
    'obs_agent_id': True,
    'obs_last_action': True,
    'optim_alpha': 0.99,
    'optim_eps': 1e-05,
    'optimizer': 'rmsprop',
    'repeat_id': 1,
    'rnn_hidden_dim': 64,
    'runner': 'episode',
    'runner_log_interval': 10000,
    's2q_alpha': 1.0,
    's2q_central_hidden_dim': 64,
    's2q_central_use_agent_id': True,
    's2q_encoder_hidden_dim': 64,
    's2q_hidden_dim': 64,
    's2q_k': 2,
    's2q_latent_dim': 32,
    's2q_temperature': 0.1,
    'save_model': True,
    'save_model_interval': 2000000,
    'save_replay': False,
    'seed': 1,
    't_max': 2050000,
    'target_update_interval': 200,
    'test_greedy': True,
    'test_interval': 10000,
    'test_nepisode': 32,
    'use_cuda': True,
    'use_tensorboard': True,
    'w_c': 0.9}

[INFO 01:24:43] my_main Beginning training for 2050000 timesteps
[INFO 01:24:43] absl Launching SC2: /labmount/users/202535331/MARL/pymarl-monotone-qmix/3rdparty/StarCraftII/Versions/Base75689/SC2_x64 -listen 127.0.0.1 -port 41035 -dataDir /labmount/users/202535331/MARL/pymarl-monotone-qmix/3rdparty/StarCraftII/ -tempDir /tmp/sc-tbeqjsr1/
[INFO 01:24:43] absl Connecting to: ws://127.0.0.1:41035/sc2api, attempt: 0, running: True
Version: B75689 (SC2.4.10)
Build: Aug 12 2019 17:16:57
Command Line: '"/labmount/users/202535331/MARL/pymarl-monotone-qmix/3rdparty/StarCraftII/Versions/Base75689/SC2_x64" -listen 127.0.0.1 -port 41035 -dataDir /labmount/users/202535331/MARL/pymarl-monotone-qmix/3rdparty/StarCraftII/ -tempDir /tmp/sc-tbeqjsr1/'
Starting up...
Startup Phase 1 complete
[INFO 01:24:44] absl Connecting to: ws://127.0.0.1:41035/sc2api, attempt: 1, running: True
Startup Phase 2 complete
Creating stub renderer...
Listening on: 127.0.0.1:41035
Startup Phase 3 complete. Ready for commands.
[INFO 01:24:45] absl Connecting to: ws://127.0.0.1:41035/sc2api, attempt: 2, running: True
ConnectHandler: Request from 127.0.0.1:55766 accepted
ReadyHandler: 127.0.0.1:55766 ready
Requesting to join a single player game
Configuring interface options
Configure: raw interface enabled
Configure: feature layer interface disabled
Configure: score interface disabled
Configure: render interface disabled
Launching next game.
Next launch phase started: 2
Next launch phase started: 3
Next launch phase started: 4
Next launch phase started: 5
Next launch phase started: 6
Next launch phase started: 7
Next launch phase started: 8
Game has started.
Using default stable ids, none found at: /labmount/users/202535331/MARL/pymarl-monotone-qmix/3rdparty/StarCraftII/stableid.json
Successfully loaded stable ids: GameData\stableid.json
Sending ResponseJoinGame
[INFO 01:24:50] my_main t_env: 40 / 2050000
[INFO 01:24:50] my_main Estimated time left: 22 minutes, 30 seconds. Time passed: 6 seconds
[INFO 01:24:54] my_main Saving models to results/models/s2q_pmix_kan_5m_vs_6m_seed1__2026-10-03_01-24-41/40
[INFO 01:27:29] my_main Recent Stats | t_env:      10001 | Episode:      381
battle_won_mean:           0.0000	dead_allies_mean:          5.0000	dead_enemies_mean:         0.0000	ep_length_mean:           40.0000
epsilon:                   1.0000	grad_norm:                 3.2420	loss:                      0.4595	loss_central:              0.0204
loss_latent:               0.3265	loss_td:                   0.1126	q_taken_mean:             -0.1608	return_mean:               1.3585
return_std:                0.0000	target_mean:               0.0950	td_error_abs:              0.2559	test_battle_won_mean:      0.0000
test_dead_allies_mean:     5.0000	test_dead_enemies_mean:    0.0312	test_ep_length_mean:      20.7500	test_return_mean:          0.4823
test_return_std:           0.4866	
[INFO 01:27:29] my_main t_env: 10056 / 2050000
[INFO 01:27:29] my_main Estimated time left: 9 hours, 1 minutes, 26 seconds. Time passed: 2 minutes, 46 seconds
[INFO 01:30:40] my_main Recent Stats | t_env:      20013 | Episode:      863
battle_won_mean:           0.0000	dead_allies_mean:          4.9948	dead_enemies_mean:         0.0013	ep_length_mean:           33.1099
epsilon:                   0.8094	grad_norm:                 1.7816	loss:                      0.4825	loss_central:              0.0183
loss_latent:               0.3802	loss_td:                   0.0840	q_taken_mean:              0.1431	return_mean:               1.4703
return_std:                0.2437	target_mean:               0.2744	td_error_abs:              0.1781	test_battle_won_mean:      0.0000
test_dead_allies_mean:     4.5156	test_dead_enemies_mean:    0.5781	test_ep_length_mean:      44.7031	test_return_mean:          2.1692
test_return_std:           0.4800	
[INFO 01:30:41] my_main t_env: 20076 / 2050000
[INFO 01:30:41] my_main Estimated time left: 10 hours, 46 minutes, 19 seconds. Time passed: 5 minutes, 57 seconds
[INFO 01:33:45] my_main Recent Stats | t_env:      30018 | Episode:     1392
battle_won_mean:           0.0000	dead_allies_mean:          4.9958	dead_enemies_mean:         0.0195	ep_length_mean:           28.9884
epsilon:                   0.6190	grad_norm:                 2.7241	loss:                      0.6917	loss_central:              0.0177
loss_latent:               0.5800	loss_td:                   0.0941	q_taken_mean:              0.4438	return_mean:               1.7243
return_std:                0.3858	target_mean:               0.5358	td_error_abs:              0.1525	test_battle_won_mean:      0.0000
test_dead_allies_mean:     4.6771	test_dead_enemies_mean:    1.1354	test_ep_length_mean:      36.4896	test_return_mean:          3.6042
test_return_std:           0.5559	
[INFO 01:33:46] my_main t_env: 30096 / 2050000
[INFO 01:33:46] my_main Estimated time left: 10 hours, 22 minutes, 59 seconds. Time passed: 9 minutes, 2 seconds
[INFO 01:36:41] my_main Recent Stats | t_env:      40033 | Episode:     1932
battle_won_mean:           0.0000	dead_allies_mean:          4.9969	dead_enemies_mean:         0.0910	ep_length_mean:           26.4677
epsilon:                   0.4287	grad_norm:                 3.5630	loss:                      0.9684	loss_central:              0.0218
loss_latent:               0.7872	loss_td:                   0.1594	q_taken_mean:              0.8120	return_mean:               2.0552
return_std:                0.5219	target_mean:               0.8664	td_error_abs:              0.1474	test_battle_won_mean:      0.0000
test_dead_allies_mean:     4.7578	test_dead_enemies_mean:    1.4219	test_ep_length_mean:      32.3750	test_return_mean:          4.4546
test_return_std:           0.5978	
[INFO 01:36:43] my_main t_env: 40106 / 2050000
[INFO 01:36:43] my_main Estimated time left: 9 hours, 50 minutes, 22 seconds. Time passed: 11 minutes, 59 seconds
[INFO 01:39:35] my_main Recent Stats | t_env:      50049 | Episode:     2461
battle_won_mean:           0.0000	dead_allies_mean:          4.9975	dead_enemies_mean:         0.2384	ep_length_mean:           24.8816
epsilon:                   0.2384	grad_norm:                 3.2213	loss:                      1.1439	loss_central:              0.0248
loss_latent:               0.7727	loss_td:                   0.3464	q_taken_mean:              1.1279	return_mean:               2.4855
return_std:                0.6243	target_mean:               1.1601	td_error_abs:              0.1472	test_battle_won_mean:      0.0000
test_dead_allies_mean:     4.8063	test_dead_enemies_mean:    1.6187	test_ep_length_mean:      29.8750	test_return_mean:          4.9219
test_return_std:           0.6590	
[INFO 01:39:36] my_main t_env: 50107 / 2050000
[INFO 01:39:36] my_main Estimated time left: 9 hours, 37 minutes, 32 seconds. Time passed: 14 minutes, 52 seconds
RequestQuit command received.
Closing Application...
DataHandler: unable to parse websocket frame.
CloseHandler: 127.0.0.1:55766 disconnected
[INFO 01:42:10] absl Shutdown gracefully.
[INFO 01:42:10] absl Shutdown with return code: -15
[INFO 01:42:10] absl Launching SC2: /labmount/users/202535331/MARL/pymarl-monotone-qmix/3rdparty/StarCraftII/Versions/Base75689/SC2_x64 -listen 127.0.0.1 -port 43029 -dataDir /labmount/users/202535331/MARL/pymarl-monotone-qmix/3rdparty/StarCraftII/ -tempDir /tmp/sc-fwznamrf/
[INFO 01:42:10] absl Connecting to: ws://127.0.0.1:43029/sc2api, attempt: 0, running: True
Version: B75689 (SC2.4.10)
Build: Aug 12 2019 17:16:57
Command Line: '"/labmount/users/202535331/MARL/pymarl-monotone-qmix/3rdparty/StarCraftII/Versions/Base75689/SC2_x64" -listen 127.0.0.1 -port 43029 -dataDir /labmount/users/202535331/MARL/pymarl-monotone-qmix/3rdparty/StarCraftII/ -tempDir /tmp/sc-fwznamrf/'
Starting up...
Startup Phase 1 complete
[INFO 01:42:11] absl Connecting to: ws://127.0.0.1:43029/sc2api, attempt: 1, running: True
Startup Phase 2 complete
Creating stub renderer...
Listening on: 127.0.0.1:43029
Startup Phase 3 complete. Ready for commands.
[INFO 01:42:12] absl Connecting to: ws://127.0.0.1:43029/sc2api, attempt: 2, running: True
ConnectHandler: Request from 127.0.0.1:40548 accepted
ReadyHandler: 127.0.0.1:40548 ready
Requesting to join a single player game
Configuring interface options
Configure: raw interface enabled
Configure: feature layer interface disabled
Configure: score interface disabled
Configure: render interface disabled
Launching next game.
Next launch phase started: 2
Next launch phase started: 3
Next launch phase started: 4
Next launch phase started: 5
Next launch phase started: 6
Next launch phase started: 7
Next launch phase started: 8
Game has started.
Using default stable ids, none found at: /labmount/users/202535331/MARL/pymarl-monotone-qmix/3rdparty/StarCraftII/stableid.json
Successfully loaded stable ids: GameData\stableid.json
Sending ResponseJoinGame
[INFO 01:42:28] my_main Recent Stats | t_env:      60049 | Episode:     2987
battle_won_mean:           0.0000	dead_allies_mean:          4.9971	dead_enemies_mean:         0.5486	ep_length_mean:           20.6698
epsilon:                   0.0500	grad_norm:                 2.9926	loss:                      1.4599	loss_central:              0.0294
loss_latent:               0.8600	loss_td:                   0.5704	q_taken_mean:              1.6401	return_mean:               3.3066
return_std:                0.8199	target_mean:               1.6222	td_error_abs:              0.1231	test_battle_won_mean:      0.0000
test_dead_allies_mean:     4.8063	test_dead_enemies_mean:    2.1063	test_ep_length_mean:      29.6938	test_return_mean:          6.1870
test_return_std:           0.6996	
[INFO 01:42:29] my_main t_env: 60107 / 2050000
[INFO 01:42:29] my_main Estimated time left: 9 hours, 32 minutes, 54 seconds. Time passed: 17 minutes, 45 seconds
[INFO 01:45:11] my_main Recent Stats | t_env:      70054 | Episode:     3506
battle_won_mean:           0.0000	dead_allies_mean:          4.9973	dead_enemies_mean:         0.9013	ep_length_mean:           19.2281
epsilon:                   0.0500	grad_norm:                 4.2011	loss:                      1.9545	loss_central:              0.0325
loss_latent:               0.9972	loss_td:                   0.9249	q_taken_mean:              2.0116	return_mean:               4.1786
return_std:                0.9027	target_mean:               2.0029	td_error_abs:              0.1273	test_battle_won_mean:      0.0000
test_dead_allies_mean:     5.0000	test_dead_enemies_mean:    2.3250	test_ep_length_mean:      19.8250	test_return_mean:          6.7358
test_return_std:           0.7848	
[INFO 01:45:12] my_main t_env: 70144 / 2050000
[INFO 01:45:12] my_main Estimated time left: 8 hours, 57 minutes, 11 seconds. Time passed: 20 minutes, 28 seconds
[INFO 01:47:51] my_main Recent Stats | t_env:      80066 | Episode:     4011
battle_won_mean:           0.0000	dead_allies_mean:          4.9973	dead_enemies_mean:         1.2732	ep_length_mean:           18.9544
epsilon:                   0.0500	grad_norm:                 4.4080	loss:                      2.2676	loss_central:              0.0368
loss_latent:               0.9997	loss_td:                   1.2311	q_taken_mean:              2.3855	return_mean:               4.9576
return_std:                0.9612	target_mean:               2.3728	td_error_abs:              0.1326	test_battle_won_mean:      0.0000
test_dead_allies_mean:     5.0000	test_dead_enemies_mean:    2.2625	test_ep_length_mean:      19.6000	test_return_mean:          6.7434
test_return_std:           0.7897	
[INFO 01:47:53] my_main t_env: 80146 / 2050000
[INFO 01:47:53] my_main Estimated time left: 8 hours, 46 minutes, 30 seconds. Time passed: 23 minutes, 9 seconds
[INFO 01:50:32] my_main Recent Stats | t_env:      90074 | Episode:     4524
battle_won_mean:           0.0000	dead_allies_mean:          4.9969	dead_enemies_mean:         1.5860	ep_length_mean:           19.1188
epsilon:                   0.0500	grad_norm:                 4.2274	loss:                      2.4035	loss_central:              0.0371
loss_latent:               0.9176	loss_td:                   1.4488	q_taken_mean:              2.6119	return_mean:               5.5513
return_std:                0.9811	target_mean:               2.6024	td_error_abs:              0.1323	test_battle_won_mean:      0.0000
test_dead_allies_mean:     5.0000	test_dead_enemies_mean:    2.2875	test_ep_length_mean:      19.6062	test_return_mean:          6.6976
test_return_std:           0.8405	
[INFO 01:50:33] my_main t_env: 90151 / 2050000
[INFO 01:50:33] my_main Estimated time left: 8 hours, 44 minutes, 5 seconds. Time passed: 25 minutes, 49 seconds
[INFO 01:53:12] my_main Recent Stats | t_env:     100083 | Episode:     5050
battle_won_mean:           0.0000	dead_allies_mean:          4.9965	dead_enemies_mean:         1.8006	ep_length_mean:           19.3120
epsilon:                   0.0500	grad_norm:                 4.6659	loss:                      2.6454	loss_central:              0.0363
loss_latent:               0.9689	loss_td:                   1.6403	q_taken_mean:              2.7698	return_mean:               5.9135
return_std:                0.9746	target_mean:               2.7823	td_error_abs:              0.1295	test_battle_won_mean:      0.0000
test_dead_allies_mean:     5.0000	test_dead_enemies_mean:    2.2687	test_ep_length_mean:      19.5375	test_return_mean:          6.6559
test_return_std:           0.8307	
[INFO 01:53:13] my_main t_env: 100157 / 2050000
[INFO 01:53:13] my_main Estimated time left: 8 hours, 40 minutes, 37 seconds. Time passed: 28 minutes, 30 seconds
[INFO 01:55:44] my_main Recent Stats | t_env:     110094 | Episode:     5561
battle_won_mean:           0.0000	dead_allies_mean:          4.9969	dead_enemies_mean:         1.8447	ep_length_mean:           19.3283
epsilon:                   0.0500	grad_norm:                 4.9652	loss:                      2.7605	loss_central:              0.0338
loss_latent:               0.9790	loss_td:                   1.7478	q_taken_mean:              2.9239	return_mean:               5.9653
return_std:                0.9705	target_mean:               2.9341	td_error_abs:              0.1260	test_battle_won_mean:      0.0000
test_dead_allies_mean:     5.0000	test_dead_enemies_mean:    2.1500	test_ep_length_mean:      19.3313	test_return_mean:          6.4873
test_return_std:           0.8132	
[INFO 01:55:45] my_main t_env: 110172 / 2050000
[INFO 01:55:45] my_main Estimated time left: 8 hours, 11 minutes, 2 seconds. Time passed: 31 minutes, 2 seconds
[INFO 01:58:09] my_main Recent Stats | t_env:     120098 | Episode:     6055
battle_won_mean:           0.0000	dead_allies_mean:          4.9988	dead_enemies_mean:         1.8695	ep_length_mean:           19.4458
epsilon:                   0.0500	grad_norm:                 5.1801	loss:                      2.7263	loss_central:              0.0339
loss_latent:               0.9522	loss_td:                   1.7402	q_taken_mean:              3.1449	return_mean:               5.9896
return_std:                1.0117	target_mean:               3.1249	td_error_abs:              0.1310	test_battle_won_mean:      0.0000
test_dead_allies_mean:     5.0000	test_dead_enemies_mean:    2.2437	test_ep_length_mean:      19.5938	test_return_mean:          6.6210
test_return_std:           0.7958	
[INFO 01:58:10] my_main t_env: 120175 / 2050000
[INFO 01:58:10] my_main Estimated time left: 7 hours, 45 minutes, 25 seconds. Time passed: 33 minutes, 26 seconds
RequestQuit command received.
Closing Application...
DataHandler: unable to parse websocket frame.
CloseHandler: 127.0.0.1:40548 disconnected
[INFO 01:58:11] absl Shutdown gracefully.
[INFO 01:58:11] absl Shutdown with return code: -15
[INFO 01:58:11] absl Launching SC2: /labmount/users/202535331/MARL/pymarl-monotone-qmix/3rdparty/StarCraftII/Versions/Base75689/SC2_x64 -listen 127.0.0.1 -port 44643 -dataDir /labmount/users/202535331/MARL/pymarl-monotone-qmix/3rdparty/StarCraftII/ -tempDir /tmp/sc-8aaul3k4/
[INFO 01:58:11] absl Connecting to: ws://127.0.0.1:44643/sc2api, attempt: 0, running: True
Version: B75689 (SC2.4.10)
Build: Aug 12 2019 17:16:57
Command Line: '"/labmount/users/202535331/MARL/pymarl-monotone-qmix/3rdparty/StarCraftII/Versions/Base75689/SC2_x64" -listen 127.0.0.1 -port 44643 -dataDir /labmount/users/202535331/MARL/pymarl-monotone-qmix/3rdparty/StarCraftII/ -tempDir /tmp/sc-8aaul3k4/'
Starting up...
Startup Phase 1 complete
[INFO 01:58:12] absl Connecting to: ws://127.0.0.1:44643/sc2api, attempt: 1, running: True
Startup Phase 2 complete
Creating stub renderer...
Listening on: 127.0.0.1:44643
Startup Phase 3 complete. Ready for commands.
[INFO 01:58:13] absl Connecting to: ws://127.0.0.1:44643/sc2api, attempt: 2, running: True
ConnectHandler: Request from 127.0.0.1:57262 accepted
ReadyHandler: 127.0.0.1:57262 ready
Requesting to join a single player game
Configuring interface options
Configure: raw interface enabled
Configure: feature layer interface disabled
Configure: score interface disabled
Configure: render interface disabled
Launching next game.
Next launch phase started: 2
Next launch phase started: 3
Next launch phase started: 4
Next launch phase started: 5
Next launch phase started: 6
Next launch phase started: 7
Next launch phase started: 8
Game has started.
Using default stable ids, none found at: /labmount/users/202535331/MARL/pymarl-monotone-qmix/3rdparty/StarCraftII/stableid.json
Successfully loaded stable ids: GameData\stableid.json
Sending ResponseJoinGame
[INFO 02:00:42] my_main Recent Stats | t_env:     130105 | Episode:     6557
battle_won_mean:           0.0000	dead_allies_mean:          4.9984	dead_enemies_mean:         1.8967	ep_length_mean:           19.6203
epsilon:                   0.0500	grad_norm:                 5.0283	loss:                      2.7810	loss_central:              0.0320
loss_latent:               0.9386	loss_td:                   1.8104	q_taken_mean:              3.1943	return_mean:               6.0248
return_std:                1.0279	target_mean:               3.1679	td_error_abs:              0.1301	test_battle_won_mean:      0.0000
test_dead_allies_mean:     4.9688	test_dead_enemies_mean:    2.2125	test_ep_length_mean:      19.5562	test_return_mean:          6.4542
test_return_std:           0.9053	
[INFO 02:00:43] my_main t_env: 130187 / 2050000
[INFO 02:00:43] my_main Estimated time left: 8 hours, 8 minutes, 33 seconds. Time passed: 35 minutes, 59 seconds
[INFO 02:03:10] my_main Recent Stats | t_env:     140117 | Episode:     7046
battle_won_mean:           0.0000	dead_allies_mean:          4.9984	dead_enemies_mean:         1.8693	ep_length_mean:           19.6636
epsilon:                   0.0500	grad_norm:                 4.5410	loss:                      2.6784	loss_central:              0.0301
loss_latent:               0.9093	loss_td:                   1.7390	q_taken_mean:              3.1512	return_mean:               5.9806
return_std:                1.0228	target_mean:               3.1437	td_error_abs:              0.1264	test_battle_won_mean:      0.0000
test_dead_allies_mean:     4.9688	test_dead_enemies_mean:    2.2313	test_ep_length_mean:      19.7063	test_return_mean:          6.5271
test_return_std:           0.9437	
[INFO 02:03:11] my_main t_env: 140196 / 2050000
[INFO 02:03:11] my_main Estimated time left: 7 hours, 49 minutes, 32 seconds. Time passed: 38 minutes, 27 seconds
[INFO 02:05:37] my_main Recent Stats | t_env:     150137 | Episode:     7532
battle_won_mean:           0.0000	dead_allies_mean:          4.9976	dead_enemies_mean:         1.8209	ep_length_mean:           19.8566
epsilon:                   0.0500	grad_norm:                 4.9983	loss:                      2.6894	loss_central:              0.0312
loss_latent:               0.9021	loss_td:                   1.7561	q_taken_mean:              3.1375	return_mean:               5.8998
return_std:                1.0504	target_mean:               3.1305	td_error_abs:              0.1257	test_battle_won_mean:      0.0000
test_dead_allies_mean:     4.9688	test_dead_enemies_mean:    2.1313	test_ep_length_mean:      19.7063	test_return_mean:          6.4087
test_return_std:           0.8935	
[INFO 02:05:38] my_main t_env: 150198 / 2050000
[INFO 02:05:38] my_main Estimated time left: 7 hours, 46 minutes, 31 seconds. Time passed: 40 minutes, 54 seconds
[INFO 02:08:03] my_main Recent Stats | t_env:     160146 | Episode:     8005
battle_won_mean:           0.0000	dead_allies_mean:          4.9976	dead_enemies_mean:         1.8529	ep_length_mean:           20.1766
epsilon:                   0.0500	grad_norm:                 5.0589	loss:                      2.7170	loss_central:              0.0308
loss_latent:               0.9286	loss_td:                   1.7576	q_taken_mean:              3.1441	return_mean:               5.9716
return_std:                1.0942	target_mean:               3.1396	td_error_abs:              0.1259	test_battle_won_mean:      0.0000
test_dead_allies_mean:     4.9688	test_dead_enemies_mean:    2.3188	test_ep_length_mean:      20.3125	test_return_mean:          6.7413
test_return_std:           0.9147	
[INFO 02:08:04] my_main t_env: 160216 / 2050000
[INFO 02:08:04] my_main Estimated time left: 7 hours, 38 minutes, 32 seconds. Time passed: 43 minutes, 20 seconds
