/labmount/users/202535331/miniconda3/envs/pymarl/lib/python3.9/site-packages/sacred/dependencies.py:11: UserWarning: pkg_resources is deprecated as an API. See https://setuptools.pypa.io/en/latest/pkg_resources.html. The pkg_resources package is slated for removal as early as 2025-11-30. Refrain from using this package or pin to Setuptools<81.
  import pkg_resources
[DEBUG 01:24:39] git.cmd Popen(['git', 'version'], cwd=/labmount/users/202535331/MARL/pymarl-monotone-qmix, stdin=None, shell=False, universal_newlines=False)
[DEBUG 01:24:39] git.cmd Popen(['git', 'version'], cwd=/labmount/users/202535331/MARL/pymarl-monotone-qmix, stdin=None, shell=False, universal_newlines=False)
[DEBUG 01:24:39] git.util sys.platform='linux', git_executable='git'
[DEBUG 01:24:39] git.cmd Popen(['git', 'diff', '--cached', '--abbrev=40', '--full-index', '--raw'], cwd=/labmount/users/202535331/MARL/pymarl-monotone-qmix, stdin=None, shell=False, universal_newlines=False)
[DEBUG 01:24:39] git.cmd Popen(['git', 'diff', '--abbrev=40', '--full-index', '--raw'], cwd=/labmount/users/202535331/MARL/pymarl-monotone-qmix, stdin=None, shell=False, universal_newlines=False)
[DEBUG 01:24:39] git.cmd Popen(['git', 'cat-file', '--batch-check'], cwd=/labmount/users/202535331/MARL/pymarl-monotone-qmix, stdin=<valid stream>, shell=False, universal_newlines=False)
[DEBUG 01:24:40] git.util sys.platform='linux', git_executable='git'
[DEBUG 01:24:40] git.cmd Popen(['git', 'diff', '--cached', '--abbrev=40', '--full-index', '--raw'], cwd=/labmount/users/202535331/MARL/pymarl-monotone-qmix, stdin=None, shell=False, universal_newlines=False)
[DEBUG 01:24:40] git.cmd Popen(['git', 'diff', '--abbrev=40', '--full-index', '--raw'], cwd=/labmount/users/202535331/MARL/pymarl-monotone-qmix, stdin=None, shell=False, universal_newlines=False)
[DEBUG 01:24:40] git.cmd Popen(['git', 'cat-file', '--batch-check'], cwd=/labmount/users/202535331/MARL/pymarl-monotone-qmix, stdin=<valid stream>, shell=False, universal_newlines=False)
[DEBUG 01:24:40] git.util sys.platform='linux', git_executable='git'
[DEBUG 01:24:40] git.cmd Popen(['git', 'diff', '--cached', '--abbrev=40', '--full-index', '--raw'], cwd=/labmount/users/202535331/MARL/pymarl-monotone-qmix, stdin=None, shell=False, universal_newlines=False)
[DEBUG 01:24:40] git.cmd Popen(['git', 'diff', '--abbrev=40', '--full-index', '--raw'], cwd=/labmount/users/202535331/MARL/pymarl-monotone-qmix, stdin=None, shell=False, universal_newlines=False)
[DEBUG 01:24:40] git.cmd Popen(['git', 'cat-file', '--batch-check'], cwd=/labmount/users/202535331/MARL/pymarl-monotone-qmix, stdin=<valid stream>, shell=False, universal_newlines=False)
[INFO 01:24:40] root Saving to FileStorageObserver in /labmount/users/202535331/MARL/pymarl-monotone-qmix/results/sacred/s2q_pmix_kan.
[DEBUG 01:24:41] pymarl Using capture mode "fd"
[INFO 01:24:41] pymarl Running command 'my_main'
[INFO 01:24:41] pymarl Started run with ID "13"
[DEBUG 01:24:41] pymarl Starting Heartbeat
[DEBUG 01:24:41] my_main Started
[INFO 01:24:41] my_main Experiment Parameters:
[INFO 01:24:41] my_main 

{   'action_selector': 's2q_epsilon_greedy',
    'agent': 's2q_rnn',
    'agent_output_type': 'q',
    'batch_size': 32,
    'batch_size_run': 1,
    'buffer_cpu_only': True,
    'buffer_size': 5000,
    'central_action_embed': 1,
    'central_mixing_embed_dim': 256,
    'checkpoint_path': '',
    'common_reward': True,
    'critic_lr': 0.0005,
    'double_q': True,
    'env': 'sc2',
    'env_args': {   'continuing_episode': False,
                    'debug': False,
                    'difficulty': '7',
                    'game_version': None,
                    'heuristic_ai': False,
                    'heuristic_rest': False,
                    'map_name': '3s_vs_5z',
                    'move_amount': 2,
                    'obs_all_health': True,
                    'obs_instead_of_state': False,
                    'obs_last_action': False,
                    'obs_own_health': True,
                    'obs_pathing_grid': False,
                    'obs_terrain_height': False,
                    'obs_timestep_number': False,
                    'replay_dir': '',
                    'replay_prefix': '',
                    'reward_death_value': 10,
                    'reward_defeat': 0,
                    'reward_negative_scale': 0.5,
                    'reward_only_positive': True,
                    'reward_scale': True,
                    'reward_scale_rate': 20,
                    'reward_sparse': False,
                    'reward_win': 200,
                    'seed': 1,
                    'state_last_action': True,
                    'state_timestep_number': False,
                    'step_mul': 8},
    'epsilon_anneal_time': 50000,
    'epsilon_finish': 0.05,
    'epsilon_start': 1.0,
    'evaluate': False,
    'evaluation_epsilon': 0.0,
    'gamma': 0.99,
    'grad_norm_clip': 10,
    'label': 'default_label',
    'learner': 's2q_learner',
    'learner_log_interval': 10000,
    'load_step': 0,
    'local_results_path': 'results',
    'log_interval': 10000,
    'lr': 0.0005,
    'mac': 's2q_mac',
    'mixer': 's2q_pmix_kan',
    'monokan_grid': 7,
    'monokan_grid_by_map': {   '1c3s5z': 7,
                               '27m_vs_30m': 7,
                               '2c_vs_64zg': 7,
                               '2s3z': 7,
                               '3s5z': 7,
                               '3s_vs_5z': 7,
                               '5m_vs_6m': 7,
                               'MMM2': 7,
                               'bane_vs_bane': 7},
    'monokan_grid_max': 1.0,
    'monokan_grid_min': -1.0,
    'monokan_hidden_dim': 32,
    'monokan_hidden_dim_by_map': {   '27m_vs_30m': 64,
                                     '2c_vs_64zg': 64,
                                     'bane_vs_bane': 64},
    'monokan_min_increment': 0.0001,
    'monokan_noise_scale': 0.02,
    'monokan_q_temperature': 1.0,
    'monokan_state_activation': 'silu',
    'monokan_state_embed_dim': 32,
    'monokan_state_embed_dim_by_map': {   '1c3s5z': 32,
                                          '27m_vs_30m': 64,
                                          '2c_vs_64zg': 64,
                                          '2s3z': 32,
                                          '3s5z': 32,
                                          '3s_vs_5z': 32,
                                          '5m_vs_6m': 32,
                                          'MMM2': 32,
                                          'bane_vs_bane': 64},
    'monokan_state_encoder_depth': 1,
    'monokan_state_value_activation': 'relu',
    'monokan_state_value_dim': 32,
    'name': 's2q_pmix_kan_3s_vs_5z_seed1',
    'obs_agent_id': True,
    'obs_last_action': True,
    'optim_alpha': 0.99,
    'optim_eps': 1e-05,
    'optimizer': 'rmsprop',
    'repeat_id': 1,
    'rnn_hidden_dim': 64,
    'runner': 'episode',
    'runner_log_interval': 10000,
    's2q_alpha': 1.0,
    's2q_central_hidden_dim': 64,
    's2q_central_use_agent_id': True,
    's2q_encoder_hidden_dim': 64,
    's2q_hidden_dim': 64,
    's2q_k': 2,
    's2q_latent_dim': 32,
    's2q_temperature': 0.1,
    'save_model': True,
    'save_model_interval': 2000000,
    'save_replay': False,
    'seed': 1,
    't_max': 2050000,
    'target_update_interval': 200,
    'test_greedy': True,
    'test_interval': 10000,
    'test_nepisode': 32,
    'use_cuda': True,
    'use_tensorboard': True,
    'w_c': 0.9}

[INFO 01:24:43] my_main Beginning training for 2050000 timesteps
[INFO 01:24:43] absl Launching SC2: /labmount/users/202535331/MARL/pymarl-monotone-qmix/3rdparty/StarCraftII/Versions/Base75689/SC2_x64 -listen 127.0.0.1 -port 46829 -dataDir /labmount/users/202535331/MARL/pymarl-monotone-qmix/3rdparty/StarCraftII/ -tempDir /tmp/sc-tr9wesvp/
[INFO 01:24:43] absl Connecting to: ws://127.0.0.1:46829/sc2api, attempt: 0, running: True
Version: B75689 (SC2.4.10)
Build: Aug 12 2019 17:16:57
Command Line: '"/labmount/users/202535331/MARL/pymarl-monotone-qmix/3rdparty/StarCraftII/Versions/Base75689/SC2_x64" -listen 127.0.0.1 -port 46829 -dataDir /labmount/users/202535331/MARL/pymarl-monotone-qmix/3rdparty/StarCraftII/ -tempDir /tmp/sc-tr9wesvp/'
Starting up...
Startup Phase 1 complete
[INFO 01:24:44] absl Connecting to: ws://127.0.0.1:46829/sc2api, attempt: 1, running: True
Startup Phase 2 complete
Creating stub renderer...
Listening on: 127.0.0.1:46829
Startup Phase 3 complete. Ready for commands.
[INFO 01:24:45] absl Connecting to: ws://127.0.0.1:46829/sc2api, attempt: 2, running: True
ConnectHandler: Request from 127.0.0.1:40822 accepted
ReadyHandler: 127.0.0.1:40822 ready
Requesting to join a single player game
Configuring interface options
Configure: raw interface enabled
Configure: feature layer interface disabled
Configure: score interface disabled
Configure: render interface disabled
Launching next game.
Next launch phase started: 2
Next launch phase started: 3
Next launch phase started: 4
Next launch phase started: 5
Next launch phase started: 6
Next launch phase started: 7
Next launch phase started: 8
Game has started.
Using default stable ids, none found at: /labmount/users/202535331/MARL/pymarl-monotone-qmix/3rdparty/StarCraftII/stableid.json
Successfully loaded stable ids: GameData\stableid.json
Sending ResponseJoinGame
[INFO 01:24:50] my_main t_env: 45 / 2050000
[INFO 01:24:50] my_main Estimated time left: 22 minutes, 50 seconds. Time passed: 6 seconds
[INFO 01:25:16] my_main Saving models to results/models/s2q_pmix_kan_3s_vs_5z_seed1__2026-10-03_01-24-41/45
[INFO 01:28:22] my_main Recent Stats | t_env:      10007 | Episode:      205
battle_won_mean:           0.0000	dead_allies_mean:          3.0000	dead_enemies_mean:         0.0000	ep_length_mean:           45.0000
epsilon:                   1.0000	grad_norm:                 5.7809	loss:                      0.3618	loss_central:              0.0197
loss_latent:               0.1634	loss_td:                   0.1788	q_taken_mean:              0.1992	return_mean:               3.6450
return_std:                0.0000	target_mean:               0.1130	td_error_abs:              0.1393	test_battle_won_mean:      0.0000
test_dead_allies_mean:     2.4688	test_dead_enemies_mean:    0.0000	test_ep_length_mean:     148.9375	test_return_mean:          0.1649
test_return_std:           0.3172	
[INFO 01:28:24] my_main t_env: 10076 / 2050000
[INFO 01:28:24] my_main Estimated time left: 12 hours, 4 minutes, 29 seconds. Time passed: 3 minutes, 40 seconds
[INFO 01:33:05] my_main t_env: 20176 / 2050000
[INFO 01:33:05] my_main Estimated time left: 15 hours, 41 minutes, 17 seconds. Time passed: 8 minutes, 21 seconds
[INFO 01:33:11] my_main Recent Stats | t_env:      20176 | Episode:      456
battle_won_mean:           0.0000	dead_allies_mean:          2.9887	dead_enemies_mean:         0.0016	ep_length_mean:           44.7521
epsilon:                   0.6214	grad_norm:                 3.6023	loss:                      0.4558	loss_central:              0.0155
loss_latent:               0.3303	loss_td:                   0.1099	q_taken_mean:              0.2150	return_mean:               3.5111
return_std:                0.3560	target_mean:               0.1732	td_error_abs:              0.1106	test_battle_won_mean:      0.0000
test_dead_allies_mean:     2.4896	test_dead_enemies_mean:    0.0000	test_ep_length_mean:     141.5938	test_return_mean:          2.4554
test_return_std:           0.2637	
[INFO 01:37:24] my_main t_env: 30203 / 2050000
[INFO 01:37:24] my_main Estimated time left: 14 hours, 28 minutes, 32 seconds. Time passed: 12 minutes, 40 seconds
[INFO 01:37:30] my_main Recent Stats | t_env:      30203 | Episode:      755
battle_won_mean:           0.0000	dead_allies_mean:          2.9907	dead_enemies_mean:         0.0020	ep_length_mean:           41.9479
epsilon:                   0.4267	grad_norm:                 3.2869	loss:                      0.4530	loss_central:              0.0142
loss_latent:               0.3498	loss_td:                   0.0891	q_taken_mean:              0.2646	return_mean:               3.5599
return_std:                0.3695	target_mean:               0.2235	td_error_abs:              0.1014	test_battle_won_mean:      0.0000
test_dead_allies_mean:     2.6172	test_dead_enemies_mean:    0.0000	test_ep_length_mean:     112.9531	test_return_mean:          2.8102
test_return_std:           0.2500	
[INFO 01:41:38] my_main t_env: 40214 / 2050000
[INFO 01:41:38] my_main Estimated time left: 14 hours, 12 minutes, 13 seconds. Time passed: 16 minutes, 54 seconds
[INFO 01:41:44] my_main Recent Stats | t_env:      40214 | Episode:     1081
battle_won_mean:           0.0000	dead_allies_mean:          2.9926	dead_enemies_mean:         0.0016	ep_length_mean:           39.7000
epsilon:                   0.2365	grad_norm:                 4.3264	loss:                      0.6288	loss_central:              0.0208
loss_latent:               0.5214	loss_td:                   0.0866	q_taken_mean:              0.3538	return_mean:               3.5996
return_std:                0.3701	target_mean:               0.3375	td_error_abs:              0.1015	test_battle_won_mean:      0.0000
test_dead_allies_mean:     2.6938	test_dead_enemies_mean:    0.0000	test_ep_length_mean:      95.6125	test_return_mean:          3.0090
test_return_std:           0.2513	
RequestQuit command received.
DataHandler: unable to parse websocket frame.
Closing Application...
CloseHandler: 127.0.0.1:40822 disconnected
ResponseThread: No connection, dropping the response.
[INFO 01:45:18] absl Shutdown gracefully.
[INFO 01:45:18] absl Shutdown with return code: -15
[INFO 01:45:18] absl Launching SC2: /labmount/users/202535331/MARL/pymarl-monotone-qmix/3rdparty/StarCraftII/Versions/Base75689/SC2_x64 -listen 127.0.0.1 -port 45407 -dataDir /labmount/users/202535331/MARL/pymarl-monotone-qmix/3rdparty/StarCraftII/ -tempDir /tmp/sc-jszcqkea/
[INFO 01:45:18] absl Connecting to: ws://127.0.0.1:45407/sc2api, attempt: 0, running: True
Version: B75689 (SC2.4.10)
Build: Aug 12 2019 17:16:57
Command Line: '"/labmount/users/202535331/MARL/pymarl-monotone-qmix/3rdparty/StarCraftII/Versions/Base75689/SC2_x64" -listen 127.0.0.1 -port 45407 -dataDir /labmount/users/202535331/MARL/pymarl-monotone-qmix/3rdparty/StarCraftII/ -tempDir /tmp/sc-jszcqkea/'
Starting up...
Startup Phase 1 complete
[INFO 01:45:19] absl Connecting to: ws://127.0.0.1:45407/sc2api, attempt: 1, running: True
Startup Phase 2 complete
Creating stub renderer...
Listening on: 127.0.0.1:45407
Startup Phase 3 complete. Ready for commands.
[INFO 01:45:20] absl Connecting to: ws://127.0.0.1:45407/sc2api, attempt: 2, running: True
ConnectHandler: Request from 127.0.0.1:48368 accepted
ReadyHandler: 127.0.0.1:48368 ready
Requesting to join a single player game
Configuring interface options
Configure: raw interface enabled
Configure: feature layer interface disabled
Configure: score interface disabled
Configure: render interface disabled
Launching next game.
Next launch phase started: 2
Next launch phase started: 3
Next launch phase started: 4
Next launch phase started: 5
Next launch phase started: 6
Next launch phase started: 7
Next launch phase started: 8
Game has started.
Using default stable ids, none found at: /labmount/users/202535331/MARL/pymarl-monotone-qmix/3rdparty/StarCraftII/stableid.json
Successfully loaded stable ids: GameData\stableid.json
Sending ResponseJoinGame
[INFO 01:45:34] my_main t_env: 50223 / 2050000
[INFO 01:45:34] my_main Estimated time left: 13 hours, 4 minutes, 23 seconds. Time passed: 20 minutes, 50 seconds
[INFO 01:45:40] my_main Recent Stats | t_env:      50223 | Episode:     1426
battle_won_mean:           0.0000	dead_allies_mean:          2.9908	dead_enemies_mean:         0.0022	ep_length_mean:           36.5023
epsilon:                   0.0500	grad_norm:                 3.7511	loss:                      0.7074	loss_central:              0.0186
loss_latent:               0.5996	loss_td:                   0.0892	q_taken_mean:              0.4165	return_mean:               3.6248
return_std:                0.4424	target_mean:               0.4051	td_error_abs:              0.0960	test_battle_won_mean:      0.0000
test_dead_allies_mean:     2.8000	test_dead_enemies_mean:    0.0000	test_ep_length_mean:      71.5187	test_return_mean:          3.7948
test_return_std:           0.2412	
[INFO 01:49:09] my_main t_env: 60250 / 2050000
[INFO 01:49:09] my_main Estimated time left: 11 hours, 51 minutes, 49 seconds. Time passed: 24 minutes, 25 seconds
[INFO 01:49:16] my_main Recent Stats | t_env:      60250 | Episode:     1760
battle_won_mean:           0.0000	dead_allies_mean:          2.9922	dead_enemies_mean:         0.0012	ep_length_mean:           32.7677
epsilon:                   0.0500	grad_norm:                 2.7794	loss:                      0.8028	loss_central:              0.0163
loss_latent:               0.7052	loss_td:                   0.0813	q_taken_mean:              0.5586	return_mean:               3.7407
return_std:                0.3913	target_mean:               0.5585	td_error_abs:              0.0835	test_battle_won_mean:      0.0000
test_dead_allies_mean:     3.0000	test_dead_enemies_mean:    0.0000	test_ep_length_mean:      26.8062	test_return_mean:          3.8985
test_return_std:           0.2301	
[INFO 01:52:44] my_main t_env: 70268 / 2050000
[INFO 01:52:44] my_main Estimated time left: 11 hours, 48 minutes, 39 seconds. Time passed: 28 minutes, 0 seconds
[INFO 01:52:51] my_main Recent Stats | t_env:      70268 | Episode:     2089
battle_won_mean:           0.0000	dead_allies_mean:          2.9940	dead_enemies_mean:         0.0012	ep_length_mean:           30.7452
epsilon:                   0.0500	grad_norm:                 2.9212	loss:                      0.9195	loss_central:              0.0157
loss_latent:               0.7873	loss_td:                   0.1165	q_taken_mean:              0.7179	return_mean:               3.7902
return_std:                0.3878	target_mean:               0.7105	td_error_abs:              0.0812	test_battle_won_mean:      0.0000
test_dead_allies_mean:     3.0000	test_dead_enemies_mean:    0.0000	test_ep_length_mean:      27.1062	test_return_mean:          3.9182
test_return_std:           0.2479	
[INFO 01:56:23] my_main t_env: 80286 / 2050000
[INFO 01:56:23] my_main Estimated time left: 11 hours, 56 minutes, 30 seconds. Time passed: 31 minutes, 39 seconds
[INFO 01:56:30] my_main Recent Stats | t_env:      80286 | Episode:     2441
battle_won_mean:           0.0000	dead_allies_mean:          2.9946	dead_enemies_mean:         0.0006	ep_length_mean:           29.7302
epsilon:                   0.0500	grad_norm:                 2.6153	loss:                      1.0502	loss_central:              0.0156
loss_latent:               0.8593	loss_td:                   0.1753	q_taken_mean:              0.8875	return_mean:               3.8242
return_std:                0.3781	target_mean:               0.8916	td_error_abs:              0.0786	test_battle_won_mean:      0.0000
test_dead_allies_mean:     3.0000	test_dead_enemies_mean:    0.0000	test_ep_length_mean:      27.8250	test_return_mean:          3.9861
test_return_std:           0.2560	
[INFO 01:59:43] my_main t_env: 90309 / 2050000
[INFO 01:59:43] my_main Estimated time left: 10 hours, 52 minutes, 35 seconds. Time passed: 34 minutes, 59 seconds
[INFO 01:59:51] my_main Recent Stats | t_env:      90309 | Episode:     2772
battle_won_mean:           0.0000	dead_allies_mean:          2.9946	dead_enemies_mean:         0.0012	ep_length_mean:           29.6447
epsilon:                   0.0500	grad_norm:                 1.4116	loss:                      1.0298	loss_central:              0.0097
loss_latent:               0.8083	loss_td:                   0.2117	q_taken_mean:              1.0491	return_mean:               3.8732
return_std:                0.3812	target_mean:               1.0441	td_error_abs:              0.0709	test_battle_won_mean:      0.0000
test_dead_allies_mean:     3.0000	test_dead_enemies_mean:    0.0000	test_ep_length_mean:      28.6313	test_return_mean:          4.0602
test_return_std:           0.2647	
[INFO 02:02:54] my_main t_env: 100333 / 2050000
[INFO 02:02:54] my_main Estimated time left: 10 hours, 18 minutes, 33 seconds. Time passed: 38 minutes, 10 seconds
[INFO 02:03:02] my_main Recent Stats | t_env:     100333 | Episode:     3085
battle_won_mean:           0.0000	dead_allies_mean:          2.9964	dead_enemies_mean:         0.0006	ep_length_mean:           30.2475
epsilon:                   0.0500	grad_norm:                 1.4130	loss:                      0.9881	loss_central:              0.0091
loss_latent:               0.7437	loss_td:                   0.2352	q_taken_mean:              1.1663	return_mean:               3.9460
return_std:                0.3935	target_mean:               1.1671	td_error_abs:              0.0689	test_battle_won_mean:      0.0000
test_dead_allies_mean:     3.0000	test_dead_enemies_mean:    0.0000	test_ep_length_mean:      29.5938	test_return_mean:          4.1680
test_return_std:           0.2890	
RequestQuit command received.
Closing Application...
DataHandler: unable to parse websocket frame.
CloseHandler: 127.0.0.1:48368 disconnected
[INFO 02:05:41] absl Shutdown gracefully.
[INFO 02:05:41] absl Shutdown with return code: -15
[INFO 02:05:41] absl Launching SC2: /labmount/users/202535331/MARL/pymarl-monotone-qmix/3rdparty/StarCraftII/Versions/Base75689/SC2_x64 -listen 127.0.0.1 -port 44789 -dataDir /labmount/users/202535331/MARL/pymarl-monotone-qmix/3rdparty/StarCraftII/ -tempDir /tmp/sc-ahhp4h35/
[INFO 02:05:41] absl Connecting to: ws://127.0.0.1:44789/sc2api, attempt: 0, running: True
Version: B75689 (SC2.4.10)
Build: Aug 12 2019 17:16:57
Command Line: '"/labmount/users/202535331/MARL/pymarl-monotone-qmix/3rdparty/StarCraftII/Versions/Base75689/SC2_x64" -listen 127.0.0.1 -port 44789 -dataDir /labmount/users/202535331/MARL/pymarl-monotone-qmix/3rdparty/StarCraftII/ -tempDir /tmp/sc-ahhp4h35/'
Starting up...
Startup Phase 1 complete
[INFO 02:05:42] absl Connecting to: ws://127.0.0.1:44789/sc2api, attempt: 1, running: True
Startup Phase 2 complete
Creating stub renderer...
Listening on: 127.0.0.1:44789
Startup Phase 3 complete. Ready for commands.
[INFO 02:05:43] absl Connecting to: ws://127.0.0.1:44789/sc2api, attempt: 2, running: True
ConnectHandler: Request from 127.0.0.1:42582 accepted
ReadyHandler: 127.0.0.1:42582 ready
Requesting to join a single player game
Configuring interface options
Configure: raw interface enabled
Configure: feature layer interface disabled
Configure: score interface disabled
Configure: render interface disabled
Launching next game.
Next launch phase started: 2
Next launch phase started: 3
Next launch phase started: 4
Next launch phase started: 5
Next launch phase started: 6
Next launch phase started: 7
Next launch phase started: 8
Game has started.
Using default stable ids, none found at: /labmount/users/202535331/MARL/pymarl-monotone-qmix/3rdparty/StarCraftII/stableid.json
Successfully loaded stable ids: GameData\stableid.json
Sending ResponseJoinGame
[INFO 02:06:06] my_main t_env: 110338 / 2050000
[INFO 02:06:06] my_main Estimated time left: 10 hours, 19 minutes, 51 seconds. Time passed: 41 minutes, 22 seconds
[INFO 02:06:14] my_main Recent Stats | t_env:     110338 | Episode:     3393
battle_won_mean:           0.0000	dead_allies_mean:          2.9944	dead_enemies_mean:         0.0019	ep_length_mean:           30.7401
epsilon:                   0.0500	grad_norm:                 1.5080	loss:                      0.9664	loss_central:              0.0094
loss_latent:               0.6986	loss_td:                   0.2584	q_taken_mean:              1.3020	return_mean:               3.9937
return_std:                0.4293	target_mean:               1.3048	td_error_abs:              0.0654	test_battle_won_mean:      0.0000
test_dead_allies_mean:     3.0000	test_dead_enemies_mean:    0.0000	test_ep_length_mean:      31.2937	test_return_mean:          4.3138
test_return_std:           0.3273	
[INFO 02:09:17] my_main t_env: 120363 / 2050000
[INFO 02:09:17] my_main Estimated time left: 10 hours, 14 minutes, 38 seconds. Time passed: 44 minutes, 34 seconds
[INFO 02:09:25] my_main Recent Stats | t_env:     120363 | Episode:     3698
battle_won_mean:           0.0000	dead_allies_mean:          2.9967	dead_enemies_mean:         0.0052	ep_length_mean:           31.2239
epsilon:                   0.0500	grad_norm:                 1.2874	loss:                      0.8936	loss_central:              0.0091
loss_latent:               0.6051	loss_td:                   0.2794	q_taken_mean:              1.4252	return_mean:               4.0589
return_std:                0.4489	target_mean:               1.4306	td_error_abs:              0.0640	test_battle_won_mean:      0.0000
test_dead_allies_mean:     3.0000	test_dead_enemies_mean:    0.0250	test_ep_length_mean:      32.2125	test_return_mean:          4.4026
test_return_std:           0.3684	
