/labmount/users/202535331/miniconda3/envs/pymarl/lib/python3.9/site-packages/sacred/dependencies.py:11: UserWarning: pkg_resources is deprecated as an API. See https://setuptools.pypa.io/en/latest/pkg_resources.html. The pkg_resources package is slated for removal as early as 2025-11-30. Refrain from using this package or pin to Setuptools<81.
  import pkg_resources
[DEBUG 01:24:39] git.cmd Popen(['git', 'version'], cwd=/labmount/users/202535331/MARL/pymarl-monotone-qmix, stdin=None, shell=False, universal_newlines=False)
[DEBUG 01:24:39] git.cmd Popen(['git', 'version'], cwd=/labmount/users/202535331/MARL/pymarl-monotone-qmix, stdin=None, shell=False, universal_newlines=False)
[DEBUG 01:24:39] git.util sys.platform='linux', git_executable='git'
[DEBUG 01:24:39] git.cmd Popen(['git', 'diff', '--cached', '--abbrev=40', '--full-index', '--raw'], cwd=/labmount/users/202535331/MARL/pymarl-monotone-qmix, stdin=None, shell=False, universal_newlines=False)
[DEBUG 01:24:39] git.cmd Popen(['git', 'diff', '--abbrev=40', '--full-index', '--raw'], cwd=/labmount/users/202535331/MARL/pymarl-monotone-qmix, stdin=None, shell=False, universal_newlines=False)
[DEBUG 01:24:39] git.cmd Popen(['git', 'cat-file', '--batch-check'], cwd=/labmount/users/202535331/MARL/pymarl-monotone-qmix, stdin=<valid stream>, shell=False, universal_newlines=False)
[DEBUG 01:24:40] git.util sys.platform='linux', git_executable='git'
[DEBUG 01:24:40] git.cmd Popen(['git', 'diff', '--cached', '--abbrev=40', '--full-index', '--raw'], cwd=/labmount/users/202535331/MARL/pymarl-monotone-qmix, stdin=None, shell=False, universal_newlines=False)
[DEBUG 01:24:40] git.cmd Popen(['git', 'diff', '--abbrev=40', '--full-index', '--raw'], cwd=/labmount/users/202535331/MARL/pymarl-monotone-qmix, stdin=None, shell=False, universal_newlines=False)
[DEBUG 01:24:40] git.cmd Popen(['git', 'cat-file', '--batch-check'], cwd=/labmount/users/202535331/MARL/pymarl-monotone-qmix, stdin=<valid stream>, shell=False, universal_newlines=False)
[DEBUG 01:24:40] git.util sys.platform='linux', git_executable='git'
[DEBUG 01:24:40] git.cmd Popen(['git', 'diff', '--cached', '--abbrev=40', '--full-index', '--raw'], cwd=/labmount/users/202535331/MARL/pymarl-monotone-qmix, stdin=None, shell=False, universal_newlines=False)
[DEBUG 01:24:40] git.cmd Popen(['git', 'diff', '--abbrev=40', '--full-index', '--raw'], cwd=/labmount/users/202535331/MARL/pymarl-monotone-qmix, stdin=None, shell=False, universal_newlines=False)
[DEBUG 01:24:40] git.cmd Popen(['git', 'cat-file', '--batch-check'], cwd=/labmount/users/202535331/MARL/pymarl-monotone-qmix, stdin=<valid stream>, shell=False, universal_newlines=False)
[INFO 01:24:40] root Saving to FileStorageObserver in /labmount/users/202535331/MARL/pymarl-monotone-qmix/results/sacred/s2q_pmix_kan.
[DEBUG 01:24:41] pymarl Using capture mode "fd"
[INFO 01:24:41] pymarl Running command 'my_main'
[INFO 01:24:41] pymarl Started run with ID "15"
[DEBUG 01:24:41] pymarl Starting Heartbeat
[DEBUG 01:24:41] my_main Started
[INFO 01:24:41] my_main Experiment Parameters:
[INFO 01:24:41] my_main 

{   'action_selector': 's2q_epsilon_greedy',
    'agent': 's2q_rnn',
    'agent_output_type': 'q',
    'batch_size': 32,
    'batch_size_run': 1,
    'buffer_cpu_only': True,
    'buffer_size': 5000,
    'central_action_embed': 1,
    'central_mixing_embed_dim': 256,
    'checkpoint_path': '',
    'common_reward': True,
    'critic_lr': 0.0005,
    'double_q': True,
    'env': 'sc2',
    'env_args': {   'continuing_episode': False,
                    'debug': False,
                    'difficulty': '7',
                    'game_version': None,
                    'heuristic_ai': False,
                    'heuristic_rest': False,
                    'map_name': '3s_vs_5z',
                    'move_amount': 2,
                    'obs_all_health': True,
                    'obs_instead_of_state': False,
                    'obs_last_action': False,
                    'obs_own_health': True,
                    'obs_pathing_grid': False,
                    'obs_terrain_height': False,
                    'obs_timestep_number': False,
                    'replay_dir': '',
                    'replay_prefix': '',
                    'reward_death_value': 10,
                    'reward_defeat': 0,
                    'reward_negative_scale': 0.5,
                    'reward_only_positive': True,
                    'reward_scale': True,
                    'reward_scale_rate': 20,
                    'reward_sparse': False,
                    'reward_win': 200,
                    'seed': 141,
                    'state_last_action': True,
                    'state_timestep_number': False,
                    'step_mul': 8},
    'epsilon_anneal_time': 50000,
    'epsilon_finish': 0.05,
    'epsilon_start': 1.0,
    'evaluate': False,
    'evaluation_epsilon': 0.0,
    'gamma': 0.99,
    'grad_norm_clip': 10,
    'label': 'default_label',
    'learner': 's2q_learner',
    'learner_log_interval': 10000,
    'load_step': 0,
    'local_results_path': 'results',
    'log_interval': 10000,
    'lr': 0.0005,
    'mac': 's2q_mac',
    'mixer': 's2q_pmix_kan',
    'monokan_grid': 7,
    'monokan_grid_by_map': {   '1c3s5z': 7,
                               '27m_vs_30m': 7,
                               '2c_vs_64zg': 7,
                               '2s3z': 7,
                               '3s5z': 7,
                               '3s_vs_5z': 7,
                               '5m_vs_6m': 7,
                               'MMM2': 7,
                               'bane_vs_bane': 7},
    'monokan_grid_max': 1.0,
    'monokan_grid_min': -1.0,
    'monokan_hidden_dim': 32,
    'monokan_hidden_dim_by_map': {   '27m_vs_30m': 64,
                                     '2c_vs_64zg': 64,
                                     'bane_vs_bane': 64},
    'monokan_min_increment': 0.0001,
    'monokan_noise_scale': 0.02,
    'monokan_q_temperature': 1.0,
    'monokan_state_activation': 'silu',
    'monokan_state_embed_dim': 32,
    'monokan_state_embed_dim_by_map': {   '1c3s5z': 32,
                                          '27m_vs_30m': 64,
                                          '2c_vs_64zg': 64,
                                          '2s3z': 32,
                                          '3s5z': 32,
                                          '3s_vs_5z': 32,
                                          '5m_vs_6m': 32,
                                          'MMM2': 32,
                                          'bane_vs_bane': 64},
    'monokan_state_encoder_depth': 1,
    'monokan_state_value_activation': 'relu',
    'monokan_state_value_dim': 32,
    'name': 's2q_pmix_kan_3s_vs_5z_seed141',
    'obs_agent_id': True,
    'obs_last_action': True,
    'optim_alpha': 0.99,
    'optim_eps': 1e-05,
    'optimizer': 'rmsprop',
    'repeat_id': 1,
    'rnn_hidden_dim': 64,
    'runner': 'episode',
    'runner_log_interval': 10000,
    's2q_alpha': 1.0,
    's2q_central_hidden_dim': 64,
    's2q_central_use_agent_id': True,
    's2q_encoder_hidden_dim': 64,
    's2q_hidden_dim': 64,
    's2q_k': 2,
    's2q_latent_dim': 32,
    's2q_temperature': 0.1,
    'save_model': True,
    'save_model_interval': 2000000,
    'save_replay': False,
    'seed': 141,
    't_max': 2050000,
    'target_update_interval': 200,
    'test_greedy': True,
    'test_interval': 10000,
    'test_nepisode': 32,
    'use_cuda': True,
    'use_tensorboard': True,
    'w_c': 0.9}

[INFO 01:24:43] my_main Beginning training for 2050000 timesteps
[INFO 01:24:43] absl Launching SC2: /labmount/users/202535331/MARL/pymarl-monotone-qmix/3rdparty/StarCraftII/Versions/Base75689/SC2_x64 -listen 127.0.0.1 -port 36593 -dataDir /labmount/users/202535331/MARL/pymarl-monotone-qmix/3rdparty/StarCraftII/ -tempDir /tmp/sc-d41ide3g/
[INFO 01:24:43] absl Connecting to: ws://127.0.0.1:36593/sc2api, attempt: 0, running: True
Version: B75689 (SC2.4.10)
Build: Aug 12 2019 17:16:57
Command Line: '"/labmount/users/202535331/MARL/pymarl-monotone-qmix/3rdparty/StarCraftII/Versions/Base75689/SC2_x64" -listen 127.0.0.1 -port 36593 -dataDir /labmount/users/202535331/MARL/pymarl-monotone-qmix/3rdparty/StarCraftII/ -tempDir /tmp/sc-d41ide3g/'
Starting up...
Startup Phase 1 complete
[INFO 01:24:44] absl Connecting to: ws://127.0.0.1:36593/sc2api, attempt: 1, running: True
Startup Phase 2 complete
Creating stub renderer...
Listening on: 127.0.0.1:36593
Startup Phase 3 complete. Ready for commands.
[INFO 01:24:45] absl Connecting to: ws://127.0.0.1:36593/sc2api, attempt: 2, running: True
ConnectHandler: Request from 127.0.0.1:58050 accepted
ReadyHandler: 127.0.0.1:58050 ready
Requesting to join a single player game
Configuring interface options
Configure: raw interface enabled
Configure: feature layer interface disabled
Configure: score interface disabled
Configure: render interface disabled
Launching next game.
Next launch phase started: 2
Next launch phase started: 3
Next launch phase started: 4
Next launch phase started: 5
Next launch phase started: 6
Next launch phase started: 7
Next launch phase started: 8
Game has started.
Using default stable ids, none found at: /labmount/users/202535331/MARL/pymarl-monotone-qmix/3rdparty/StarCraftII/stableid.json
Successfully loaded stable ids: GameData\stableid.json
Sending ResponseJoinGame
[INFO 01:24:50] my_main t_env: 43 / 2050000
[INFO 01:24:50] my_main Estimated time left: 22 minutes, 48 seconds. Time passed: 6 seconds
[INFO 01:24:56] my_main Saving models to results/models/s2q_pmix_kan_3s_vs_5z_seed141__2026-10-03_01-24-41/43
[INFO 01:27:45] my_main Recent Stats | t_env:      10020 | Episode:      204
battle_won_mean:           0.0000	dead_allies_mean:          3.0000	dead_enemies_mean:         0.0000	ep_length_mean:           43.0000
epsilon:                   1.0000	grad_norm:                 5.9029	loss:                      0.6230	loss_central:              0.0269
loss_latent:               0.3981	loss_td:                   0.1980	q_taken_mean:              0.0395	return_mean:               3.8600
return_std:                0.0000	target_mean:               0.1800	td_error_abs:              0.1506	test_battle_won_mean:      0.0000
test_dead_allies_mean:     3.0000	test_dead_enemies_mean:    0.0000	test_ep_length_mean:      30.6562	test_return_mean:          1.8375
test_return_std:           0.3788	
[INFO 01:27:46] my_main t_env: 10055 / 2050000
[INFO 01:27:46] my_main Estimated time left: 9 hours, 56 minutes, 44 seconds. Time passed: 3 minutes, 2 seconds
[INFO 01:32:00] my_main Recent Stats | t_env:      20023 | Episode:      389
battle_won_mean:           0.0000	dead_allies_mean:          2.9951	dead_enemies_mean:         0.0000	ep_length_mean:           46.0392
epsilon:                   0.8096	grad_norm:                 3.6465	loss:                      0.7058	loss_central:              0.0193
loss_latent:               0.5657	loss_td:                   0.1208	q_taken_mean:              0.1216	return_mean:               3.6831
return_std:                0.3305	target_mean:               0.1937	td_error_abs:              0.1150	test_battle_won_mean:      0.0000
test_dead_allies_mean:     2.0469	test_dead_enemies_mean:    0.0000	test_ep_length_mean:     140.3281	test_return_mean:          1.8141
test_return_std:           0.5252	
[INFO 01:32:01] my_main t_env: 20059 / 2050000
[INFO 01:32:01] my_main Estimated time left: 14 hours, 23 minutes, 3 seconds. Time passed: 7 minutes, 17 seconds
[INFO 01:36:44] my_main Recent Stats | t_env:      30047 | Episode:      657
battle_won_mean:           0.0000	dead_allies_mean:          2.9769	dead_enemies_mean:         0.0000	ep_length_mean:           48.7180
epsilon:                   0.6196	grad_norm:                 3.2468	loss:                      0.7121	loss_central:              0.0176
loss_latent:               0.5923	loss_td:                   0.1022	q_taken_mean:              0.2280	return_mean:               3.6878
return_std:                0.4076	target_mean:               0.2685	td_error_abs:              0.1110	test_battle_won_mean:      0.0000
test_dead_allies_mean:     2.3646	test_dead_enemies_mean:    0.0000	test_ep_length_mean:     102.8333	test_return_mean:          2.5898
test_return_std:           0.4402	
[INFO 01:36:45] my_main t_env: 30082 / 2050000
[INFO 01:36:45] my_main Estimated time left: 15 hours, 53 minutes, 19 seconds. Time passed: 12 minutes, 1 seconds
[INFO 01:41:35] my_main Recent Stats | t_env:      40063 | Episode:      970
battle_won_mean:           0.0000	dead_allies_mean:          2.9780	dead_enemies_mean:         0.0000	ep_length_mean:           45.8883
epsilon:                   0.4291	grad_norm:                 2.8846	loss:                      0.8080	loss_central:              0.0157
loss_latent:               0.6995	loss_td:                   0.0928	q_taken_mean:              0.2729	return_mean:               3.6824
return_std:                0.4275	target_mean:               0.3187	td_error_abs:              0.1059	test_battle_won_mean:      0.0000
test_dead_allies_mean:     2.5156	test_dead_enemies_mean:    0.0000	test_ep_length_mean:      85.6016	test_return_mean:          2.9416
test_return_std:           0.4484	
[INFO 01:41:36] my_main t_env: 40095 / 2050000
[INFO 01:41:36] my_main Estimated time left: 16 hours, 15 minutes, 36 seconds. Time passed: 16 minutes, 53 seconds
[INFO 01:46:10] my_main Recent Stats | t_env:      50086 | Episode:     1298
battle_won_mean:           0.0000	dead_allies_mean:          2.9818	dead_enemies_mean:         0.0000	ep_length_mean:           43.1088
epsilon:                   0.2388	grad_norm:                 2.6548	loss:                      0.8184	loss_central:              0.0144
loss_latent:               0.7107	loss_td:                   0.0933	q_taken_mean:              0.3510	return_mean:               3.6933
return_std:                0.4165	target_mean:               0.3909	td_error_abs:              0.1012	test_battle_won_mean:      0.0000
test_dead_allies_mean:     2.6125	test_dead_enemies_mean:    0.0063	test_ep_length_mean:      73.9125	test_return_mean:          3.1508
test_return_std:           0.4266	
[INFO 01:46:11] my_main t_env: 50113 / 2050000
[INFO 01:46:11] my_main Estimated time left: 15 hours, 12 minutes, 2 seconds. Time passed: 21 minutes, 27 seconds
RequestQuit command received.
DataHandler: unable to parse websocket frame.
Closing Application...
CloseHandler: 127.0.0.1:58050 disconnected
[INFO 01:47:17] absl Shutdown gracefully.
[INFO 01:47:17] absl Shutdown with return code: -15
[INFO 01:47:17] absl Launching SC2: /labmount/users/202535331/MARL/pymarl-monotone-qmix/3rdparty/StarCraftII/Versions/Base75689/SC2_x64 -listen 127.0.0.1 -port 46469 -dataDir /labmount/users/202535331/MARL/pymarl-monotone-qmix/3rdparty/StarCraftII/ -tempDir /tmp/sc-92l_ipwn/
[INFO 01:47:17] absl Connecting to: ws://127.0.0.1:46469/sc2api, attempt: 0, running: True
Version: B75689 (SC2.4.10)
Build: Aug 12 2019 17:16:57
Command Line: '"/labmount/users/202535331/MARL/pymarl-monotone-qmix/3rdparty/StarCraftII/Versions/Base75689/SC2_x64" -listen 127.0.0.1 -port 46469 -dataDir /labmount/users/202535331/MARL/pymarl-monotone-qmix/3rdparty/StarCraftII/ -tempDir /tmp/sc-92l_ipwn/'
Starting up...
Startup Phase 1 complete
[INFO 01:47:18] absl Connecting to: ws://127.0.0.1:46469/sc2api, attempt: 1, running: True
Startup Phase 2 complete
Creating stub renderer...
Listening on: 127.0.0.1:46469
Startup Phase 3 complete. Ready for commands.
[INFO 01:47:19] absl Connecting to: ws://127.0.0.1:46469/sc2api, attempt: 2, running: True
ConnectHandler: Request from 127.0.0.1:37044 accepted
ReadyHandler: 127.0.0.1:37044 ready
Requesting to join a single player game
Configuring interface options
Configure: raw interface enabled
Configure: feature layer interface disabled
Configure: score interface disabled
Configure: render interface disabled
Launching next game.
Next launch phase started: 2
Next launch phase started: 3
Next launch phase started: 4
Next launch phase started: 5
Next launch phase started: 6
Next launch phase started: 7
Next launch phase started: 8
Game has started.
Using default stable ids, none found at: /labmount/users/202535331/MARL/pymarl-monotone-qmix/3rdparty/StarCraftII/stableid.json
Successfully loaded stable ids: GameData\stableid.json
Sending ResponseJoinGame
[INFO 01:50:37] my_main Recent Stats | t_env:      60101 | Episode:     1634
battle_won_mean:           0.0000	dead_allies_mean:          2.9818	dead_enemies_mean:         0.0000	ep_length_mean:           40.6173
epsilon:                   0.0500	grad_norm:                 1.7181	loss:                      1.0059	loss_central:              0.0112
loss_latent:               0.9087	loss_td:                   0.0860	q_taken_mean:              0.5228	return_mean:               3.6883
return_std:                0.4955	target_mean:               0.5324	td_error_abs:              0.0873	test_battle_won_mean:      0.0000
test_dead_allies_mean:     2.6125	test_dead_enemies_mean:    0.0063	test_ep_length_mean:      73.1750	test_return_mean:          3.5859
test_return_std:           0.4149	
[INFO 01:50:38] my_main t_env: 60129 / 2050000
[INFO 01:50:38] my_main Estimated time left: 14 hours, 45 minutes, 4 seconds. Time passed: 25 minutes, 54 seconds
[INFO 01:54:57] my_main Recent Stats | t_env:      70118 | Episode:     1985
battle_won_mean:           0.0000	dead_allies_mean:          2.9814	dead_enemies_mean:         0.0000	ep_length_mean:           36.7635
epsilon:                   0.0500	grad_norm:                 1.9296	loss:                      1.0374	loss_central:              0.0102
loss_latent:               0.9116	loss_td:                   0.1156	q_taken_mean:              0.6628	return_mean:               3.7542
return_std:                0.4408	target_mean:               0.6737	td_error_abs:              0.0846	test_battle_won_mean:      0.0000
test_dead_allies_mean:     2.9937	test_dead_enemies_mean:    0.0063	test_ep_length_mean:      28.5250	test_return_mean:          4.0109
test_return_std:           0.3233	
[INFO 01:54:58] my_main t_env: 70147 / 2050000
[INFO 01:54:58] my_main Estimated time left: 14 hours, 15 minutes, 49 seconds. Time passed: 30 minutes, 14 seconds
[INFO 01:58:54] my_main t_env: 80158 / 2050000
[INFO 01:58:54] my_main Estimated time left: 12 hours, 55 minutes, 3 seconds. Time passed: 34 minutes, 10 seconds
[INFO 01:59:01] my_main Recent Stats | t_env:      80158 | Episode:     2312
battle_won_mean:           0.0000	dead_allies_mean:          2.9964	dead_enemies_mean:         0.0012	ep_length_mean:           30.3185
epsilon:                   0.0500	grad_norm:                 1.7265	loss:                      1.0925	loss_central:              0.0089
loss_latent:               0.9363	loss_td:                   0.1473	q_taken_mean:              0.8144	return_mean:               3.8300
return_std:                0.3842	target_mean:               0.8330	td_error_abs:              0.0777	test_battle_won_mean:      0.0000
test_dead_allies_mean:     3.0000	test_dead_enemies_mean:    0.0125	test_ep_length_mean:      27.4937	test_return_mean:          4.0045
test_return_std:           0.2908	
[INFO 02:02:34] my_main t_env: 90177 / 2050000
[INFO 02:02:34] my_main Estimated time left: 11 hours, 58 minutes, 13 seconds. Time passed: 37 minutes, 50 seconds
[INFO 02:02:41] my_main Recent Stats | t_env:      90177 | Episode:     2626
battle_won_mean:           0.0000	dead_allies_mean:          2.9957	dead_enemies_mean:         0.0171	ep_length_mean:           30.3019
epsilon:                   0.0500	grad_norm:                 1.8197	loss:                      1.0916	loss_central:              0.0095
loss_latent:               0.8931	loss_td:                   0.1890	q_taken_mean:              1.0394	return_mean:               3.8749
return_std:                0.4005	target_mean:               1.0508	td_error_abs:              0.0742	test_battle_won_mean:      0.0000
test_dead_allies_mean:     3.0000	test_dead_enemies_mean:    0.0437	test_ep_length_mean:      27.7688	test_return_mean:          4.0285
test_return_std:           0.3166	
[INFO 02:06:00] my_main t_env: 100203 / 2050000
[INFO 02:06:00] my_main Estimated time left: 11 hours, 5 minutes, 19 seconds. Time passed: 41 minutes, 16 seconds
[INFO 02:06:07] my_main Recent Stats | t_env:     100203 | Episode:     2919
battle_won_mean:           0.0000	dead_allies_mean:          2.9944	dead_enemies_mean:         0.0471	ep_length_mean:           31.0371
epsilon:                   0.0500	grad_norm:                 1.9447	loss:                      1.1280	loss_central:              0.0095
loss_latent:               0.8837	loss_td:                   0.2347	q_taken_mean:              1.2334	return_mean:               3.9333
return_std:                0.4404	target_mean:               1.2492	td_error_abs:              0.0732	test_battle_won_mean:      0.0000
test_dead_allies_mean:     3.0000	test_dead_enemies_mean:    0.2000	test_ep_length_mean:      28.5688	test_return_mean:          4.1039
test_return_std:           0.3518	
[INFO 02:09:28] my_main t_env: 110220 / 2050000
[INFO 02:09:28] my_main Estimated time left: 11 hours, 11 minutes, 34 seconds. Time passed: 44 minutes, 44 seconds
[INFO 02:09:35] my_main Recent Stats | t_env:     110220 | Episode:     3219
battle_won_mean:           0.0000	dead_allies_mean:          2.9961	dead_enemies_mean:         0.0878	ep_length_mean:           31.7532
epsilon:                   0.0500	grad_norm:                 2.6462	loss:                      1.0549	loss_central:              0.0090
loss_latent:               0.7730	loss_td:                   0.2729	q_taken_mean:              1.3508	return_mean:               4.0011
return_std:                0.4776	target_mean:               1.3775	td_error_abs:              0.0722	test_battle_won_mean:      0.0000
test_dead_allies_mean:     3.0000	test_dead_enemies_mean:    0.3438	test_ep_length_mean:      29.7125	test_return_mean:          4.1870
test_return_std:           0.3950	
RequestQuit command received.
DataHandler: unable to parse websocket frame.
Closing Application...
CloseHandler: 127.0.0.1:37044 disconnected
ResponseThread: No connection, dropping the response.
[INFO 02:10:03] absl Shutdown gracefully.
[INFO 02:10:03] absl Shutdown with return code: -15
[INFO 02:10:03] absl Launching SC2: /labmount/users/202535331/MARL/pymarl-monotone-qmix/3rdparty/StarCraftII/Versions/Base75689/SC2_x64 -listen 127.0.0.1 -port 36465 -dataDir /labmount/users/202535331/MARL/pymarl-monotone-qmix/3rdparty/StarCraftII/ -tempDir /tmp/sc-y1_3thng/
[INFO 02:10:03] absl Connecting to: ws://127.0.0.1:36465/sc2api, attempt: 0, running: True
Version: B75689 (SC2.4.10)
Build: Aug 12 2019 17:16:57
Command Line: '"/labmount/users/202535331/MARL/pymarl-monotone-qmix/3rdparty/StarCraftII/Versions/Base75689/SC2_x64" -listen 127.0.0.1 -port 36465 -dataDir /labmount/users/202535331/MARL/pymarl-monotone-qmix/3rdparty/StarCraftII/ -tempDir /tmp/sc-y1_3thng/'
Starting up...
Startup Phase 1 complete
[INFO 02:10:04] absl Connecting to: ws://127.0.0.1:36465/sc2api, attempt: 1, running: True
Startup Phase 2 complete
Creating stub renderer...
Listening on: 127.0.0.1:36465
Startup Phase 3 complete. Ready for commands.
[INFO 02:10:05] absl Connecting to: ws://127.0.0.1:36465/sc2api, attempt: 2, running: True
ConnectHandler: Request from 127.0.0.1:60198 accepted
ReadyHandler: 127.0.0.1:60198 ready
Requesting to join a single player game
Configuring interface options
Configure: raw interface enabled
Configure: feature layer interface disabled
Configure: score interface disabled
Configure: render interface disabled
Launching next game.
Next launch phase started: 2
Next launch phase started: 3
Next launch phase started: 4
Next launch phase started: 5
Next launch phase started: 6
Next launch phase started: 7
Next launch phase started: 8
Game has started.
Using default stable ids, none found at: /labmount/users/202535331/MARL/pymarl-monotone-qmix/3rdparty/StarCraftII/stableid.json
Successfully loaded stable ids: GameData\stableid.json
Sending ResponseJoinGame
