/labmount/users/202535331/miniconda3/envs/pymarl/lib/python3.9/site-packages/sacred/dependencies.py:11: UserWarning: pkg_resources is deprecated as an API. See https://setuptools.pypa.io/en/latest/pkg_resources.html. The pkg_resources package is slated for removal as early as 2025-11-30. Refrain from using this package or pin to Setuptools<81.
  import pkg_resources
[DEBUG 01:24:39] git.cmd Popen(['git', 'version'], cwd=/labmount/users/202535331/MARL/pymarl-monotone-qmix, stdin=None, shell=False, universal_newlines=False)
[DEBUG 01:24:39] git.cmd Popen(['git', 'version'], cwd=/labmount/users/202535331/MARL/pymarl-monotone-qmix, stdin=None, shell=False, universal_newlines=False)
[DEBUG 01:24:39] git.util sys.platform='linux', git_executable='git'
[DEBUG 01:24:39] git.cmd Popen(['git', 'diff', '--cached', '--abbrev=40', '--full-index', '--raw'], cwd=/labmount/users/202535331/MARL/pymarl-monotone-qmix, stdin=None, shell=False, universal_newlines=False)
[DEBUG 01:24:39] git.cmd Popen(['git', 'diff', '--abbrev=40', '--full-index', '--raw'], cwd=/labmount/users/202535331/MARL/pymarl-monotone-qmix, stdin=None, shell=False, universal_newlines=False)
[DEBUG 01:24:39] git.cmd Popen(['git', 'cat-file', '--batch-check'], cwd=/labmount/users/202535331/MARL/pymarl-monotone-qmix, stdin=<valid stream>, shell=False, universal_newlines=False)
[DEBUG 01:24:40] git.util sys.platform='linux', git_executable='git'
[DEBUG 01:24:40] git.cmd Popen(['git', 'diff', '--cached', '--abbrev=40', '--full-index', '--raw'], cwd=/labmount/users/202535331/MARL/pymarl-monotone-qmix, stdin=None, shell=False, universal_newlines=False)
[DEBUG 01:24:40] git.cmd Popen(['git', 'diff', '--abbrev=40', '--full-index', '--raw'], cwd=/labmount/users/202535331/MARL/pymarl-monotone-qmix, stdin=None, shell=False, universal_newlines=False)
[DEBUG 01:24:40] git.cmd Popen(['git', 'cat-file', '--batch-check'], cwd=/labmount/users/202535331/MARL/pymarl-monotone-qmix, stdin=<valid stream>, shell=False, universal_newlines=False)
[DEBUG 01:24:40] git.util sys.platform='linux', git_executable='git'
[DEBUG 01:24:40] git.cmd Popen(['git', 'diff', '--cached', '--abbrev=40', '--full-index', '--raw'], cwd=/labmount/users/202535331/MARL/pymarl-monotone-qmix, stdin=None, shell=False, universal_newlines=False)
[DEBUG 01:24:40] git.cmd Popen(['git', 'diff', '--abbrev=40', '--full-index', '--raw'], cwd=/labmount/users/202535331/MARL/pymarl-monotone-qmix, stdin=None, shell=False, universal_newlines=False)
[DEBUG 01:24:40] git.cmd Popen(['git', 'cat-file', '--batch-check'], cwd=/labmount/users/202535331/MARL/pymarl-monotone-qmix, stdin=<valid stream>, shell=False, universal_newlines=False)
[INFO 01:24:40] root Saving to FileStorageObserver in /labmount/users/202535331/MARL/pymarl-monotone-qmix/results/sacred/s2q_pmix_kan.
[DEBUG 01:24:41] pymarl Using capture mode "fd"
[INFO 01:24:41] pymarl Running command 'my_main'
[INFO 01:24:41] pymarl Started run with ID "11"
[DEBUG 01:24:41] pymarl Starting Heartbeat
[DEBUG 01:24:41] my_main Started
[INFO 01:24:41] my_main Experiment Parameters:
[INFO 01:24:41] my_main 

{   'action_selector': 's2q_epsilon_greedy',
    'agent': 's2q_rnn',
    'agent_output_type': 'q',
    'batch_size': 32,
    'batch_size_run': 1,
    'buffer_cpu_only': True,
    'buffer_size': 5000,
    'central_action_embed': 1,
    'central_mixing_embed_dim': 256,
    'checkpoint_path': '',
    'common_reward': True,
    'critic_lr': 0.0005,
    'double_q': True,
    'env': 'sc2',
    'env_args': {   'continuing_episode': False,
                    'debug': False,
                    'difficulty': '7',
                    'game_version': None,
                    'heuristic_ai': False,
                    'heuristic_rest': False,
                    'map_name': '3s_vs_5z',
                    'move_amount': 2,
                    'obs_all_health': True,
                    'obs_instead_of_state': False,
                    'obs_last_action': False,
                    'obs_own_health': True,
                    'obs_pathing_grid': False,
                    'obs_terrain_height': False,
                    'obs_timestep_number': False,
                    'replay_dir': '',
                    'replay_prefix': '',
                    'reward_death_value': 10,
                    'reward_defeat': 0,
                    'reward_negative_scale': 0.5,
                    'reward_only_positive': True,
                    'reward_scale': True,
                    'reward_scale_rate': 20,
                    'reward_sparse': False,
                    'reward_win': 200,
                    'seed': 41,
                    'state_last_action': True,
                    'state_timestep_number': False,
                    'step_mul': 8},
    'epsilon_anneal_time': 50000,
    'epsilon_finish': 0.05,
    'epsilon_start': 1.0,
    'evaluate': False,
    'evaluation_epsilon': 0.0,
    'gamma': 0.99,
    'grad_norm_clip': 10,
    'label': 'default_label',
    'learner': 's2q_learner',
    'learner_log_interval': 10000,
    'load_step': 0,
    'local_results_path': 'results',
    'log_interval': 10000,
    'lr': 0.0005,
    'mac': 's2q_mac',
    'mixer': 's2q_pmix_kan',
    'monokan_grid': 7,
    'monokan_grid_by_map': {   '1c3s5z': 7,
                               '27m_vs_30m': 7,
                               '2c_vs_64zg': 7,
                               '2s3z': 7,
                               '3s5z': 7,
                               '3s_vs_5z': 7,
                               '5m_vs_6m': 7,
                               'MMM2': 7,
                               'bane_vs_bane': 7},
    'monokan_grid_max': 1.0,
    'monokan_grid_min': -1.0,
    'monokan_hidden_dim': 32,
    'monokan_hidden_dim_by_map': {   '27m_vs_30m': 64,
                                     '2c_vs_64zg': 64,
                                     'bane_vs_bane': 64},
    'monokan_min_increment': 0.0001,
    'monokan_noise_scale': 0.02,
    'monokan_q_temperature': 1.0,
    'monokan_state_activation': 'silu',
    'monokan_state_embed_dim': 32,
    'monokan_state_embed_dim_by_map': {   '1c3s5z': 32,
                                          '27m_vs_30m': 64,
                                          '2c_vs_64zg': 64,
                                          '2s3z': 32,
                                          '3s5z': 32,
                                          '3s_vs_5z': 32,
                                          '5m_vs_6m': 32,
                                          'MMM2': 32,
                                          'bane_vs_bane': 64},
    'monokan_state_encoder_depth': 1,
    'monokan_state_value_activation': 'relu',
    'monokan_state_value_dim': 32,
    'name': 's2q_pmix_kan_3s_vs_5z_seed41',
    'obs_agent_id': True,
    'obs_last_action': True,
    'optim_alpha': 0.99,
    'optim_eps': 1e-05,
    'optimizer': 'rmsprop',
    'repeat_id': 1,
    'rnn_hidden_dim': 64,
    'runner': 'episode',
    'runner_log_interval': 10000,
    's2q_alpha': 1.0,
    's2q_central_hidden_dim': 64,
    's2q_central_use_agent_id': True,
    's2q_encoder_hidden_dim': 64,
    's2q_hidden_dim': 64,
    's2q_k': 2,
    's2q_latent_dim': 32,
    's2q_temperature': 0.1,
    'save_model': True,
    'save_model_interval': 2000000,
    'save_replay': False,
    'seed': 41,
    't_max': 2050000,
    'target_update_interval': 200,
    'test_greedy': True,
    'test_interval': 10000,
    'test_nepisode': 32,
    'use_cuda': True,
    'use_tensorboard': True,
    'w_c': 0.9}

[INFO 01:24:43] my_main Beginning training for 2050000 timesteps
[INFO 01:24:43] absl Launching SC2: /labmount/users/202535331/MARL/pymarl-monotone-qmix/3rdparty/StarCraftII/Versions/Base75689/SC2_x64 -listen 127.0.0.1 -port 41891 -dataDir /labmount/users/202535331/MARL/pymarl-monotone-qmix/3rdparty/StarCraftII/ -tempDir /tmp/sc-szqx9k26/
[INFO 01:24:43] absl Connecting to: ws://127.0.0.1:41891/sc2api, attempt: 0, running: True
Version: B75689 (SC2.4.10)
Build: Aug 12 2019 17:16:57
Command Line: '"/labmount/users/202535331/MARL/pymarl-monotone-qmix/3rdparty/StarCraftII/Versions/Base75689/SC2_x64" -listen 127.0.0.1 -port 41891 -dataDir /labmount/users/202535331/MARL/pymarl-monotone-qmix/3rdparty/StarCraftII/ -tempDir /tmp/sc-szqx9k26/'
Starting up...
Startup Phase 1 complete
[INFO 01:24:44] absl Connecting to: ws://127.0.0.1:41891/sc2api, attempt: 1, running: True
Startup Phase 2 complete
Creating stub renderer...
Listening on: 127.0.0.1:41891
Startup Phase 3 complete. Ready for commands.
[INFO 01:24:45] absl Connecting to: ws://127.0.0.1:41891/sc2api, attempt: 2, running: True
ConnectHandler: Request from 127.0.0.1:38092 accepted
ReadyHandler: 127.0.0.1:38092 ready
Requesting to join a single player game
Configuring interface options
Configure: raw interface enabled
Configure: feature layer interface disabled
Configure: score interface disabled
Configure: render interface disabled
Launching next game.
Next launch phase started: 2
Next launch phase started: 3
Next launch phase started: 4
Next launch phase started: 5
Next launch phase started: 6
Next launch phase started: 7
Next launch phase started: 8
Game has started.
Using default stable ids, none found at: /labmount/users/202535331/MARL/pymarl-monotone-qmix/3rdparty/StarCraftII/stableid.json
Successfully loaded stable ids: GameData\stableid.json
Sending ResponseJoinGame
[INFO 01:24:50] my_main t_env: 44 / 2050000
[INFO 01:24:50] my_main Estimated time left: 22 minutes, 35 seconds. Time passed: 6 seconds
[INFO 01:24:59] my_main Saving models to results/models/s2q_pmix_kan_3s_vs_5z_seed41__2026-10-03_01-24-41/44
[INFO 01:28:18] my_main Recent Stats | t_env:      10002 | Episode:      215
battle_won_mean:           0.0000	dead_allies_mean:          3.0000	dead_enemies_mean:         0.0000	ep_length_mean:           44.0000
epsilon:                   1.0000	grad_norm:                 7.5041	loss:                      1.1652	loss_central:              0.0228
loss_latent:               0.6165	loss_td:                   0.5260	q_taken_mean:             -0.2951	return_mean:               2.8850
return_std:                0.0000	target_mean:               0.1530	td_error_abs:              0.4481	test_battle_won_mean:      0.0000
test_dead_allies_mean:     3.0000	test_dead_enemies_mean:    0.0000	test_ep_length_mean:      43.8438	test_return_mean:          0.0650
test_return_std:           0.1453	
[INFO 01:28:19] my_main t_env: 10050 / 2050000
[INFO 01:28:19] my_main Estimated time left: 11 hours, 50 minutes, 8 seconds. Time passed: 3 minutes, 35 seconds
[INFO 01:32:03] my_main t_env: 20163 / 2050000
[INFO 01:32:03] my_main Estimated time left: 12 hours, 28 minutes, 18 seconds. Time passed: 7 minutes, 19 seconds
[INFO 01:32:09] my_main Recent Stats | t_env:      20163 | Episode:      427
battle_won_mean:           0.0000	dead_allies_mean:          2.9796	dead_enemies_mean:         0.0016	ep_length_mean:           46.1561
epsilon:                   0.6217	grad_norm:                 4.1817	loss:                      1.0452	loss_central:              0.0186
loss_latent:               0.7373	loss_td:                   0.2893	q_taken_mean:              0.0163	return_mean:               3.2649
return_std:                0.3528	target_mean:               0.2375	td_error_abs:              0.2722	test_battle_won_mean:      0.0000
test_dead_allies_mean:     3.0000	test_dead_enemies_mean:    0.1146	test_ep_length_mean:      32.0833	test_return_mean:          2.5233
test_return_std:           0.1805	
[INFO 01:36:41] my_main t_env: 30185 / 2050000
[INFO 01:36:41] my_main Estimated time left: 15 hours, 36 minutes, 13 seconds. Time passed: 11 minutes, 58 seconds
[INFO 01:36:48] my_main Recent Stats | t_env:      30185 | Episode:      712
battle_won_mean:           0.0000	dead_allies_mean:          2.9830	dead_enemies_mean:         0.0021	ep_length_mean:           43.4083
epsilon:                   0.4270	grad_norm:                 3.5077	loss:                      0.8422	loss_central:              0.0171
loss_latent:               0.6149	loss_td:                   0.2102	q_taken_mean:              0.1426	return_mean:               3.3651
return_std:                0.3714	target_mean:               0.2976	td_error_abs:              0.2097	test_battle_won_mean:      0.0000
test_dead_allies_mean:     3.0000	test_dead_enemies_mean:    0.2031	test_ep_length_mean:      30.6172	test_return_mean:          2.8000
test_return_std:           0.1779	
[INFO 01:41:17] my_main t_env: 40207 / 2050000
[INFO 01:41:17] my_main Estimated time left: 15 hours, 20 minutes, 6 seconds. Time passed: 16 minutes, 33 seconds
[INFO 01:41:23] my_main Recent Stats | t_env:      40207 | Episode:     1019
battle_won_mean:           0.0000	dead_allies_mean:          2.9864	dead_enemies_mean:         0.0075	ep_length_mean:           41.2557
epsilon:                   0.2366	grad_norm:                 2.7845	loss:                      0.8703	loss_central:              0.0161
loss_latent:               0.6732	loss_td:                   0.1810	q_taken_mean:              0.2704	return_mean:               3.4341
return_std:                0.3788	target_mean:               0.3914	td_error_abs:              0.1805	test_battle_won_mean:      0.0000
test_dead_allies_mean:     3.0000	test_dead_enemies_mean:    0.1750	test_ep_length_mean:      29.7375	test_return_mean:          3.0015
test_return_std:           0.1752	
[INFO 01:45:32] my_main t_env: 50237 / 2050000
[INFO 01:45:32] my_main Estimated time left: 14 hours, 7 minutes, 33 seconds. Time passed: 20 minutes, 48 seconds
[INFO 01:45:38] my_main Recent Stats | t_env:      50237 | Episode:     1341
battle_won_mean:           0.0000	dead_allies_mean:          2.9857	dead_enemies_mean:         0.0081	ep_length_mean:           38.6855
epsilon:                   0.0500	grad_norm:                 3.2331	loss:                      0.9459	loss_central:              0.0147
loss_latent:               0.7570	loss_td:                   0.1742	q_taken_mean:              0.3734	return_mean:               3.6248
return_std:                0.4583	target_mean:               0.4757	td_error_abs:              0.1595	test_battle_won_mean:      0.0000
test_dead_allies_mean:     3.0000	test_dead_enemies_mean:    0.1750	test_ep_length_mean:      26.1625	test_return_mean:          3.7546
test_return_std:           0.1997	
DataHandler: unable to parse websocket frame.
CloseHandler: 127.0.0.1:38092 disconnected
RequestQuit command received.
QueueResponse: No outstanding requests to this connection, dropping response: quit, id: 999999999
Closing Application...
[INFO 01:49:14] absl Shutdown gracefully.
[INFO 01:49:14] absl Shutdown with return code: -15
[INFO 01:49:14] absl Launching SC2: /labmount/users/202535331/MARL/pymarl-monotone-qmix/3rdparty/StarCraftII/Versions/Base75689/SC2_x64 -listen 127.0.0.1 -port 33651 -dataDir /labmount/users/202535331/MARL/pymarl-monotone-qmix/3rdparty/StarCraftII/ -tempDir /tmp/sc-6opg_3uq/
[INFO 01:49:14] absl Connecting to: ws://127.0.0.1:33651/sc2api, attempt: 0, running: True
Version: B75689 (SC2.4.10)
Build: Aug 12 2019 17:16:57
Command Line: '"/labmount/users/202535331/MARL/pymarl-monotone-qmix/3rdparty/StarCraftII/Versions/Base75689/SC2_x64" -listen 127.0.0.1 -port 33651 -dataDir /labmount/users/202535331/MARL/pymarl-monotone-qmix/3rdparty/StarCraftII/ -tempDir /tmp/sc-6opg_3uq/'
Starting up...
Startup Phase 1 complete
[INFO 01:49:15] absl Connecting to: ws://127.0.0.1:33651/sc2api, attempt: 1, running: True
Startup Phase 2 complete
Creating stub renderer...
Listening on: 127.0.0.1:33651
Startup Phase 3 complete. Ready for commands.
[INFO 01:49:16] absl Connecting to: ws://127.0.0.1:33651/sc2api, attempt: 2, running: True
ConnectHandler: Request from 127.0.0.1:52758 accepted
ReadyHandler: 127.0.0.1:52758 ready
Requesting to join a single player game
Configuring interface options
Configure: raw interface enabled
Configure: feature layer interface disabled
Configure: score interface disabled
Configure: render interface disabled
Launching next game.
Next launch phase started: 2
Next launch phase started: 3
Next launch phase started: 4
Next launch phase started: 5
Next launch phase started: 6
Next launch phase started: 7
Next launch phase started: 8
Game has started.
Using default stable ids, none found at: /labmount/users/202535331/MARL/pymarl-monotone-qmix/3rdparty/StarCraftII/stableid.json
Successfully loaded stable ids: GameData\stableid.json
Sending ResponseJoinGame
[INFO 01:49:39] my_main t_env: 60261 / 2050000
[INFO 01:49:39] my_main Estimated time left: 13 hours, 39 minutes, 7 seconds. Time passed: 24 minutes, 56 seconds
[INFO 01:49:47] my_main Recent Stats | t_env:      60261 | Episode:     1659
battle_won_mean:           0.0000	dead_allies_mean:          2.9885	dead_enemies_mean:         0.0081	ep_length_mean:           35.6820
epsilon:                   0.0500	grad_norm:                 2.2307	loss:                      0.9221	loss_central:              0.0122
loss_latent:               0.7971	loss_td:                   0.1129	q_taken_mean:              0.6500	return_mean:               3.7698
return_std:                0.4515	target_mean:               0.6606	td_error_abs:              0.0862	test_battle_won_mean:      0.0000
test_dead_allies_mean:     3.0000	test_dead_enemies_mean:    0.1750	test_ep_length_mean:      27.1062	test_return_mean:          3.8780
test_return_std:           0.2716	
[INFO 01:53:18] my_main t_env: 70277 / 2050000
[INFO 01:53:18] my_main Estimated time left: 11 hours, 59 minutes, 26 seconds. Time passed: 28 minutes, 34 seconds
[INFO 01:53:26] my_main Recent Stats | t_env:      70277 | Episode:     1970
battle_won_mean:           0.0000	dead_allies_mean:          2.9961	dead_enemies_mean:         0.0072	ep_length_mean:           32.5373
epsilon:                   0.0500	grad_norm:                 2.3051	loss:                      0.9130	loss_central:              0.0113
loss_latent:               0.7559	loss_td:                   0.1457	q_taken_mean:              0.8193	return_mean:               3.8626
return_std:                0.4522	target_mean:               0.8341	td_error_abs:              0.0826	test_battle_won_mean:      0.0000
test_dead_allies_mean:     3.0000	test_dead_enemies_mean:    0.1062	test_ep_length_mean:      28.1812	test_return_mean:          3.9993
test_return_std:           0.3390	
[INFO 01:56:40] my_main t_env: 80299 / 2050000
[INFO 01:56:40] my_main Estimated time left: 11 hours, 2 minutes, 31 seconds. Time passed: 31 minutes, 56 seconds
[INFO 01:56:49] my_main Recent Stats | t_env:      80299 | Episode:     2243
battle_won_mean:           0.0000	dead_allies_mean:          2.9968	dead_enemies_mean:         0.0072	ep_length_mean:           32.8465
epsilon:                   0.0500	grad_norm:                 2.3021	loss:                      1.0102	loss_central:              0.0107
loss_latent:               0.8180	loss_td:                   0.1815	q_taken_mean:              0.9581	return_mean:               3.9974
return_std:                0.4825	target_mean:               0.9744	td_error_abs:              0.0794	test_battle_won_mean:      0.0000
test_dead_allies_mean:     3.0000	test_dead_enemies_mean:    0.0125	test_ep_length_mean:      30.7500	test_return_mean:          4.2395
test_return_std:           0.4102	
[INFO 02:00:00] my_main t_env: 90304 / 2050000
[INFO 02:00:00] my_main Estimated time left: 10 hours, 52 minutes, 4 seconds. Time passed: 35 minutes, 16 seconds
[INFO 02:00:09] my_main Recent Stats | t_env:      90304 | Episode:     2517
battle_won_mean:           0.0000	dead_allies_mean:          2.9968	dead_enemies_mean:         0.0014	ep_length_mean:           33.6204
epsilon:                   0.0500	grad_norm:                 2.4669	loss:                      1.0363	loss_central:              0.0096
loss_latent:               0.8041	loss_td:                   0.2226	q_taken_mean:              1.0871	return_mean:               4.1229
return_std:                0.5231	target_mean:               1.0934	td_error_abs:              0.0755	test_battle_won_mean:      0.0000
test_dead_allies_mean:     3.0000	test_dead_enemies_mean:    0.0000	test_ep_length_mean:      33.4500	test_return_mean:          4.5430
test_return_std:           0.4637	
[INFO 02:03:20] my_main t_env: 100325 / 2050000
[INFO 02:03:20] my_main Estimated time left: 10 hours, 49 minutes, 15 seconds. Time passed: 38 minutes, 36 seconds
[INFO 02:03:28] my_main Recent Stats | t_env:     100325 | Episode:     2805
battle_won_mean:           0.0000	dead_allies_mean:          2.9967	dead_enemies_mean:         0.0007	ep_length_mean:           34.3496
epsilon:                   0.0500	grad_norm:                 1.9034	loss:                      1.0014	loss_central:              0.0095
loss_latent:               0.7429	loss_td:                   0.2490	q_taken_mean:              1.2069	return_mean:               4.2019
return_std:                0.5735	target_mean:               1.2071	td_error_abs:              0.0737	test_battle_won_mean:      0.0000
test_dead_allies_mean:     3.0000	test_dead_enemies_mean:    0.0187	test_ep_length_mean:      34.6688	test_return_mean:          4.6962
test_return_std:           0.5623	
[INFO 02:06:32] my_main t_env: 110328 / 2050000
[INFO 02:06:32] my_main Estimated time left: 10 hours, 20 minutes, 42 seconds. Time passed: 41 minutes, 48 seconds
[INFO 02:06:42] my_main Recent Stats | t_env:     110328 | Episode:     3086
battle_won_mean:           0.0000	dead_allies_mean:          2.9979	dead_enemies_mean:         0.0093	ep_length_mean:           35.1648
epsilon:                   0.0500	grad_norm:                 1.6100	loss:                      0.9859	loss_central:              0.0092
loss_latent:               0.6917	loss_td:                   0.2850	q_taken_mean:              1.2885	return_mean:               4.2868
return_std:                0.6541	target_mean:               1.2931	td_error_abs:              0.0707	test_battle_won_mean:      0.0000
test_dead_allies_mean:     2.9937	test_dead_enemies_mean:    0.1000	test_ep_length_mean:      36.8312	test_return_mean:          4.7815
test_return_std:           0.5839	
RequestQuit command received.
DataHandler: unable to parse websocket frame.
Closing Application...
CloseHandler: 127.0.0.1:52758 disconnected
ResponseThread: No connection, dropping the response.
[INFO 02:09:02] absl Shutdown gracefully.
[INFO 02:09:02] absl Shutdown with return code: -15
[INFO 02:09:02] absl Launching SC2: /labmount/users/202535331/MARL/pymarl-monotone-qmix/3rdparty/StarCraftII/Versions/Base75689/SC2_x64 -listen 127.0.0.1 -port 41179 -dataDir /labmount/users/202535331/MARL/pymarl-monotone-qmix/3rdparty/StarCraftII/ -tempDir /tmp/sc-pnuy0mlv/
[INFO 02:09:02] absl Connecting to: ws://127.0.0.1:41179/sc2api, attempt: 0, running: True
Version: B75689 (SC2.4.10)
Build: Aug 12 2019 17:16:57
Command Line: '"/labmount/users/202535331/MARL/pymarl-monotone-qmix/3rdparty/StarCraftII/Versions/Base75689/SC2_x64" -listen 127.0.0.1 -port 41179 -dataDir /labmount/users/202535331/MARL/pymarl-monotone-qmix/3rdparty/StarCraftII/ -tempDir /tmp/sc-pnuy0mlv/'
Starting up...
Startup Phase 1 complete
[INFO 02:09:03] absl Connecting to: ws://127.0.0.1:41179/sc2api, attempt: 1, running: True
Startup Phase 2 complete
Creating stub renderer...
Listening on: 127.0.0.1:41179
Startup Phase 3 complete. Ready for commands.
[INFO 02:09:04] absl Connecting to: ws://127.0.0.1:41179/sc2api, attempt: 2, running: True
ConnectHandler: Request from 127.0.0.1:33340 accepted
ReadyHandler: 127.0.0.1:33340 ready
Requesting to join a single player game
Configuring interface options
Configure: raw interface enabled
Configure: feature layer interface disabled
Configure: score interface disabled
Configure: render interface disabled
Launching next game.
Next launch phase started: 2
Next launch phase started: 3
Next launch phase started: 4
Next launch phase started: 5
Next launch phase started: 6
Next launch phase started: 7
Next launch phase started: 8
Game has started.
Using default stable ids, none found at: /labmount/users/202535331/MARL/pymarl-monotone-qmix/3rdparty/StarCraftII/stableid.json
Successfully loaded stable ids: GameData\stableid.json
Sending ResponseJoinGame
[INFO 02:09:52] my_main t_env: 120342 / 2050000
[INFO 02:09:52] my_main Estimated time left: 10 hours, 42 minutes, 13 seconds. Time passed: 45 minutes, 8 seconds
[INFO 02:10:03] my_main Recent Stats | t_env:     120342 | Episode:     3367
battle_won_mean:           0.0000	dead_allies_mean:          2.9936	dead_enemies_mean:         0.0228	ep_length_mean:           35.8510
epsilon:                   0.0500	grad_norm:                 1.6584	loss:                      0.9452	loss_central:              0.0085
loss_latent:               0.6464	loss_td:                   0.2903	q_taken_mean:              1.3211	return_mean:               4.3259
return_std:                0.6929	target_mean:               1.3301	td_error_abs:              0.0704	test_battle_won_mean:      0.0000
test_dead_allies_mean:     2.9875	test_dead_enemies_mean:    0.1562	test_ep_length_mean:      40.2375	test_return_mean:          4.9750
test_return_std:           0.6715	
