/labmount/users/202535331/miniconda3/envs/pymarl/lib/python3.9/site-packages/sacred/dependencies.py:11: UserWarning: pkg_resources is deprecated as an API. See https://setuptools.pypa.io/en/latest/pkg_resources.html. The pkg_resources package is slated for removal as early as 2025-11-30. Refrain from using this package or pin to Setuptools<81.
  import pkg_resources
[DEBUG 15:29:54] git.cmd Popen(['git', 'version'], cwd=/labmount/users/202535331/MARL/pymarl-monotone-qmix, stdin=None, shell=False, universal_newlines=False)
[DEBUG 15:29:54] git.cmd Popen(['git', 'version'], cwd=/labmount/users/202535331/MARL/pymarl-monotone-qmix, stdin=None, shell=False, universal_newlines=False)
[DEBUG 15:29:54] git.util sys.platform='linux', git_executable='git'
[DEBUG 15:29:54] git.cmd Popen(['git', 'diff', '--cached', '--abbrev=40', '--full-index', '--raw'], cwd=/labmount/users/202535331/MARL/pymarl-monotone-qmix, stdin=None, shell=False, universal_newlines=False)
[DEBUG 15:29:54] git.cmd Popen(['git', 'diff', '--abbrev=40', '--full-index', '--raw'], cwd=/labmount/users/202535331/MARL/pymarl-monotone-qmix, stdin=None, shell=False, universal_newlines=False)
[DEBUG 15:29:54] git.cmd Popen(['git', 'cat-file', '--batch-check'], cwd=/labmount/users/202535331/MARL/pymarl-monotone-qmix, stdin=<valid stream>, shell=False, universal_newlines=False)
[DEBUG 15:29:54] git.util sys.platform='linux', git_executable='git'
[DEBUG 15:29:54] git.cmd Popen(['git', 'diff', '--cached', '--abbrev=40', '--full-index', '--raw'], cwd=/labmount/users/202535331/MARL/pymarl-monotone-qmix, stdin=None, shell=False, universal_newlines=False)
[DEBUG 15:29:54] git.cmd Popen(['git', 'diff', '--abbrev=40', '--full-index', '--raw'], cwd=/labmount/users/202535331/MARL/pymarl-monotone-qmix, stdin=None, shell=False, universal_newlines=False)
[DEBUG 15:29:54] git.cmd Popen(['git', 'cat-file', '--batch-check'], cwd=/labmount/users/202535331/MARL/pymarl-monotone-qmix, stdin=<valid stream>, shell=False, universal_newlines=False)
[DEBUG 15:29:54] git.util sys.platform='linux', git_executable='git'
[DEBUG 15:29:54] git.cmd Popen(['git', 'diff', '--cached', '--abbrev=40', '--full-index', '--raw'], cwd=/labmount/users/202535331/MARL/pymarl-monotone-qmix, stdin=None, shell=False, universal_newlines=False)
[DEBUG 15:29:54] git.cmd Popen(['git', 'diff', '--abbrev=40', '--full-index', '--raw'], cwd=/labmount/users/202535331/MARL/pymarl-monotone-qmix, stdin=None, shell=False, universal_newlines=False)
[DEBUG 15:29:54] git.cmd Popen(['git', 'cat-file', '--batch-check'], cwd=/labmount/users/202535331/MARL/pymarl-monotone-qmix, stdin=<valid stream>, shell=False, universal_newlines=False)
[INFO 15:29:54] root Saving to FileStorageObserver in /labmount/users/202535331/MARL/pymarl-monotone-qmix/results/sacred/kaleidoscope_qmix.
[DEBUG 15:29:55] pymarl Using capture mode "fd"
[INFO 15:29:56] pymarl Running command 'my_main'
[INFO 15:29:56] pymarl Started run with ID "2"
[DEBUG 15:29:56] pymarl Starting Heartbeat
[DEBUG 15:29:56] my_main Started
[INFO 15:29:56] my_main Experiment Parameters:
[INFO 15:29:56] my_main 

{   'action_selector': 'epsilon_greedy',
    'agent': 'kaleidoscope_rnn_1r3',
    'agent_output_type': 'q',
    'batch_size': 32,
    'batch_size_run': 1,
    'buffer_cpu_only': True,
    'buffer_size': 5000,
    'checkpoint_path': '',
    'critic_lr': 0.0005,
    'double_q': True,
    'env': 'sc2',
    'env_args': {   'continuing_episode': False,
                    'debug': False,
                    'difficulty': '7',
                    'game_version': None,
                    'heuristic_ai': False,
                    'heuristic_rest': False,
                    'map_name': '5m_vs_6m',
                    'move_amount': 2,
                    'obs_all_health': True,
                    'obs_instead_of_state': False,
                    'obs_last_action': False,
                    'obs_own_health': True,
                    'obs_pathing_grid': False,
                    'obs_terrain_height': False,
                    'obs_timestep_number': False,
                    'replay_dir': '',
                    'replay_prefix': '',
                    'reward_death_value': 10,
                    'reward_defeat': 0,
                    'reward_negative_scale': 0.5,
                    'reward_only_positive': True,
                    'reward_scale': True,
                    'reward_scale_rate': 20,
                    'reward_sparse': False,
                    'reward_win': 200,
                    'seed': 1,
                    'state_last_action': True,
                    'state_timestep_number': False,
                    'step_mul': 8},
    'epsilon_anneal_time': 50000,
    'epsilon_finish': 0.05,
    'epsilon_start': 1.0,
    'evaluate': False,
    'gamma': 0.99,
    'grad_norm_clip': 10,
    'hypernet_embed': 64,
    'hypernet_layers': 2,
    'kaleidoscope_args': {   'deque_len': 100,
                             'div_coef': 5.0,
                             'reset_interval': 1000000,
                             'reset_ratio': 0.2,
                             'sparsity_layer_weights': [   1.0,
                                                           2.0,
                                                           4.0,
                                                           8.0],
                             'threshold_init_bias': 5.0,
                             'threshold_init_scale': 5.0,
                             'threshold_reset_bias': 5.0,
                             'threshold_reset_scale': 5.0},
    'label': 'default_label',
    'learner': 'kaleidoscope_q_learner',
    'learner_log_interval': 10000,
    'load_step': 0,
    'local_results_path': 'results',
    'log_interval': 10000,
    'lr': 0.0005,
    'mac': 'kaleidoscope_mac',
    'mixer': 'qmix',
    'mixing_embed_dim': 32,
    'name': 'kaleidoscope_qmix_5m_vs_6m_seed1',
    'obs_agent_id': True,
    'obs_last_action': True,
    'optim_alpha': 0.99,
    'optim_eps': 1e-05,
    'repeat_id': 1,
    'rnn_hidden_dim': 64,
    'runner': 'episode',
    'runner_log_interval': 10000,
    'save_model': True,
    'save_model_interval': 2000000,
    'save_replay': False,
    'seed': 1,
    't_max': 2050000,
    'target_update_interval': 200,
    'test_greedy': True,
    'test_interval': 10000,
    'test_nepisode': 32,
    'use_cuda': True,
    'use_tensorboard': True}

[INFO 15:29:59] my_main Beginning training for 2050000 timesteps
[INFO 15:29:59] absl Launching SC2: /labmount/users/202535331/MARL/pymarl-monotone-qmix/3rdparty/StarCraftII/Versions/Base75689/SC2_x64 -listen 127.0.0.1 -port 37789 -dataDir /labmount/users/202535331/MARL/pymarl-monotone-qmix/3rdparty/StarCraftII/ -tempDir /tmp/sc-9m87uvr3/
[INFO 15:29:59] absl Connecting to: ws://127.0.0.1:37789/sc2api, attempt: 0, running: True
Version: B75689 (SC2.4.10)
Build: Aug 12 2019 17:16:57
Command Line: '"/labmount/users/202535331/MARL/pymarl-monotone-qmix/3rdparty/StarCraftII/Versions/Base75689/SC2_x64" -listen 127.0.0.1 -port 37789 -dataDir /labmount/users/202535331/MARL/pymarl-monotone-qmix/3rdparty/StarCraftII/ -tempDir /tmp/sc-9m87uvr3/'
Starting up...
Startup Phase 1 complete
[INFO 15:30:00] absl Connecting to: ws://127.0.0.1:37789/sc2api, attempt: 1, running: True
Startup Phase 2 complete
Creating stub renderer...
Listening on: 127.0.0.1:37789
Startup Phase 3 complete. Ready for commands.
[INFO 15:30:01] absl Connecting to: ws://127.0.0.1:37789/sc2api, attempt: 2, running: True
ConnectHandler: Request from 127.0.0.1:48924 accepted
ReadyHandler: 127.0.0.1:48924 ready
Requesting to join a single player game
Configuring interface options
Configure: raw interface enabled
Configure: feature layer interface disabled
Configure: score interface disabled
Configure: render interface disabled
Launching next game.
Next launch phase started: 2
Next launch phase started: 3
Next launch phase started: 4
Next launch phase started: 5
Next launch phase started: 6
Next launch phase started: 7
Next launch phase started: 8
Game has started.
Using default stable ids, none found at: /labmount/users/202535331/MARL/pymarl-monotone-qmix/3rdparty/StarCraftII/stableid.json
Successfully loaded stable ids: GameData\stableid.json
Sending ResponseJoinGame
[INFO 15:30:07] my_main t_env: 25 / 2050000
[INFO 15:30:07] my_main Estimated time left: 26 minutes, 54 seconds. Time passed: 7 seconds
[INFO 15:30:16] my_main Saving models to results/models/kaleidoscope_qmix_5m_vs_6m_seed1__2026-09-19_15-29-56/25
[INFO 15:32:40] my_main Updated target network
[INFO 15:34:49] my_main Recent Stats | t_env:      10017 | Episode:      359
battle_won_mean:           0.0000	dead_allies_mean:          5.0000	dead_enemies_mean:         0.0000	div_coef:                1877.2703
div_loss:                 -0.0001	ep_length_mean:           25.0000	epsilon:                   1.0000	grad_norm:                 0.4015
loss:                     -0.1092	loss_td:                   0.0273	q_taken_mean:              0.0251	return_mean:               1.5849
return_std:                0.0000	target_mean:               0.0404	td_error_abs:              0.1187	test_battle_won_mean:      0.0000
test_dead_allies_mean:     4.7500	test_dead_enemies_mean:    1.6875	test_ep_length_mean:      33.0938	test_return_mean:          3.8420
test_return_std:           0.5198	
[INFO 15:34:50] my_main t_env: 10045 / 2050000
[INFO 15:34:50] my_main Estimated time left: 15 hours, 58 minutes, 10 seconds. Time passed: 4 minutes, 50 seconds
[INFO 15:35:37] my_main Updated target network
[INFO 15:38:06] my_main Updated target network
[INFO 15:40:24] my_main Updated target network
[INFO 15:40:54] my_main Recent Stats | t_env:      20032 | Episode:      846
battle_won_mean:           0.0000	dead_allies_mean:          4.9805	dead_enemies_mean:         0.0014	div_coef:                1423.0890
div_loss:                 -0.0001	ep_length_mean:           26.4554	epsilon:                   0.8097	grad_norm:                 0.2827
loss:                     -0.0795	loss_td:                   0.0196	q_taken_mean:              0.0472	return_mean:               1.5922
return_std:                0.2499	target_mean:               0.0519	td_error_abs:              0.1010	test_battle_won_mean:      0.0000
test_dead_allies_mean:     4.3281	test_dead_enemies_mean:    0.8750	test_ep_length_mean:      43.2188	test_return_mean:          2.9764
test_return_std:           0.6935	
[INFO 15:40:55] my_main t_env: 20056 / 2050000
[INFO 15:40:55] my_main Estimated time left: 20 hours, 35 minutes, 24 seconds. Time passed: 10 minutes, 55 seconds
[INFO 15:42:44] my_main Updated target network
[INFO 15:44:54] my_main Updated target network
[INFO 15:46:49] my_main Recent Stats | t_env:      30032 | Episode:     1391
battle_won_mean:           0.0000	dead_allies_mean:          4.9856	dead_enemies_mean:         0.0153	div_coef:                1535.8326
div_loss:                 -0.0001	ep_length_mean:           24.4891	epsilon:                   0.6194	grad_norm:                 0.2828
loss:                     -0.0776	loss_td:                   0.0176	q_taken_mean:              0.0769	return_mean:               1.8175
return_std:                0.3995	target_mean:               0.0824	td_error_abs:              0.0958	test_battle_won_mean:      0.0000
test_dead_allies_mean:     4.5521	test_dead_enemies_mean:    1.2083	test_ep_length_mean:      35.0208	test_return_mean:          4.1187
test_return_std:           0.7472	
[INFO 15:46:50] my_main t_env: 30069 / 2050000
[INFO 15:46:50] my_main Estimated time left: 19 hours, 53 minutes, 11 seconds. Time passed: 16 minutes, 50 seconds
[INFO 15:47:00] my_main Updated target network
[INFO 15:48:58] my_main Updated target network
[INFO 15:50:51] my_main Updated target network
[INFO 15:52:12] my_main Recent Stats | t_env:      40034 | Episode:     1950
battle_won_mean:           0.0000	dead_allies_mean:          4.9892	dead_enemies_mean:         0.0765	div_coef:                1881.5255
div_loss:                 -0.0001	ep_length_mean:           22.9515	epsilon:                   0.4291	grad_norm:                 0.4593
loss:                     -0.0898	loss_td:                   0.0209	q_taken_mean:              0.1305	return_mean:               2.1593
return_std:                0.5149	target_mean:               0.1387	td_error_abs:              0.1036	test_battle_won_mean:      0.0000
test_dead_allies_mean:     4.6641	test_dead_enemies_mean:    1.3984	test_ep_length_mean:      30.9219	test_return_mean:          4.7756
test_return_std:           0.7586	
[INFO 15:52:13] my_main t_env: 40071 / 2050000
[INFO 15:52:13] my_main Estimated time left: 18 hours, 1 minutes, 4 seconds. Time passed: 22 minutes, 13 seconds
[INFO 15:52:44] my_main Updated target network
[INFO 15:54:35] my_main Updated target network
[INFO 15:56:24] my_main Updated target network
[INFO 15:57:12] my_main Recent Stats | t_env:      50041 | Episode:     2489
battle_won_mean:           0.0000	dead_allies_mean:          4.9914	dead_enemies_mean:         0.2240	div_coef:                2393.9062
div_loss:                 -0.0001	ep_length_mean:           21.9398	epsilon:                   0.2390	grad_norm:                 0.4028
loss:                     -0.1061	loss_td:                   0.0222	q_taken_mean:              0.1882	return_mean:               2.6341
return_std:                0.6086	target_mean:               0.1944	td_error_abs:              0.1069	test_battle_won_mean:      0.0000
test_dead_allies_mean:     4.7313	test_dead_enemies_mean:    1.5250	test_ep_length_mean:      28.4500	test_return_mean:          5.1151
test_return_std:           0.7505	
[INFO 15:57:13] my_main t_env: 50078 / 2050000
[INFO 15:57:13] my_main Estimated time left: 16 hours, 38 minutes, 58 seconds. Time passed: 27 minutes, 13 seconds
[INFO 15:58:21] my_main Updated target network
[INFO 16:00:04] my_main Updated target network
RequestQuit command received.
Closing Application...
DataHandler: unable to parse websocket frame.
CloseHandler: 127.0.0.1:48924 disconnected
[INFO 16:01:44] absl Shutdown gracefully.
[INFO 16:01:44] absl Shutdown with return code: -15
[INFO 16:01:44] absl Launching SC2: /labmount/users/202535331/MARL/pymarl-monotone-qmix/3rdparty/StarCraftII/Versions/Base75689/SC2_x64 -listen 127.0.0.1 -port 35155 -dataDir /labmount/users/202535331/MARL/pymarl-monotone-qmix/3rdparty/StarCraftII/ -tempDir /tmp/sc-sx1uwke7/
[INFO 16:01:44] absl Connecting to: ws://127.0.0.1:35155/sc2api, attempt: 0, running: True
Version: B75689 (SC2.4.10)
Build: Aug 12 2019 17:16:57
Command Line: '"/labmount/users/202535331/MARL/pymarl-monotone-qmix/3rdparty/StarCraftII/Versions/Base75689/SC2_x64" -listen 127.0.0.1 -port 35155 -dataDir /labmount/users/202535331/MARL/pymarl-monotone-qmix/3rdparty/StarCraftII/ -tempDir /tmp/sc-sx1uwke7/'
Starting up...
Startup Phase 1 complete
[INFO 16:01:45] absl Connecting to: ws://127.0.0.1:35155/sc2api, attempt: 1, running: True
Startup Phase 2 complete
Creating stub renderer...
Listening on: 127.0.0.1:35155
Startup Phase 3 complete. Ready for commands.
[INFO 16:01:46] absl Connecting to: ws://127.0.0.1:35155/sc2api, attempt: 2, running: True
ConnectHandler: Request from 127.0.0.1:44800 accepted
ReadyHandler: 127.0.0.1:44800 ready
Requesting to join a single player game
Configuring interface options
Configure: raw interface enabled
Configure: feature layer interface disabled
Configure: score interface disabled
Configure: render interface disabled
Launching next game.
Next launch phase started: 2
Next launch phase started: 3
Next launch phase started: 4
Next launch phase started: 5
Next launch phase started: 6
Next launch phase started: 7
Next launch phase started: 8
Game has started.
Using default stable ids, none found at: /labmount/users/202535331/MARL/pymarl-monotone-qmix/3rdparty/StarCraftII/stableid.json
Successfully loaded stable ids: GameData\stableid.json
Sending ResponseJoinGame
[INFO 16:01:57] my_main Updated target network
[INFO 16:02:04] my_main Recent Stats | t_env:      60046 | Episode:     3011
battle_won_mean:           0.0000	dead_allies_mean:          4.9914	dead_enemies_mean:         0.5616	div_coef:                3073.7919
div_loss:                 -0.0001	ep_length_mean:           20.6529	epsilon:                   0.0500	grad_norm:                 0.4189
loss:                     -0.1266	loss_td:                   0.0245	q_taken_mean:              0.2924	return_mean:               3.5016
return_std:                0.8021	target_mean:               0.2943	td_error_abs:              0.1113	test_battle_won_mean:      0.0000
test_dead_allies_mean:     4.7812	test_dead_enemies_mean:    1.6187	test_ep_length_mean:      25.6562	test_return_mean:          5.6592
test_return_std:           0.8291	
[INFO 16:02:05] my_main t_env: 60086 / 2050000
[INFO 16:02:05] my_main Estimated time left: 16 hours, 9 minutes, 2 seconds. Time passed: 32 minutes, 5 seconds
[INFO 16:03:50] my_main Updated target network
[INFO 16:05:36] my_main Updated target network
[INFO 16:06:43] my_main Recent Stats | t_env:      70058 | Episode:     3526
battle_won_mean:           0.0000	dead_allies_mean:          4.9973	dead_enemies_mean:         0.9887	div_coef:                3833.6822
div_loss:                 -0.0000	ep_length_mean:           18.9052	epsilon:                   0.0500	grad_norm:                 1.0876
loss:                     -0.1462	loss_td:                   0.0386	q_taken_mean:              0.4017	return_mean:               4.5020
return_std:                0.9021	target_mean:               0.3973	td_error_abs:              0.1393	test_battle_won_mean:      0.0000
test_dead_allies_mean:     5.0000	test_dead_enemies_mean:    2.0562	test_ep_length_mean:      19.0562	test_return_mean:          6.6366
test_return_std:           0.8289	
[INFO 16:06:44] my_main t_env: 70095 / 2050000
[INFO 16:06:44] my_main Estimated time left: 15 hours, 20 minutes, 30 seconds. Time passed: 36 minutes, 45 seconds
[INFO 16:07:30] my_main Updated target network
[INFO 16:09:16] my_main Updated target network
[INFO 16:11:02] my_main Recent Stats | t_env:      80069 | Episode:     3988
battle_won_mean:           0.0004	dead_allies_mean:          4.9965	dead_enemies_mean:         1.4053	div_coef:                4296.3299
div_loss:                 -0.0000	ep_length_mean:           18.6809	epsilon:                   0.0500	grad_norm:                 1.1289
loss:                     -0.1642	loss_td:                   0.0437	q_taken_mean:              0.5040	return_mean:               5.3774
return_std:                0.9912	target_mean:               0.4993	td_error_abs:              0.1510	test_battle_won_mean:      0.0000
test_dead_allies_mean:     5.0000	test_dead_enemies_mean:    2.1375	test_ep_length_mean:      19.1625	test_return_mean:          6.6651
test_return_std:           0.8105	
[INFO 16:11:03] my_main t_env: 80110 / 2050000
[INFO 16:11:03] my_main Estimated time left: 14 hours, 9 minutes, 11 seconds. Time passed: 41 minutes, 4 seconds
[INFO 16:11:16] my_main Updated target network
[INFO 16:13:05] my_main Updated target network
[INFO 16:15:01] my_main Updated target network
[INFO 16:15:46] my_main Recent Stats | t_env:      90073 | Episode:     4484
battle_won_mean:           0.0004	dead_allies_mean:          4.9905	dead_enemies_mean:         1.7433	div_coef:                4476.4542
div_loss:                 -0.0000	ep_length_mean:           19.3487	epsilon:                   0.0500	grad_norm:                 1.0097
loss:                     -0.1711	loss_td:                   0.0432	q_taken_mean:              0.5718	return_mean:               6.0049
return_std:                1.0537	target_mean:               0.5650	td_error_abs:              0.1501	test_battle_won_mean:      0.0000
test_dead_allies_mean:     5.0000	test_dead_enemies_mean:    2.2188	test_ep_length_mean:      19.4875	test_return_mean:          6.6837
test_return_std:           0.8159	
[INFO 16:15:47] my_main t_env: 90110 / 2050000
[INFO 16:15:47] my_main Estimated time left: 15 hours, 27 minutes, 46 seconds. Time passed: 45 minutes, 48 seconds
[INFO 16:17:02] my_main Updated target network
[INFO 16:18:57] my_main Updated target network
[INFO 16:20:34] my_main Recent Stats | t_env:     100085 | Episode:     4966
battle_won_mean:           0.0004	dead_allies_mean:          4.9889	dead_enemies_mean:         2.0386	div_coef:                4346.7718
div_loss:                 -0.0000	ep_length_mean:           19.8024	epsilon:                   0.0500	grad_norm:                 1.1153
loss:                     -0.1707	loss_td:                   0.0440	q_taken_mean:              0.6146	return_mean:               6.4331
return_std:                1.0505	target_mean:               0.6095	td_error_abs:              0.1520	test_battle_won_mean:      0.0000
test_dead_allies_mean:     4.9938	test_dead_enemies_mean:    2.3438	test_ep_length_mean:      20.5312	test_return_mean:          6.8186
test_return_std:           0.9343	
[INFO 16:20:35] my_main t_env: 100123 / 2050000
[INFO 16:20:35] my_main Estimated time left: 15 hours, 34 minutes, 26 seconds. Time passed: 50 minutes, 36 seconds
[INFO 16:21:02] my_main Updated target network
[INFO 16:23:03] my_main Updated target network
[INFO 16:25:05] my_main Updated target network
[INFO 16:25:12] my_main Recent Stats | t_env:     110096 | Episode:     5411
battle_won_mean:           0.0004	dead_allies_mean:          4.9851	dead_enemies_mean:         2.1603	div_coef:                4070.6471
div_loss:                 -0.0000	ep_length_mean:           20.2440	epsilon:                   0.0500	grad_norm:                 1.0576
loss:                     -0.1600	loss_td:                   0.0418	q_taken_mean:              0.6346	return_mean:               6.6144
return_std:                1.0587	target_mean:               0.6315	td_error_abs:              0.1484	test_battle_won_mean:      0.0000
test_dead_allies_mean:     4.9938	test_dead_enemies_mean:    2.4125	test_ep_length_mean:      20.4750	test_return_mean:          6.9005
test_return_std:           0.9259	
[INFO 16:25:13] my_main t_env: 110134 / 2050000
[INFO 16:25:13] my_main Estimated time left: 14 hours, 56 minutes, 44 seconds. Time passed: 55 minutes, 13 seconds
[INFO 16:27:16] my_main Updated target network
[INFO 16:29:16] my_main Updated target network
[INFO 16:29:51] my_main Recent Stats | t_env:     120106 | Episode:     5861
battle_won_mean:           0.0004	dead_allies_mean:          4.9736	dead_enemies_mean:         2.1808	div_coef:                3835.2607
div_loss:                 -0.0001	ep_length_mean:           20.9088	epsilon:                   0.0500	grad_norm:                 0.4170
loss:                     -0.1612	loss_td:                   0.0336	q_taken_mean:              0.6527	return_mean:               6.6426
return_std:                1.0871	target_mean:               0.6563	td_error_abs:              0.1330	test_battle_won_mean:      0.0000
test_dead_allies_mean:     4.9625	test_dead_enemies_mean:    2.4375	test_ep_length_mean:      21.9125	test_return_mean:          6.8844
test_return_std:           0.9242	
[INFO 16:29:52] my_main t_env: 120176 / 2050000
[INFO 16:29:52] my_main Estimated time left: 14 hours, 54 minutes, 30 seconds. Time passed: 59 minutes, 52 seconds
RequestQuit command received.
DataHandler: unable to parse websocket frame.
Closing Application...
CloseHandler: 127.0.0.1:44800 disconnected
ResponseThread: No connection, dropping the response.
[INFO 16:29:53] absl Shutdown gracefully.
[INFO 16:29:53] absl Shutdown with return code: -15
[INFO 16:29:53] absl Launching SC2: /labmount/users/202535331/MARL/pymarl-monotone-qmix/3rdparty/StarCraftII/Versions/Base75689/SC2_x64 -listen 127.0.0.1 -port 40903 -dataDir /labmount/users/202535331/MARL/pymarl-monotone-qmix/3rdparty/StarCraftII/ -tempDir /tmp/sc-_ihr0jd8/
[INFO 16:29:53] absl Connecting to: ws://127.0.0.1:40903/sc2api, attempt: 0, running: True
Version: B75689 (SC2.4.10)
Build: Aug 12 2019 17:16:57
Command Line: '"/labmount/users/202535331/MARL/pymarl-monotone-qmix/3rdparty/StarCraftII/Versions/Base75689/SC2_x64" -listen 127.0.0.1 -port 40903 -dataDir /labmount/users/202535331/MARL/pymarl-monotone-qmix/3rdparty/StarCraftII/ -tempDir /tmp/sc-_ihr0jd8/'
Starting up...
Startup Phase 1 complete
[INFO 16:29:54] absl Connecting to: ws://127.0.0.1:40903/sc2api, attempt: 1, running: True
Startup Phase 2 complete
Creating stub renderer...
Listening on: 127.0.0.1:40903
Startup Phase 3 complete. Ready for commands.
[INFO 16:29:55] absl Connecting to: ws://127.0.0.1:40903/sc2api, attempt: 2, running: True
ConnectHandler: Request from 127.0.0.1:34958 accepted
ReadyHandler: 127.0.0.1:34958 ready
Requesting to join a single player game
Configuring interface options
Configure: raw interface enabled
Configure: feature layer interface disabled
Configure: score interface disabled
Configure: render interface disabled
Launching next game.
Next launch phase started: 2
Next launch phase started: 3
Next launch phase started: 4
Next launch phase started: 5
Next launch phase started: 6
Next launch phase started: 7
Next launch phase started: 8
Game has started.
Using default stable ids, none found at: /labmount/users/202535331/MARL/pymarl-monotone-qmix/3rdparty/StarCraftII/stableid.json
Successfully loaded stable ids: GameData\stableid.json
Sending ResponseJoinGame
[INFO 16:31:31] my_main Updated target network
[INFO 16:33:33] my_main Updated target network
[INFO 16:35:01] my_main Recent Stats | t_env:     130119 | Episode:     6344
battle_won_mean:           0.0000	dead_allies_mean:          4.9644	dead_enemies_mean:         2.2050	div_coef:                3844.6872
div_loss:                 -0.0001	ep_length_mean:           21.4949	epsilon:                   0.0500	grad_norm:                 0.4619
loss:                     -0.1614	loss_td:                   0.0330	q_taken_mean:              0.6527	return_mean:               6.6908
return_std:                1.1108	target_mean:               0.6569	td_error_abs:              0.1323	test_battle_won_mean:      0.0000
test_dead_allies_mean:     4.9250	test_dead_enemies_mean:    2.5000	test_ep_length_mean:      22.3188	test_return_mean:          7.0783
test_return_std:           0.9778	
[INFO 16:35:03] my_main t_env: 130178 / 2050000
[INFO 16:35:03] my_main Estimated time left: 16 hours, 33 minutes, 41 seconds. Time passed: 1 hours, 5 minutes, 3 seconds
[INFO 16:35:44] my_main Updated target network
[INFO 16:37:45] my_main Updated target network
[INFO 16:39:43] my_main Updated target network
[INFO 16:40:11] my_main Recent Stats | t_env:     140132 | Episode:     6850
battle_won_mean:           0.0004	dead_allies_mean:          4.9668	dead_enemies_mean:         2.2854	div_coef:                3830.9094
div_loss:                 -0.0001	ep_length_mean:           21.2839	epsilon:                   0.0500	grad_norm:                 0.4435
loss:                     -0.1656	loss_td:                   0.0342	q_taken_mean:              0.6754	return_mean:               6.8678
return_std:                1.1276	target_mean:               0.6780	td_error_abs:              0.1338	test_battle_won_mean:      0.0000
test_dead_allies_mean:     4.9250	test_dead_enemies_mean:    2.5000	test_ep_length_mean:      22.3125	test_return_mean:          7.2028
test_return_std:           1.0400	
[INFO 16:40:13] my_main t_env: 140188 / 2050000
[INFO 16:40:13] my_main Estimated time left: 16 hours, 25 minutes, 58 seconds. Time passed: 1 hours, 10 minutes, 13 seconds
[INFO 16:41:51] my_main Updated target network
[INFO 16:43:54] my_main Updated target network
[INFO 16:45:36] my_main Recent Stats | t_env:     150137 | Episode:     7355
battle_won_mean:           0.0004	dead_allies_mean:          4.9684	dead_enemies_mean:         2.2618	div_coef:                3831.4557
div_loss:                 -0.0001	ep_length_mean:           21.2082	epsilon:                   0.0500	grad_norm:                 0.6000
loss:                     -0.1722	loss_td:                   0.0384	q_taken_mean:              0.7032	return_mean:               6.9656
return_std:                1.1470	target_mean:               0.7081	td_error_abs:              0.1420	test_battle_won_mean:      0.0000
test_dead_allies_mean:     4.9313	test_dead_enemies_mean:    2.3875	test_ep_length_mean:      21.4937	test_return_mean:          7.2241
test_return_std:           0.9846	
[INFO 16:45:38] my_main t_env: 150192 / 2050000
[INFO 16:45:38] my_main Estimated time left: 17 hours, 7 minutes, 45 seconds. Time passed: 1 hours, 15 minutes, 38 seconds
[INFO 16:46:10] my_main Updated target network
[INFO 16:48:10] my_main Updated target network
[INFO 16:50:07] my_main Updated target network
[INFO 16:50:29] my_main Recent Stats | t_env:     160139 | Episode:     7840
battle_won_mean:           0.0008	dead_allies_mean:          4.9713	dead_enemies_mean:         2.2765	div_coef:                3740.0677
div_loss:                 -0.0001	ep_length_mean:           21.0154	epsilon:                   0.0500	grad_norm:                 0.6490
loss:                     -0.1772	loss_td:                   0.0409	q_taken_mean:              0.7296	return_mean:               7.0726
return_std:                1.1886	target_mean:               0.7340	td_error_abs:              0.1468	test_battle_won_mean:      0.0000
test_dead_allies_mean:     4.9313	test_dead_enemies_mean:    2.4750	test_ep_length_mean:      21.8687	test_return_mean:          7.5302
test_return_std:           1.0263	
[INFO 16:50:32] my_main t_env: 160197 / 2050000
[INFO 16:50:32] my_main Estimated time left: 15 hours, 25 minutes, 43 seconds. Time passed: 1 hours, 20 minutes, 32 seconds
[INFO 16:52:14] my_main Updated target network
[INFO 16:54:12] my_main Updated target network
[INFO 16:55:33] my_main Recent Stats | t_env:     170150 | Episode:     8336
battle_won_mean:           0.0008	dead_allies_mean:          4.9844	dead_enemies_mean:         2.3063	div_coef:                3934.9407
div_loss:                 -0.0001	ep_length_mean:           20.6419	epsilon:                   0.0500	grad_norm:                 0.8346
loss:                     -0.1883	loss_td:                   0.0439	q_taken_mean:              0.7588	return_mean:               7.2035
return_std:                1.1708	target_mean:               0.7662	td_error_abs:              0.1529	test_battle_won_mean:      0.0000
test_dead_allies_mean:     4.9625	test_dead_enemies_mean:    2.5187	test_ep_length_mean:      20.5000	test_return_mean:          7.6917
test_return_std:           1.0471	
[INFO 16:55:34] my_main t_env: 170209 / 2050000
[INFO 16:55:34] my_main Estimated time left: 15 hours, 47 minutes, 19 seconds. Time passed: 1 hours, 25 minutes, 35 seconds
[INFO 16:56:15] my_main Updated target network
[INFO 16:58:14] my_main Updated target network
