/labmount/users/202535331/miniconda3/envs/pymarl/lib/python3.9/site-packages/sacred/dependencies.py:11: UserWarning: pkg_resources is deprecated as an API. See https://setuptools.pypa.io/en/latest/pkg_resources.html. The pkg_resources package is slated for removal as early as 2025-11-30. Refrain from using this package or pin to Setuptools<81.
  import pkg_resources
[DEBUG 22:59:10] git.cmd Popen(['git', 'version'], cwd=/labmount/users/202535331/MARL/pymarl-monotone-qmix, stdin=None, shell=False, universal_newlines=False)
[DEBUG 22:59:10] git.cmd Popen(['git', 'version'], cwd=/labmount/users/202535331/MARL/pymarl-monotone-qmix, stdin=None, shell=False, universal_newlines=False)
[DEBUG 22:59:10] git.util sys.platform='linux', git_executable='git'
[DEBUG 22:59:10] git.cmd Popen(['git', 'diff', '--cached', '--abbrev=40', '--full-index', '--raw'], cwd=/labmount/users/202535331/MARL/pymarl-monotone-qmix, stdin=None, shell=False, universal_newlines=False)
[DEBUG 22:59:10] git.cmd Popen(['git', 'diff', '--abbrev=40', '--full-index', '--raw'], cwd=/labmount/users/202535331/MARL/pymarl-monotone-qmix, stdin=None, shell=False, universal_newlines=False)
[DEBUG 22:59:10] git.cmd Popen(['git', 'cat-file', '--batch-check'], cwd=/labmount/users/202535331/MARL/pymarl-monotone-qmix, stdin=<valid stream>, shell=False, universal_newlines=False)
[DEBUG 22:59:11] git.util sys.platform='linux', git_executable='git'
[DEBUG 22:59:11] git.cmd Popen(['git', 'diff', '--cached', '--abbrev=40', '--full-index', '--raw'], cwd=/labmount/users/202535331/MARL/pymarl-monotone-qmix, stdin=None, shell=False, universal_newlines=False)
[DEBUG 22:59:11] git.cmd Popen(['git', 'diff', '--abbrev=40', '--full-index', '--raw'], cwd=/labmount/users/202535331/MARL/pymarl-monotone-qmix, stdin=None, shell=False, universal_newlines=False)
[DEBUG 22:59:11] git.cmd Popen(['git', 'cat-file', '--batch-check'], cwd=/labmount/users/202535331/MARL/pymarl-monotone-qmix, stdin=<valid stream>, shell=False, universal_newlines=False)
[DEBUG 22:59:11] git.util sys.platform='linux', git_executable='git'
[DEBUG 22:59:11] git.cmd Popen(['git', 'diff', '--cached', '--abbrev=40', '--full-index', '--raw'], cwd=/labmount/users/202535331/MARL/pymarl-monotone-qmix, stdin=None, shell=False, universal_newlines=False)
[DEBUG 22:59:11] git.cmd Popen(['git', 'diff', '--abbrev=40', '--full-index', '--raw'], cwd=/labmount/users/202535331/MARL/pymarl-monotone-qmix, stdin=None, shell=False, universal_newlines=False)
[DEBUG 22:59:11] git.cmd Popen(['git', 'cat-file', '--batch-check'], cwd=/labmount/users/202535331/MARL/pymarl-monotone-qmix, stdin=<valid stream>, shell=False, universal_newlines=False)
[INFO 22:59:11] root Saving to FileStorageObserver in /labmount/users/202535331/MARL/pymarl-monotone-qmix/results/sacred/cw_qmix.
[DEBUG 22:59:12] pymarl Using capture mode "fd"
[INFO 22:59:12] pymarl Running command 'my_main'
[INFO 22:59:12] pymarl Started run with ID "4"
[DEBUG 22:59:12] pymarl Starting Heartbeat
[DEBUG 22:59:12] my_main Started
[INFO 22:59:12] my_main Experiment Parameters:
[INFO 22:59:12] my_main 

{   'action_selector': 'epsilon_greedy',
    'agent': 'rnn',
    'agent_output_type': 'q',
    'batch_size': 32,
    'batch_size_run': 1,
    'buffer_cpu_only': True,
    'buffer_size': 5000,
    'central_action_embed': 1,
    'central_agent': 'central_rnn',
    'central_loss': 1,
    'central_mac': 'basic_central_mac',
    'central_mixing_embed_dim': 256,
    'central_rnn_hidden_dim': 64,
    'checkpoint_path': '',
    'critic_lr': 0.0005,
    'double_q': True,
    'env': 'sc2',
    'env_args': {   'continuing_episode': False,
                    'debug': False,
                    'difficulty': '7',
                    'game_version': None,
                    'heuristic_ai': False,
                    'heuristic_rest': False,
                    'map_name': '5m_vs_6m',
                    'move_amount': 2,
                    'obs_all_health': True,
                    'obs_instead_of_state': False,
                    'obs_last_action': False,
                    'obs_own_health': True,
                    'obs_pathing_grid': False,
                    'obs_terrain_height': False,
                    'obs_timestep_number': False,
                    'replay_dir': '',
                    'replay_prefix': '',
                    'reward_death_value': 10,
                    'reward_defeat': 0,
                    'reward_negative_scale': 0.5,
                    'reward_only_positive': True,
                    'reward_scale': True,
                    'reward_scale_rate': 20,
                    'reward_sparse': False,
                    'reward_win': 200,
                    'seed': 41,
                    'state_last_action': True,
                    'state_timestep_number': False,
                    'step_mul': 8},
    'epsilon_anneal_time': 50000,
    'epsilon_finish': 0.05,
    'epsilon_start': 1.0,
    'evaluate': False,
    'gamma': 0.99,
    'grad_norm_clip': 10,
    'hypernet_embed': 64,
    'hypernet_layers': 2,
    'hysteretic_qmix': False,
    'label': 'default_label',
    'learner': 'wqmix_learner',
    'learner_log_interval': 10000,
    'load_step': 0,
    'local_results_path': 'results',
    'log_interval': 10000,
    'lr': 0.0005,
    'mac': 'basic_mac',
    'mixer': 'qmix',
    'mixing_embed_dim': 32,
    'name': 'cw_qmix_5m_vs_6m_seed41',
    'obs_agent_id': True,
    'obs_last_action': True,
    'optim_alpha': 0.99,
    'optim_eps': 1e-05,
    'qmix_loss': 1,
    'repeat_id': 1,
    'rnn_hidden_dim': 64,
    'runner': 'episode',
    'runner_log_interval': 10000,
    'save_model': True,
    'save_model_interval': 2000000,
    'save_replay': False,
    'seed': 41,
    't_max': 2050000,
    'target_update_interval': 200,
    'test_greedy': True,
    'test_interval': 10000,
    'test_nepisode': 32,
    'use_cuda': True,
    'use_tensorboard': True,
    'w': 0.1}

[INFO 22:59:15] my_main Beginning training for 2050000 timesteps
[DEBUG 22:59:15] pymarl Stopping Heartbeat
[ERROR 22:59:15] pymarl Failed after 0:00:03!
Traceback (most recent calls WITHOUT Sacred internals):
  File "/labmount/users/202535331/MARL/pymarl-monotone-qmix/src/main.py", line 36, in my_main
    run(_run, config, _log)
  File "/labmount/users/202535331/MARL/pymarl-monotone-qmix/src/run.py", line 48, in run
    run_sequential(args=args, logger=logger)
  File "/labmount/users/202535331/MARL/pymarl-monotone-qmix/src/run.py", line 166, in run_sequential
    episode_batch = runner.run(test_mode=False)
  File "/labmount/users/202535331/MARL/pymarl-monotone-qmix/src/runners/episode_runner.py", line 49, in run
    self.reset()
  File "/labmount/users/202535331/MARL/pymarl-monotone-qmix/src/runners/episode_runner.py", line 45, in reset
    self.env.reset()
  File "/labmount/users/202535331/miniconda3/envs/pymarl/lib/python3.9/site-packages/smac/env/starcraft2/starcraft2.py", line 403, in reset
    self._launch()
  File "/labmount/users/202535331/miniconda3/envs/pymarl/lib/python3.9/site-packages/smac/env/starcraft2/starcraft2.py", line 318, in _launch
    self._run_config = run_configs.get(version=self.game_version)
  File "/labmount/users/202535331/miniconda3/envs/pymarl/lib/python3.9/site-packages/pysc2/run_configs/__init__.py", line 36, in get
    return max(configs.values(), key=lambda c: c.priority())(version=version)
  File "/labmount/users/202535331/miniconda3/envs/pymarl/lib/python3.9/site-packages/pysc2/run_configs/platforms.py", line 175, in __init__
    super(Linux, self).__init__(base_dir, "SC2_x64", version=version, env=env)
  File "/labmount/users/202535331/miniconda3/envs/pymarl/lib/python3.9/site-packages/pysc2/run_configs/platforms.py", line 57, in __init__
    super(LocalBase, self).__init__(
  File "/labmount/users/202535331/miniconda3/envs/pymarl/lib/python3.9/site-packages/pysc2/run_configs/lib.py", line 128, in __init__
    self.version = self._get_version(version)
  File "/labmount/users/202535331/miniconda3/envs/pymarl/lib/python3.9/site-packages/pysc2/run_configs/lib.py", line 236, in _get_version
    versions = self.get_versions(containing=game_version)
  File "/labmount/users/202535331/miniconda3/envs/pymarl/lib/python3.9/site-packages/pysc2/run_configs/platforms.py", line 90, in get_versions
    for v in os.listdir(versions_dir)
FileNotFoundError: [Errno 2] No such file or directory: '/home/aizoo/data/workspace/wxr/3rdparty/StarCraftII/Versions'

