/labmount/users/202535331/miniconda3/envs/pymarl/lib/python3.9/site-packages/sacred/dependencies.py:11: UserWarning: pkg_resources is deprecated as an API. See https://setuptools.pypa.io/en/latest/pkg_resources.html. The pkg_resources package is slated for removal as early as 2025-11-30. Refrain from using this package or pin to Setuptools<81.
  import pkg_resources
[DEBUG 12:43:14] git.cmd Popen(['git', 'version'], cwd=/labmount/users/202535331/MARL/pymarl-monotone-qmix, stdin=None, shell=False, universal_newlines=False)
[DEBUG 12:43:14] git.cmd Popen(['git', 'version'], cwd=/labmount/users/202535331/MARL/pymarl-monotone-qmix, stdin=None, shell=False, universal_newlines=False)
[DEBUG 12:43:14] git.util sys.platform='linux', git_executable='git'
[DEBUG 12:43:14] git.cmd Popen(['git', 'diff', '--cached', '--abbrev=40', '--full-index', '--raw'], cwd=/labmount/users/202535331/MARL/pymarl-monotone-qmix, stdin=None, shell=False, universal_newlines=False)
[DEBUG 12:43:14] git.cmd Popen(['git', 'diff', '--abbrev=40', '--full-index', '--raw'], cwd=/labmount/users/202535331/MARL/pymarl-monotone-qmix, stdin=None, shell=False, universal_newlines=False)
[DEBUG 12:43:15] git.cmd Popen(['git', 'cat-file', '--batch-check'], cwd=/labmount/users/202535331/MARL/pymarl-monotone-qmix, stdin=<valid stream>, shell=False, universal_newlines=False)
[DEBUG 12:43:15] git.util sys.platform='linux', git_executable='git'
[DEBUG 12:43:15] git.cmd Popen(['git', 'diff', '--cached', '--abbrev=40', '--full-index', '--raw'], cwd=/labmount/users/202535331/MARL/pymarl-monotone-qmix, stdin=None, shell=False, universal_newlines=False)
[DEBUG 12:43:15] git.cmd Popen(['git', 'diff', '--abbrev=40', '--full-index', '--raw'], cwd=/labmount/users/202535331/MARL/pymarl-monotone-qmix, stdin=None, shell=False, universal_newlines=False)
[DEBUG 12:43:15] git.cmd Popen(['git', 'cat-file', '--batch-check'], cwd=/labmount/users/202535331/MARL/pymarl-monotone-qmix, stdin=<valid stream>, shell=False, universal_newlines=False)
[DEBUG 12:43:15] git.util sys.platform='linux', git_executable='git'
[DEBUG 12:43:15] git.cmd Popen(['git', 'diff', '--cached', '--abbrev=40', '--full-index', '--raw'], cwd=/labmount/users/202535331/MARL/pymarl-monotone-qmix, stdin=None, shell=False, universal_newlines=False)
[DEBUG 12:43:15] git.cmd Popen(['git', 'diff', '--abbrev=40', '--full-index', '--raw'], cwd=/labmount/users/202535331/MARL/pymarl-monotone-qmix, stdin=None, shell=False, universal_newlines=False)
[DEBUG 12:43:15] git.cmd Popen(['git', 'cat-file', '--batch-check'], cwd=/labmount/users/202535331/MARL/pymarl-monotone-qmix, stdin=<valid stream>, shell=False, universal_newlines=False)
[INFO 12:43:15] root Saving to FileStorageObserver in /labmount/users/202535331/MARL/pymarl-monotone-qmix/results/sacred/s2q.
[DEBUG 12:43:16] pymarl Using capture mode "fd"
[INFO 12:43:16] pymarl Running command 'my_main'
[INFO 12:43:16] pymarl Started run with ID "33"
[DEBUG 12:43:16] pymarl Starting Heartbeat
[DEBUG 12:43:16] my_main Started
[INFO 12:43:16] my_main Experiment Parameters:
[INFO 12:43:16] my_main 

{   'action_selector': 's2q_epsilon_greedy',
    'agent': 's2q_rnn',
    'agent_output_type': 'q',
    'batch_size': 32,
    'batch_size_run': 1,
    'buffer_cpu_only': True,
    'buffer_size': 5000,
    'central_action_embed': 1,
    'central_mixing_embed_dim': 32,
    'checkpoint_path': '',
    'common_reward': True,
    'critic_lr': 0.0005,
    'double_q': True,
    'env': 'sc2',
    'env_args': {   'continuing_episode': False,
                    'debug': False,
                    'difficulty': '7',
                    'game_version': None,
                    'heuristic_ai': False,
                    'heuristic_rest': False,
                    'map_name': '3s_vs_5z',
                    'move_amount': 2,
                    'obs_all_health': True,
                    'obs_instead_of_state': False,
                    'obs_last_action': False,
                    'obs_own_health': True,
                    'obs_pathing_grid': False,
                    'obs_terrain_height': False,
                    'obs_timestep_number': False,
                    'replay_dir': '',
                    'replay_prefix': '',
                    'reward_death_value': 10,
                    'reward_defeat': 0,
                    'reward_negative_scale': 0.5,
                    'reward_only_positive': True,
                    'reward_scale': True,
                    'reward_scale_rate': 20,
                    'reward_sparse': False,
                    'reward_win': 200,
                    'seed': 1,
                    'state_last_action': True,
                    'state_timestep_number': False,
                    'step_mul': 8},
    'epsilon_anneal_time': 50000,
    'epsilon_finish': 0.05,
    'epsilon_start': 1.0,
    'evaluate': False,
    'evaluation_epsilon': 0.0,
    'gamma': 0.99,
    'grad_norm_clip': 10,
    'hypernet_embed': 64,
    'hypernet_layers': 2,
    'label': 'default_label',
    'learner': 's2q_learner',
    'learner_log_interval': 10000,
    'load_step': 0,
    'local_results_path': 'results',
    'log_interval': 10000,
    'lr': 0.0005,
    'mac': 's2q_mac',
    'mixer': 'qmix',
    'mixing_embed_dim': 32,
    'name': 's2q_smacv1_3s_vs_5z_seed1',
    'obs_agent_id': True,
    'obs_last_action': True,
    'optim_alpha': 0.99,
    'optim_eps': 1e-05,
    'optimizer': 'rmsprop',
    'repeat_id': 1,
    'rnn_hidden_dim': 16,
    'runner': 'episode',
    'runner_log_interval': 10000,
    's2q_central_hidden_dim': 16,
    's2q_central_use_agent_id': True,
    's2q_central_use_last_action': True,
    's2q_encoder_hidden_dim': 16,
    's2q_hidden_dim': 16,
    's2q_hypernet_embed': 32,
    's2q_k': 2,
    's2q_latent_dim': 8,
    's2q_mixing_embed_dim': 16,
    's2q_temperature': 0.1,
    'save_model': False,
    'save_model_interval': 2000000,
    'save_replay': False,
    'seed': 1,
    't_max': 2050000,
    'target_update_interval': 200,
    'test_greedy': True,
    'test_interval': 10000,
    'test_nepisode': 32,
    'use_cuda': True,
    'use_tensorboard': False,
    'w_c': 0.9}

[DEBUG 12:43:16] pymarl Stopping Heartbeat
[WARNING 12:43:16] pymarl Aborted after 0:00:01!
Traceback (most recent call last):
  File "/labmount/users/202535331/MARL/pymarl-monotone-qmix/src/main.py", line 102, in <module>
    ex.run_commandline(params)
  File "/labmount/users/202535331/miniconda3/envs/pymarl/lib/python3.9/site-packages/sacred/experiment.py", line 313, in run_commandline
    return self.run(
  File "/labmount/users/202535331/miniconda3/envs/pymarl/lib/python3.9/site-packages/sacred/experiment.py", line 277, in run
    run()
  File "/labmount/users/202535331/miniconda3/envs/pymarl/lib/python3.9/site-packages/sacred/run.py", line 238, in __call__
    self.result = self.main_function(*args)
  File "/labmount/users/202535331/miniconda3/envs/pymarl/lib/python3.9/site-packages/sacred/config/captured_function.py", line 42, in captured_function
    result = wrapped(*args, **kwargs)
  File "/labmount/users/202535331/MARL/pymarl-monotone-qmix/src/main.py", line 36, in my_main
    run(_run, config, _log)
  File "/labmount/users/202535331/MARL/pymarl-monotone-qmix/src/run.py", line 48, in run
    run_sequential(args=args, logger=logger)
  File "/labmount/users/202535331/MARL/pymarl-monotone-qmix/src/run.py", line 103, in run_sequential
    buffer = ReplayBuffer(scheme, groups, args.buffer_size, env_info["episode_limit"] + 1,
  File "/labmount/users/202535331/MARL/pymarl-monotone-qmix/src/components/episode_buffer.py", line 237, in __init__
    super(ReplayBuffer, self).__init__(scheme, groups, buffer_size, max_seq_length, preprocess=preprocess, device=device)
  File "/labmount/users/202535331/MARL/pymarl-monotone-qmix/src/components/episode_buffer.py", line 28, in __init__
    self._setup_data(self.scheme, self.groups, batch_size, max_seq_length, self.preprocess)
  File "/labmount/users/202535331/MARL/pymarl-monotone-qmix/src/components/episode_buffer.py", line 75, in _setup_data
    self.data.transition_data[field_key] = th.zeros((batch_size, max_seq_length, *shape), dtype=dtype, device=self.device)
KeyboardInterrupt
