/labmount/users/202535331/miniconda3/envs/pymarl/lib/python3.9/site-packages/sacred/dependencies.py:11: UserWarning: pkg_resources is deprecated as an API. See https://setuptools.pypa.io/en/latest/pkg_resources.html. The pkg_resources package is slated for removal as early as 2025-11-30. Refrain from using this package or pin to Setuptools<81.
  import pkg_resources
[DEBUG 11:29:20] git.cmd Popen(['git', 'version'], cwd=/labmount/users/202535331/MARL/pymarl-monotone-qmix, stdin=None, shell=False, universal_newlines=False)
[DEBUG 11:29:20] git.cmd Popen(['git', 'version'], cwd=/labmount/users/202535331/MARL/pymarl-monotone-qmix, stdin=None, shell=False, universal_newlines=False)
[DEBUG 11:29:20] git.util sys.platform='linux', git_executable='git'
[DEBUG 11:29:20] git.cmd Popen(['git', 'diff', '--cached', '--abbrev=40', '--full-index', '--raw'], cwd=/labmount/users/202535331/MARL/pymarl-monotone-qmix, stdin=None, shell=False, universal_newlines=False)
[DEBUG 11:29:20] git.cmd Popen(['git', 'cat-file', '--batch-check'], cwd=/labmount/users/202535331/MARL/pymarl-monotone-qmix, stdin=<valid stream>, shell=False, universal_newlines=False)
[DEBUG 11:29:21] git.util sys.platform='linux', git_executable='git'
[DEBUG 11:29:21] git.cmd Popen(['git', 'diff', '--cached', '--abbrev=40', '--full-index', '--raw'], cwd=/labmount/users/202535331/MARL/pymarl-monotone-qmix, stdin=None, shell=False, universal_newlines=False)
[DEBUG 11:29:21] git.cmd Popen(['git', 'cat-file', '--batch-check'], cwd=/labmount/users/202535331/MARL/pymarl-monotone-qmix, stdin=<valid stream>, shell=False, universal_newlines=False)
[DEBUG 11:29:21] git.util sys.platform='linux', git_executable='git'
[DEBUG 11:29:21] git.cmd Popen(['git', 'diff', '--cached', '--abbrev=40', '--full-index', '--raw'], cwd=/labmount/users/202535331/MARL/pymarl-monotone-qmix, stdin=None, shell=False, universal_newlines=False)
[DEBUG 11:29:21] git.cmd Popen(['git', 'cat-file', '--batch-check'], cwd=/labmount/users/202535331/MARL/pymarl-monotone-qmix, stdin=<valid stream>, shell=False, universal_newlines=False)
[INFO 11:29:21] root Saving to FileStorageObserver in /labmount/users/202535331/MARL/pymarl-monotone-qmix/results/sacred/ices_pmix_kan.
[DEBUG 11:29:21] pymarl Using capture mode "fd"
[INFO 11:29:21] pymarl Running command 'my_main'
[INFO 11:29:21] pymarl Started run with ID "20"
[DEBUG 11:29:21] pymarl Starting Heartbeat
[DEBUG 11:29:21] my_main Started
[INFO 11:29:21] my_main Experiment Parameters:
[INFO 11:29:21] my_main 

{   'action_selector': 'epsilon_expl',
    'agent': 'kaleidoscope_rnn_1r3',
    'agent_output_type': 'q',
    'batch_size': 24,
    'batch_size_run': 1,
    'buffer_cpu_only': True,
    'buffer_size': 5000,
    'checkpoint_path': '',
    'critic_lr': 0.0005,
    'double_q': True,
    'env': 'sc2',
    'env_args': {   'continuing_episode': False,
                    'debug': False,
                    'difficulty': '7',
                    'game_version': None,
                    'heuristic_ai': False,
                    'heuristic_rest': False,
                    'map_name': 'bane_vs_bane',
                    'move_amount': 2,
                    'obs_all_health': True,
                    'obs_instead_of_state': False,
                    'obs_last_action': False,
                    'obs_own_health': True,
                    'obs_pathing_grid': False,
                    'obs_terrain_height': False,
                    'obs_timestep_number': False,
                    'replay_dir': '',
                    'replay_prefix': '',
                    'reward_death_value': 10,
                    'reward_defeat': 0,
                    'reward_negative_scale': 0.5,
                    'reward_only_positive': True,
                    'reward_scale': True,
                    'reward_scale_rate': 20,
                    'reward_sparse': False,
                    'reward_win': 200,
                    'seed': 141,
                    'state_last_action': True,
                    'state_timestep_number': False,
                    'step_mul': 8},
    'epsilon_anneal_time': 50000,
    'epsilon_finish': 0.05,
    'epsilon_start': 1.0,
    'evaluate': False,
    'gamma': 0.99,
    'grad_norm_clip': 10,
    'ices_int_critic_lr': 0.001,
    'ices_int_entropy_coef': 0.1,
    'ices_int_finish': 0.1,
    'ices_int_lr': 0.01,
    'ices_int_ratio': 0.1,
    'ices_intrinsic_agent': 'rnn',
    'ices_intrinsic_hidden_dim': 64,
    'ices_world_hidden_dim': 64,
    'ices_world_lr': 0.0001,
    'kaleidoscope_args': {   'deque_len': 100,
                             'div_coef': 5.0,
                             'reset_interval': 1000000,
                             'reset_ratio': 0.2,
                             'sparsity_layer_weights': [   1.0,
                                                           2.0,
                                                           4.0,
                                                           8.0],
                             'threshold_init_bias': 5.0,
                             'threshold_init_scale': 5.0,
                             'threshold_reset_bias': 5.0,
                             'threshold_reset_scale': 5.0},
    'label': 'default_label',
    'learner': 'ices_q_learner',
    'learner_log_interval': 10000,
    'load_step': 0,
    'local_results_path': 'results',
    'log_interval': 10000,
    'lr': 0.0005,
    'mac': 'ices_mac',
    'mixer': 'kaleidoscope_pmix_kan',
    'monokan_grid': 7,
    'monokan_grid_by_map': {   '1c3s5z': 7,
                               '27m_vs_30m': 7,
                               '2c_vs_64zg': 7,
                               '2s3z': 7,
                               '3s5z': 7,
                               '3s_vs_5z': 7,
                               '5m_vs_6m': 7,
                               'MMM2': 7,
                               'bane_vs_bane': 7},
    'monokan_grid_max': 1.0,
    'monokan_grid_min': -1.0,
    'monokan_hidden_dim': 32,
    'monokan_min_increment': 0.0001,
    'monokan_noise_scale': 0.02,
    'monokan_q_temperature': 1.0,
    'monokan_state_activation': 'silu',
    'monokan_state_embed_dim': 32,
    'monokan_state_embed_dim_by_map': {   '1c3s5z': 32,
                                          '27m_vs_30m': 64,
                                          '2c_vs_64zg': 64,
                                          '2s3z': 32,
                                          '3s5z': 32,
                                          '3s_vs_5z': 32,
                                          '5m_vs_6m': 32,
                                          'MMM2': 32,
                                          'bane_vs_bane': 64},
    'monokan_state_encoder_depth': 1,
    'monokan_state_value_activation': 'relu',
    'monokan_state_value_dim': 32,
    'name': 'ices_pmix_kan_bane_vs_bane_seed141',
    'obs_agent_id': True,
    'obs_last_action': True,
    'optim_alpha': 0.99,
    'optim_eps': 1e-05,
    'optimizer': 'rmsprop',
    'repeat_id': 1,
    'rnn_hidden_dim': 64,
    'runner': 'episode',
    'runner_log_interval': 10000,
    'save_model': True,
    'save_model_interval': 2000000,
    'save_replay': False,
    'seed': 141,
    't_max': 2050000,
    'target_update_interval': 200,
    'test_greedy': True,
    'test_interval': 10000,
    'test_nepisode': 32,
    'use_cuda': True,
    'use_tensorboard': True}

[INFO 11:29:40] my_main Beginning training for 2050000 timesteps
[INFO 11:29:40] absl Launching SC2: /labmount/users/202535331/MARL/pymarl-monotone-qmix/3rdparty/StarCraftII/Versions/Base75689/SC2_x64 -listen 127.0.0.1 -port 40931 -dataDir /labmount/users/202535331/MARL/pymarl-monotone-qmix/3rdparty/StarCraftII/ -tempDir /tmp/sc-3wlk1z5u/
[INFO 11:29:41] absl Connecting to: ws://127.0.0.1:40931/sc2api, attempt: 0, running: True
Version: B75689 (SC2.4.10)
Build: Aug 12 2019 17:16:57
Command Line: '"/labmount/users/202535331/MARL/pymarl-monotone-qmix/3rdparty/StarCraftII/Versions/Base75689/SC2_x64" -listen 127.0.0.1 -port 40931 -dataDir /labmount/users/202535331/MARL/pymarl-monotone-qmix/3rdparty/StarCraftII/ -tempDir /tmp/sc-3wlk1z5u/'
Starting up...
Startup Phase 1 complete
[INFO 11:29:42] absl Connecting to: ws://127.0.0.1:40931/sc2api, attempt: 1, running: True
Startup Phase 2 complete
Creating stub renderer...
Listening on: 127.0.0.1:40931
Startup Phase 3 complete. Ready for commands.
[INFO 11:29:43] absl Connecting to: ws://127.0.0.1:40931/sc2api, attempt: 2, running: True
ConnectHandler: Request from 127.0.0.1:33930 accepted
ReadyHandler: 127.0.0.1:33930 ready
Requesting to join a single player game
Configuring interface options
Configure: raw interface enabled
Configure: feature layer interface disabled
Configure: score interface disabled
Configure: render interface disabled
Launching next game.
Next launch phase started: 2
Next launch phase started: 3
Next launch phase started: 4
Next launch phase started: 5
Next launch phase started: 6
Next launch phase started: 7
Next launch phase started: 8
Game has started.
Using default stable ids, none found at: /labmount/users/202535331/MARL/pymarl-monotone-qmix/3rdparty/StarCraftII/stableid.json
Successfully loaded stable ids: GameData\stableid.json
Sending ResponseJoinGame
[INFO 11:29:48] my_main t_env: 18 / 2050000
[INFO 11:29:48] my_main Estimated time left: 29 minutes, 4 seconds. Time passed: 8 seconds
[INFO 11:30:32] my_main Saving models to results/models/ices_pmix_kan_bane_vs_bane_seed141__2026-10-04_11-29-21/18
[INFO 11:34:07] my_main Updated target network
[INFO 11:38:13] my_main Updated target network
[INFO 11:38:18] my_main Recent Stats | t_env:      10005 | Episode:      405
battle_won_mean:           1.0000	dead_allies_mean:         23.0000	dead_enemies_mean:        24.0000	div_coef:                333849.7396
div_loss:                 -0.0001	ep_length_mean:           18.0000	epsilon:                   1.0000	grad_norm:                 5.8903
ices_int_critic_grad_norm:  0.1125	ices_int_critic_loss:      0.0018	ices_int_grad_norm:        0.0028	ices_int_loss:            -0.1011
ices_intrinsic_reward_mean:  0.0096	ices_world_grad_norm:      0.0337	ices_world_loss:           0.0350	loss:                    -22.9880
loss_td:                   5.7470	q_taken_mean:             -0.0097	return_mean:              20.0260	return_std:                0.0000
target_mean:               0.0298	td_error_abs:              0.9475	test_battle_won_mean:      0.1562	test_dead_allies_mean:    17.7188
test_dead_enemies_mean:   14.8125	test_ep_length_mean:     141.8438	test_return_mean:         10.9423	test_return_std:           6.7695

[INFO 11:38:20] my_main t_env: 10046 / 2050000
[INFO 11:38:20] my_main Estimated time left: 1 days, 4 hours, 53 minutes, 32 seconds. Time passed: 8 minutes, 39 seconds
[INFO 11:43:11] my_main Updated target network
[INFO 11:47:14] my_main Updated target network
[INFO 11:47:56] my_main Recent Stats | t_env:      20013 | Episode:      843
battle_won_mean:           0.9037	dead_allies_mean:         22.3358	dead_enemies_mean:        23.8975	div_coef:                258799.3681
div_loss:                 -0.0001	ep_length_mean:           21.3802	epsilon:                   0.8099	grad_norm:                 5.7979
ices_int_critic_grad_norm:  0.0658	ices_int_critic_loss:      0.0010	ices_int_grad_norm:        0.0019	ices_int_loss:            -0.1264
ices_intrinsic_reward_mean:  0.0362	ices_world_grad_norm:      1.1633	ices_world_loss:          -1.6666	loss:                    -14.2240
loss_td:                   3.6612	q_taken_mean:              0.0557	return_mean:              19.6775	return_std:                0.7741
target_mean:               0.0806	td_error_abs:              0.8717	test_battle_won_mean:      0.2812	test_dead_allies_mean:    19.0000
test_dead_enemies_mean:   17.0938	test_ep_length_mean:     123.6875	test_return_mean:         12.9782	test_return_std:           6.2617

[INFO 11:47:59] my_main t_env: 20056 / 2050000
[INFO 11:47:59] my_main Estimated time left: 1 days, 8 hours, 38 minutes, 59 seconds. Time passed: 18 minutes, 19 seconds
[INFO 11:51:19] my_main Updated target network
[INFO 11:55:20] my_main Updated target network
[INFO 11:58:33] my_main Recent Stats | t_env:      30015 | Episode:     1361
battle_won_mean:           0.8313	dead_allies_mean:         22.2860	dead_enemies_mean:        23.7756	div_coef:                214666.9339
div_loss:                 -0.0001	ep_length_mean:           21.8368	epsilon:                   0.6192	grad_norm:                 5.2852
ices_int_critic_grad_norm:  0.0482	ices_int_critic_loss:      0.0007	ices_int_grad_norm:        0.0014	ices_int_loss:            -0.1378
ices_intrinsic_reward_mean:  0.0409	ices_world_grad_norm:      1.9240	ices_world_loss:          -2.2167	loss:                    -10.4742
loss_td:                   2.7564	q_taken_mean:              0.1337	return_mean:              19.3721	return_std:                1.1829
target_mean:               0.1488	td_error_abs:              0.8089	test_battle_won_mean:      0.2917	test_dead_allies_mean:    20.0729
test_dead_enemies_mean:   18.6562	test_ep_length_mean:      94.1146	test_return_mean:         14.0931	test_return_std:           5.1823

[INFO 11:58:37] my_main t_env: 30072 / 2050000
[INFO 11:58:37] my_main Estimated time left: 1 days, 11 hours, 41 minutes, 59 seconds. Time passed: 28 minutes, 56 seconds
[INFO 11:59:45] my_main Updated target network
